<?xml version="1.0" encoding="UTF-8"?>
<testsuites name="jest tests" tests="1994" failures="0" errors="0" time="41.445">
  <testsuite name="Notification Store - Cleanup Performance (PERF-005)" errors="0" failures="0" skipped="0" timestamp="2025-12-20T07:15:57" time="11.309" tests="13">
    <testcase classname="Notification Store - Cleanup Performance (PERF-005) Cleanup eviction behavior should remove oldest notifications when exceeding limit on load" name="Notification Store - Cleanup Performance (PERF-005) Cleanup eviction behavior should remove oldest notifications when exceeding limit on load" time="1.013">
    </testcase>
    <testcase classname="Notification Store - Cleanup Performance (PERF-005) Cleanup eviction behavior should correctly evict with small excess (&lt; 10%)" name="Notification Store - Cleanup Performance (PERF-005) Cleanup eviction behavior should correctly evict with small excess (&lt; 10%)" time="1.007">
    </testcase>
    <testcase classname="Notification Store - Cleanup Performance (PERF-005) Cleanup eviction behavior should correctly evict with large excess (&gt;= 10%)" name="Notification Store - Cleanup Performance (PERF-005) Cleanup eviction behavior should correctly evict with large excess (&gt;= 10%)" time="1.01">
    </testcase>
    <testcase classname="Notification Store - Cleanup Performance (PERF-005) Cleanup eviction behavior should handle exactly at limit correctly" name="Notification Store - Cleanup Performance (PERF-005) Cleanup eviction behavior should handle exactly at limit correctly" time="0.003">
    </testcase>
    <testcase classname="Notification Store - Cleanup Performance (PERF-005) Cleanup eviction behavior should remove expired notifications before checking size limit" name="Notification Store - Cleanup Performance (PERF-005) Cleanup eviction behavior should remove expired notifications before checking size limit" time="1.013">
    </testcase>
    <testcase classname="Notification Store - Cleanup Performance (PERF-005) Cleanup eviction behavior should handle single notification over limit" name="Notification Store - Cleanup Performance (PERF-005) Cleanup eviction behavior should handle single notification over limit" time="1.006">
    </testcase>
    <testcase classname="Notification Store - Cleanup Performance (PERF-005) Cleanup eviction behavior should maintain correct order when evicting" name="Notification Store - Cleanup Performance (PERF-005) Cleanup eviction behavior should maintain correct order when evicting" time="1.008">
    </testcase>
    <testcase classname="Notification Store - Cleanup Performance (PERF-005) Cleanup eviction behavior should call cleanup explicitly and remove excess" name="Notification Store - Cleanup Performance (PERF-005) Cleanup eviction behavior should call cleanup explicitly and remove excess" time="1.008">
    </testcase>
    <testcase classname="Notification Store - Cleanup Performance (PERF-005) Performance characteristics should complete cleanup logic quickly" name="Notification Store - Cleanup Performance (PERF-005) Performance characteristics should complete cleanup logic quickly" time="1.005">
    </testcase>
    <testcase classname="Notification Store - Cleanup Performance (PERF-005) Performance characteristics should not create unnecessary intermediate arrays" name="Notification Store - Cleanup Performance (PERF-005) Performance characteristics should not create unnecessary intermediate arrays" time="1.006">
    </testcase>
    <testcase classname="Notification Store - Cleanup Performance (PERF-005) Performance characteristics PERF-005 micro-benchmark: cleanup with 1000 items completes in &lt;10ms" name="Notification Store - Cleanup Performance (PERF-005) Performance characteristics PERF-005 micro-benchmark: cleanup with 1000 items completes in &lt;10ms" time="1.011">
    </testcase>
    <testcase classname="Notification Store - Cleanup Performance (PERF-005) Edge cases should handle empty notifications" name="Notification Store - Cleanup Performance (PERF-005) Edge cases should handle empty notifications" time="0.001">
    </testcase>
    <testcase classname="Notification Store - Cleanup Performance (PERF-005) Edge cases should handle notifications with identical timestamps" name="Notification Store - Cleanup Performance (PERF-005) Edge cases should handle notifications with identical timestamps" time="1.006">
    </testcase>
  </testsuite>
  <testsuite name="PERF-001: Notification cleanup optimization" errors="0" failures="0" skipped="0" timestamp="2025-12-20T07:15:57" time="11.335" tests="13">
    <testcase classname="PERF-001: Notification cleanup optimization Correctness: Linear scan (excess &lt;= 10) should keep newest notifications when excess = 5" name="PERF-001: Notification cleanup optimization Correctness: Linear scan (excess &lt;= 10) should keep newest notifications when excess = 5" time="1.015">
    </testcase>
    <testcase classname="PERF-001: Notification cleanup optimization Correctness: Linear scan (excess &lt;= 10) should keep newest notifications when excess = 10" name="PERF-001: Notification cleanup optimization Correctness: Linear scan (excess &lt;= 10) should keep newest notifications when excess = 10" time="1.012">
    </testcase>
    <testcase classname="PERF-001: Notification cleanup optimization Correctness: Min-heap (excess &gt; 10) should keep newest notifications when excess = 11 (min-heap threshold)" name="PERF-001: Notification cleanup optimization Correctness: Min-heap (excess &gt; 10) should keep newest notifications when excess = 11 (min-heap threshold)" time="1.01">
    </testcase>
    <testcase classname="PERF-001: Notification cleanup optimization Correctness: Min-heap (excess &gt; 10) should keep newest notifications when excess = 50" name="PERF-001: Notification cleanup optimization Correctness: Min-heap (excess &gt; 10) should keep newest notifications when excess = 50" time="1.012">
    </testcase>
    <testcase classname="PERF-001: Notification cleanup optimization Correctness: Min-heap (excess &gt; 10) should keep newest notifications when excess = 200" name="PERF-001: Notification cleanup optimization Correctness: Min-heap (excess &gt; 10) should keep newest notifications when excess = 200" time="1.008">
    </testcase>
    <testcase classname="PERF-001: Notification cleanup optimization Performance: Benchmark cleanup speed benchmark: 1000 notifications with 5 excess should complete &lt; 5ms" name="PERF-001: Notification cleanup optimization Performance: Benchmark cleanup speed benchmark: 1000 notifications with 5 excess should complete &lt; 5ms" time="1.015">
    </testcase>
    <testcase classname="PERF-001: Notification cleanup optimization Performance: Benchmark cleanup speed benchmark: 1000 notifications with 50 excess should complete &lt; 5ms" name="PERF-001: Notification cleanup optimization Performance: Benchmark cleanup speed benchmark: 1000 notifications with 50 excess should complete &lt; 5ms" time="1.007">
    </testcase>
    <testcase classname="PERF-001: Notification cleanup optimization Performance: Benchmark cleanup speed benchmark: 1000 notifications with 200 excess should complete &lt; 10ms" name="PERF-001: Notification cleanup optimization Performance: Benchmark cleanup speed benchmark: 1000 notifications with 200 excess should complete &lt; 10ms" time="1.01">
    </testcase>
    <testcase classname="PERF-001: Notification cleanup optimization Performance: Benchmark cleanup speed benchmark: 2000 notifications with 1000 excess should complete &lt; 20ms" name="PERF-001: Notification cleanup optimization Performance: Benchmark cleanup speed benchmark: 2000 notifications with 1000 excess should complete &lt; 20ms" time="1.015">
    </testcase>
    <testcase classname="PERF-001: Notification cleanup optimization Edge cases should handle excess = 1 correctly" name="PERF-001: Notification cleanup optimization Edge cases should handle excess = 1 correctly" time="1.011">
    </testcase>
    <testcase classname="PERF-001: Notification cleanup optimization Edge cases should handle no excess (exactly at limit)" name="PERF-001: Notification cleanup optimization Edge cases should handle no excess (exactly at limit)" time="0.006">
    </testcase>
    <testcase classname="PERF-001: Notification cleanup optimization Edge cases should handle below limit" name="PERF-001: Notification cleanup optimization Edge cases should handle below limit" time="0.003">
    </testcase>
    <testcase classname="PERF-001: Notification cleanup optimization TTL expiration should remove expired notifications regardless of count" name="PERF-001: Notification cleanup optimization TTL expiration should remove expired notifications regardless of count" time="1.004">
    </testcase>
  </testsuite>
  <testsuite name="Retry-After Header Tests" errors="0" failures="0" skipped="0" timestamp="2025-12-20T07:16:09" time="6.301" tests="12">
    <testcase classname="Retry-After Header Tests API Rate Limiter should include Retry-After header in 429 response" name="Retry-After Header Tests API Rate Limiter should include Retry-After header in 429 response" time="0.02">
    </testcase>
    <testcase classname="Retry-After Header Tests API Rate Limiter should have consistent retryAfter values in header and body" name="Retry-After Header Tests API Rate Limiter should have consistent retryAfter values in header and body" time="0.006">
    </testcase>
    <testcase classname="Retry-After Header Tests API Rate Limiter should return numeric seconds, not HTTP date" name="Retry-After Header Tests API Rate Limiter should return numeric seconds, not HTTP date" time="0.004">
    </testcase>
    <testcase classname="Retry-After Header Tests API Rate Limiter should have reasonable retry time (&lt; window duration)" name="Retry-After Header Tests API Rate Limiter should have reasonable retry time (&lt; window duration)" time="0.003">
    </testcase>
    <testcase classname="Retry-After Header Tests Notification Rate Limiter should include Retry-After header for notification endpoints" name="Retry-After Header Tests Notification Rate Limiter should include Retry-After header for notification endpoints" time="0.007">
    </testcase>
    <testcase classname="Retry-After Header Tests Health Check Rate Limiter should include Retry-After header for health endpoints" name="Retry-After Header Tests Health Check Rate Limiter should include Retry-After header for health endpoints" time="0.005">
    </testcase>
    <testcase classname="Retry-After Header Tests Paste Image Rate Limiter should include Retry-After header for paste endpoints" name="Retry-After Header Tests Paste Image Rate Limiter should include Retry-After header for paste endpoints" time="0.004">
    </testcase>
    <testcase classname="Retry-After Header Tests Cache Clear Rate Limiter should include Retry-After header for cache clear endpoint" name="Retry-After Header Tests Cache Clear Rate Limiter should include Retry-After header for cache clear endpoint" time="0.002">
    </testcase>
    <testcase classname="Retry-After Header Tests Client Retry Behavior Simulation should allow request after waiting for Retry-After duration" name="Retry-After Header Tests Client Retry Behavior Simulation should allow request after waiting for Retry-After duration" time="6.007">
    </testcase>
    <testcase classname="Retry-After Header Tests Standard Headers Compatibility should include both RateLimit-* and Retry-After headers" name="Retry-After Header Tests Standard Headers Compatibility should include both RateLimit-* and Retry-After headers" time="0.007">
    </testcase>
    <testcase classname="Retry-After Header Tests Error Response Schema Validation should have complete error response schema" name="Retry-After Header Tests Error Response Schema Validation should have complete error response schema" time="0.006">
    </testcase>
    <testcase classname="Retry-After Header Tests Error Response Schema Validation should provide actionable error message" name="Retry-After Header Tests Error Response Schema Validation should provide actionable error message" time="0.004">
    </testcase>
  </testsuite>
  <testsuite name="SSE Cleanup Integration Tests" errors="0" failures="0" skipped="0" timestamp="2025-12-20T07:16:09" time="11.042" tests="24">
    <testcase classname="SSE Cleanup Integration Tests Normal connection and cleanup should increment counters when client connects" name="SSE Cleanup Integration Tests Normal connection and cleanup should increment counters when client connects" time="0.325">
    </testcase>
    <testcase classname="SSE Cleanup Integration Tests Normal connection and cleanup should decrement counters when client disconnects" name="SSE Cleanup Integration Tests Normal connection and cleanup should decrement counters when client disconnects" time="0.466">
    </testcase>
    <testcase classname="SSE Cleanup Integration Tests Normal connection and cleanup should send connected event on connection" name="SSE Cleanup Integration Tests Normal connection and cleanup should send connected event on connection" time="0.309">
    </testcase>
    <testcase classname="SSE Cleanup Integration Tests Premature disconnect scenarios should handle client disconnect before connection fully established" name="SSE Cleanup Integration Tests Premature disconnect scenarios should handle client disconnect before connection fully established" time="0.361">
    </testcase>
    <testcase classname="SSE Cleanup Integration Tests Premature disconnect scenarios should handle multiple rapid connect/disconnect cycles" name="SSE Cleanup Integration Tests Premature disconnect scenarios should handle multiple rapid connect/disconnect cycles" time="0.471">
    </testcase>
    <testcase classname="SSE Cleanup Integration Tests Premature disconnect scenarios should handle connection destroyed during event processing" name="SSE Cleanup Integration Tests Premature disconnect scenarios should handle connection destroyed during event processing" time="0.464">
    </testcase>
    <testcase classname="SSE Cleanup Integration Tests Rapid connect/disconnect stress test should handle 50 rapid connect/disconnect cycles without leaking connections" name="SSE Cleanup Integration Tests Rapid connect/disconnect stress test should handle 50 rapid connect/disconnect cycles without leaking connections" time="0.82">
    </testcase>
    <testcase classname="SSE Cleanup Integration Tests Rapid connect/disconnect stress test should handle concurrent rapid connect/disconnect cycles" name="SSE Cleanup Integration Tests Rapid connect/disconnect stress test should handle concurrent rapid connect/disconnect cycles" time="0.521">
    </testcase>
    <testcase classname="SSE Cleanup Integration Tests Connection limit enforcement should enforce per-IP connection limit" name="SSE Cleanup Integration Tests Connection limit enforcement should enforce per-IP connection limit" time="0.324">
    </testcase>
    <testcase classname="SSE Cleanup Integration Tests Connection limit enforcement should correctly track global connection limit (tested via per-IP)" name="SSE Cleanup Integration Tests Connection limit enforcement should correctly track global connection limit (tested via per-IP)" time="0.315">
    </testcase>
    <testcase classname="SSE Cleanup Integration Tests Connection limit enforcement should allow new connections after others disconnect" name="SSE Cleanup Integration Tests Connection limit enforcement should allow new connections after others disconnect" time="0.57">
    </testcase>
    <testcase classname="SSE Cleanup Integration Tests Counter invariants should never allow globalConnections to go negative" name="SSE Cleanup Integration Tests Counter invariants should never allow globalConnections to go negative" time="0.464">
    </testcase>
    <testcase classname="SSE Cleanup Integration Tests Counter invariants should handle cleanup when counter is already zero" name="SSE Cleanup Integration Tests Counter invariants should handle cleanup when counter is already zero" time="0.363">
    </testcase>
    <testcase classname="SSE Cleanup Integration Tests Counter invariants should maintain accurate per-IP counts across multiple connections" name="SSE Cleanup Integration Tests Counter invariants should maintain accurate per-IP counts across multiple connections" time="0.622">
    </testcase>
    <testcase classname="SSE Cleanup Integration Tests Cleanup robustness should cleanup keepalive interval on disconnect" name="SSE Cleanup Integration Tests Cleanup robustness should cleanup keepalive interval on disconnect" time="0.463">
    </testcase>
    <testcase classname="SSE Cleanup Integration Tests Cleanup robustness should cleanup notification subscription on disconnect" name="SSE Cleanup Integration Tests Cleanup robustness should cleanup notification subscription on disconnect" time="0.463">
    </testcase>
    <testcase classname="SSE Cleanup Integration Tests Cleanup robustness should remove IP from map when last connection closes" name="SSE Cleanup Integration Tests Cleanup robustness should remove IP from map when last connection closes" time="0.464">
    </testcase>
    <testcase classname="SSE Cleanup Integration Tests Cleanup robustness should maintain IP in map when multiple connections from same IP" name="SSE Cleanup Integration Tests Cleanup robustness should maintain IP in map when multiple connections from same IP" time="0.622">
    </testcase>
    <testcase classname="SSE Cleanup Integration Tests Concurrent operations should handle concurrent connections and disconnections" name="SSE Cleanup Integration Tests Concurrent operations should handle concurrent connections and disconnections" time="0.578">
    </testcase>
    <testcase classname="SSE Cleanup Integration Tests Concurrent operations should handle notification events during cleanup" name="SSE Cleanup Integration Tests Concurrent operations should handle notification events during cleanup" time="0.462">
    </testcase>
    <testcase classname="SSE Cleanup Integration Tests Concurrent operations should maintain consistency under concurrency within per-IP limits" name="SSE Cleanup Integration Tests Concurrent operations should maintain consistency under concurrency within per-IP limits" time="0.621">
    </testcase>
    <testcase classname="SSE Cleanup Integration Tests Edge case scenarios should handle connection close before subscription is created" name="SSE Cleanup Integration Tests Edge case scenarios should handle connection close before subscription is created" time="0.362">
    </testcase>
    <testcase classname="SSE Cleanup Integration Tests Edge case scenarios should handle invalid folder path gracefully" name="SSE Cleanup Integration Tests Edge case scenarios should handle invalid folder path gracefully" time="0.209">
    </testcase>
    <testcase classname="SSE Cleanup Integration Tests Edge case scenarios should handle missing folder parameter" name="SSE Cleanup Integration Tests Edge case scenarios should handle missing folder parameter" time="0.211">
    </testcase>
  </testsuite>
  <testsuite name="Notification Store - Save Race Condition Fix" errors="0" failures="0" skipped="0" timestamp="2025-12-20T07:16:15" time="5.851" tests="6">
    <testcase classname="Notification Store - Save Race Condition Fix save() returns a Promise should return a Promise that resolves when save completes" name="Notification Store - Save Race Condition Fix save() returns a Promise should return a Promise that resolves when save completes" time="1.005">
    </testcase>
    <testcase classname="Notification Store - Save Race Condition Fix save() returns a Promise should resolve multiple save() calls with the same promise during debounce window" name="Notification Store - Save Race Condition Fix save() returns a Promise should resolve multiple save() calls with the same promise during debounce window" time="1.004">
    </testcase>
    <testcase classname="Notification Store - Save Race Condition Fix save() returns a Promise should properly debounce saves - last call wins" name="Notification Store - Save Race Condition Fix save() returns a Promise should properly debounce saves - last call wins" time="1.208">
    </testcase>
    <testcase classname="Notification Store - Save Race Condition Fix save() returns a Promise should handle cleanup() which awaits save()" name="Notification Store - Save Race Condition Fix save() returns a Promise should handle cleanup() which awaits save()" time="1.006">
    </testcase>
    <testcase classname="Notification Store - Save Race Condition Fix saveImmediate() with pending saves should resolve pending save promises when saveImmediate() is called" name="Notification Store - Save Race Condition Fix saveImmediate() with pending saves should resolve pending save promises when saveImmediate() is called" time="0.002">
    </testcase>
    <testcase classname="Notification Store - Save Race Condition Fix Backward compatibility should not break existing callers that dont await save()" name="Notification Store - Save Race Condition Fix Backward compatibility should not break existing callers that dont await save()" time="1.504">
    </testcase>
  </testsuite>
  <testsuite name="SSE Race Condition Tests (QUA-007)" errors="0" failures="0" skipped="0" timestamp="2025-12-20T07:16:20" time="5.766" tests="12">
    <testcase classname="SSE Race Condition Tests (QUA-007) Immediate close race conditions should handle connection close immediately after establishment" name="SSE Race Condition Tests (QUA-007) Immediate close race conditions should handle connection close immediately after establishment" time="0.356">
    </testcase>
    <testcase classname="SSE Race Condition Tests (QUA-007) Immediate close race conditions should handle 10 rapid immediate-close cycles without leaks" name="SSE Race Condition Tests (QUA-007) Immediate close race conditions should handle 10 rapid immediate-close cycles without leaks" time="0.52">
    </testcase>
    <testcase classname="SSE Race Condition Tests (QUA-007) Immediate close race conditions should handle close during connection setup phase" name="SSE Race Condition Tests (QUA-007) Immediate close race conditions should handle close during connection setup phase" time="0.358">
    </testcase>
    <testcase classname="SSE Race Condition Tests (QUA-007) Cleanup idempotency should handle multiple close events on same connection" name="SSE Race Condition Tests (QUA-007) Cleanup idempotency should handle multiple close events on same connection" time="0.458">
    </testcase>
    <testcase classname="SSE Race Condition Tests (QUA-007) Cleanup idempotency should prevent resource cleanup if already cleaned" name="SSE Race Condition Tests (QUA-007) Cleanup idempotency should prevent resource cleanup if already cleaned" time="0.514">
    </testcase>
    <testcase classname="SSE Race Condition Tests (QUA-007) Resource leak prevention should not leak keepalive intervals on immediate close" name="SSE Race Condition Tests (QUA-007) Resource leak prevention should not leak keepalive intervals on immediate close" time="0.354">
    </testcase>
    <testcase classname="SSE Race Condition Tests (QUA-007) Resource leak prevention should not leak notification subscriptions on immediate close" name="SSE Race Condition Tests (QUA-007) Resource leak prevention should not leak notification subscriptions on immediate close" time="0.357">
    </testcase>
    <testcase classname="SSE Race Condition Tests (QUA-007) Resource leak prevention should handle 50 rapid connections without resource leaks" name="SSE Race Condition Tests (QUA-007) Resource leak prevention should handle 50 rapid connections without resource leaks" time="0.739">
    </testcase>
    <testcase classname="SSE Race Condition Tests (QUA-007) Counter integrity under race conditions should never allow negative connection counts" name="SSE Race Condition Tests (QUA-007) Counter integrity under race conditions should never allow negative connection counts" time="0.414">
    </testcase>
    <testcase classname="SSE Race Condition Tests (QUA-007) Counter integrity under race conditions should maintain accurate counts during concurrent connect/close" name="SSE Race Condition Tests (QUA-007) Counter integrity under race conditions should maintain accurate counts during concurrent connect/close" time="0.514">
    </testcase>
    <testcase classname="SSE Race Condition Tests (QUA-007) Normal operation still works should still work correctly for normal connection lifecycle" name="SSE Race Condition Tests (QUA-007) Normal operation still works should still work correctly for normal connection lifecycle" time="0.457">
    </testcase>
    <testcase classname="SSE Race Condition Tests (QUA-007) Normal operation still works should handle notification events during connection" name="SSE Race Condition Tests (QUA-007) Normal operation still works should handle notification events during connection" time="0.561">
    </testcase>
  </testsuite>
  <testsuite name="registry-cache" errors="0" failures="0" skipped="0" timestamp="2025-12-20T07:16:21" time="5.285" tests="43">
    <testcase classname="registry-cache getRegistry() - Cache Hit/Miss Scenarios should return registry data on first call (cache miss)" name="registry-cache getRegistry() - Cache Hit/Miss Scenarios should return registry data on first call (cache miss)" time="0.001">
    </testcase>
    <testcase classname="registry-cache getRegistry() - Cache Hit/Miss Scenarios should return cached data on second call within TTL (cache hit)" name="registry-cache getRegistry() - Cache Hit/Miss Scenarios should return cached data on second call within TTL (cache hit)" time="0">
    </testcase>
    <testcase classname="registry-cache getRegistry() - Cache Hit/Miss Scenarios should track multiple cache hits correctly" name="registry-cache getRegistry() - Cache Hit/Miss Scenarios should track multiple cache hits correctly" time="0.001">
    </testcase>
    <testcase classname="registry-cache getRegistry() - Cache Hit/Miss Scenarios should flatten development projects correctly" name="registry-cache getRegistry() - Cache Hit/Miss Scenarios should flatten development projects correctly" time="0">
    </testcase>
    <testcase classname="registry-cache getRegistry() - Cache Hit/Miss Scenarios should flatten production projects with type=prod" name="registry-cache getRegistry() - Cache Hit/Miss Scenarios should flatten production projects with type=prod" time="0.001">
    </testcase>
    <testcase classname="registry-cache getRegistry() - Cache Hit/Miss Scenarios should handle array format registry [metadata, projects]" name="registry-cache getRegistry() - Cache Hit/Miss Scenarios should handle array format registry [metadata, projects]" time="0">
    </testcase>
    <testcase classname="registry-cache getRegistry() - Cache Hit/Miss Scenarios should handle legacy nested projects structure" name="registry-cache getRegistry() - Cache Hit/Miss Scenarios should handle legacy nested projects structure" time="0">
    </testcase>
    <testcase classname="registry-cache TTL Expiration should reload registry after TTL expires (cache miss)" name="registry-cache TTL Expiration should reload registry after TTL expires (cache miss)" time="1.105">
    </testcase>
    <testcase classname="registry-cache TTL Expiration should return cached data within TTL even with file changes" name="registry-cache TTL Expiration should return cached data within TTL even with file changes" time="0.001">
    </testcase>
    <testcase classname="registry-cache TTL Expiration should show correct cache age in stats" name="registry-cache TTL Expiration should show correct cache age in stats" time="0.102">
    </testcase>
    <testcase classname="registry-cache File Watch Invalidation should handle file changes gracefully" name="registry-cache File Watch Invalidation should handle file changes gracefully" time="0.604">
    </testcase>
    <testcase classname="registry-cache File Watch Invalidation should support manual invalidation after file changes" name="registry-cache File Watch Invalidation should support manual invalidation after file changes" time="0.001">
    </testcase>
    <testcase classname="registry-cache invalidateCache() - Manual Invalidation should manually invalidate cache" name="registry-cache invalidateCache() - Manual Invalidation should manually invalidate cache" time="0">
    </testcase>
    <testcase classname="registry-cache invalidateCache() - Manual Invalidation should reload from disk after manual invalidation" name="registry-cache invalidateCache() - Manual Invalidation should reload from disk after manual invalidation" time="0.002">
    </testcase>
    <testcase classname="registry-cache invalidateCache() - Manual Invalidation should increment invalidation counter" name="registry-cache invalidateCache() - Manual Invalidation should increment invalidation counter" time="0">
    </testcase>
    <testcase classname="registry-cache getCacheStats() - Statistics should return correct initial stats" name="registry-cache getCacheStats() - Statistics should return correct initial stats" time="0.001">
    </testcase>
    <testcase classname="registry-cache getCacheStats() - Statistics should calculate hit rate correctly" name="registry-cache getCacheStats() - Statistics should calculate hit rate correctly" time="0.001">
    </testcase>
    <testcase classname="registry-cache getCacheStats() - Statistics should show N/A hit rate with no requests" name="registry-cache getCacheStats() - Statistics should show N/A hit rate with no requests" time="0.001">
    </testcase>
    <testcase classname="registry-cache getCacheStats() - Statistics should show cache status correctly" name="registry-cache getCacheStats() - Statistics should show cache status correctly" time="0.001">
    </testcase>
    <testcase classname="registry-cache getCacheStats() - Statistics should track all counters independently" name="registry-cache getCacheStats() - Statistics should track all counters independently" time="0.001">
    </testcase>
    <testcase classname="registry-cache resetStats() - Statistics Reset should reset all statistics" name="registry-cache resetStats() - Statistics Reset should reset all statistics" time="0">
    </testcase>
    <testcase classname="registry-cache resetStats() - Statistics Reset should not affect cache data when resetting stats" name="registry-cache resetStats() - Statistics Reset should not affect cache data when resetting stats" time="0.001">
    </testcase>
    <testcase classname="registry-cache Graceful Degradation - Error Handling should return stale cache on read error" name="registry-cache Graceful Degradation - Error Handling should return stale cache on read error" time="1.104">
    </testcase>
    <testcase classname="registry-cache Graceful Degradation - Error Handling should return empty registry if no cache and read fails" name="registry-cache Graceful Degradation - Error Handling should return empty registry if no cache and read fails" time="0.002">
    </testcase>
    <testcase classname="registry-cache Graceful Degradation - Error Handling should handle corrupted JSON gracefully" name="registry-cache Graceful Degradation - Error Handling should handle corrupted JSON gracefully" time="0.001">
    </testcase>
    <testcase classname="registry-cache Graceful Degradation - Error Handling should handle missing registry file gracefully on startup" name="registry-cache Graceful Degradation - Error Handling should handle missing registry file gracefully on startup" time="0.001">
    </testcase>
    <testcase classname="registry-cache Graceful Degradation - Error Handling should continue using stale cache for multiple errors" name="registry-cache Graceful Degradation - Error Handling should continue using stale cache for multiple errors" time="1.102">
    </testcase>
    <testcase classname="registry-cache Thread Safety &amp; Single Cache Instance should handle concurrent calls efficiently" name="registry-cache Thread Safety &amp; Single Cache Instance should handle concurrent calls efficiently" time="0.003">
    </testcase>
    <testcase classname="registry-cache Thread Safety &amp; Single Cache Instance should handle concurrent reads during TTL expiration" name="registry-cache Thread Safety &amp; Single Cache Instance should handle concurrent reads during TTL expiration" time="1.102">
    </testcase>
    <testcase classname="registry-cache closeWatcher() - Cleanup should close file watcher" name="registry-cache closeWatcher() - Cleanup should close file watcher" time="0.001">
    </testcase>
    <testcase classname="registry-cache closeWatcher() - Cleanup should handle multiple close calls" name="registry-cache closeWatcher() - Cleanup should handle multiple close calls" time="0.001">
    </testcase>
    <testcase classname="registry-cache Edge Cases should handle empty registry arrays" name="registry-cache Edge Cases should handle empty registry arrays" time="0.001">
    </testcase>
    <testcase classname="registry-cache Edge Cases should handle null/undefined arrays in registry" name="registry-cache Edge Cases should handle null/undefined arrays in registry" time="0.001">
    </testcase>
    <testcase classname="registry-cache Edge Cases should handle projects without name field" name="registry-cache Edge Cases should handle projects without name field" time="0">
    </testcase>
    <testcase classname="registry-cache Edge Cases should handle projects without path field" name="registry-cache Edge Cases should handle projects without path field" time="0.001">
    </testcase>
    <testcase classname="registry-cache Edge Cases should handle duplicate projects (last one wins)" name="registry-cache Edge Cases should handle duplicate projects (last one wins)" time="0.001">
    </testcase>
    <testcase classname="registry-cache Edge Cases should preserve original registry format" name="registry-cache Edge Cases should preserve original registry format" time="0">
    </testcase>
    <testcase classname="registry-cache Edge Cases should handle very large registry efficiently" name="registry-cache Edge Cases should handle very large registry efficiently" time="0.012">
    </testcase>
    <testcase classname="registry-cache Polling Fallback Mode should report invalidation mode in stats" name="registry-cache Polling Fallback Mode should report invalidation mode in stats" time="0.001">
    </testcase>
    <testcase classname="registry-cache Polling Fallback Mode should include invalidation mode in cache stats" name="registry-cache Polling Fallback Mode should include invalidation mode in cache stats" time="0.001">
    </testcase>
    <testcase classname="registry-cache Integration - Real-World Scenarios should handle typical usage pattern: load, cache, invalidate, reload" name="registry-cache Integration - Real-World Scenarios should handle typical usage pattern: load, cache, invalidate, reload" time="0.001">
    </testcase>
    <testcase classname="registry-cache Integration - Real-World Scenarios should handle mixed format registries in production" name="registry-cache Integration - Real-World Scenarios should handle mixed format registries in production" time="0.001">
    </testcase>
    <testcase classname="registry-cache Integration - Real-World Scenarios should maintain cache during high frequency reads" name="registry-cache Integration - Real-World Scenarios should maintain cache during high frequency reads" time="0">
    </testcase>
  </testsuite>
  <testsuite name="Notification Store - Race Condition Protection" errors="0" failures="0" skipped="0" timestamp="2025-12-20T07:16:25" time="3.193" tests="5">
    <testcase classname="Notification Store - Race Condition Protection Concurrent cleanup protection should prevent concurrent cleanup operations with mutex" name="Notification Store - Race Condition Protection Concurrent cleanup protection should prevent concurrent cleanup operations with mutex" time="0.008">
    </testcase>
    <testcase classname="Notification Store - Race Condition Protection Concurrent cleanup protection should handle concurrent cleanup during notification creation" name="Notification Store - Race Condition Protection Concurrent cleanup protection should handle concurrent cleanup during notification creation" time="0.003">
    </testcase>
    <testcase classname="Notification Store - Race Condition Protection Concurrent cleanup protection should complete cleanup quickly even with multiple waiting calls" name="Notification Store - Race Condition Protection Concurrent cleanup protection should complete cleanup quickly even with multiple waiting calls" time="1.006">
    </testcase>
    <testcase classname="Notification Store - Race Condition Protection Concurrent cleanup protection should not corrupt state with rapid concurrent operations" name="Notification Store - Race Condition Protection Concurrent cleanup protection should not corrupt state with rapid concurrent operations" time="0.032">
    </testcase>
    <testcase classname="Notification Store - Race Condition Protection Cleanup algorithm simplification should use same algorithm for small and large excess" name="Notification Store - Race Condition Protection Cleanup algorithm simplification should use same algorithm for small and large excess" time="2.022">
    </testcase>
  </testsuite>
  <testsuite name="FaviconService - File Operation Error Handling" errors="0" failures="0" skipped="0" timestamp="2025-12-20T07:16:26" time="2.797" tests="22">
    <testcase classname="FaviconService - File Operation Error Handling readFileWithErrorHandling - ENOENT (File Not Found) should return null and log debug message for ENOENT" name="FaviconService - File Operation Error Handling readFileWithErrorHandling - ENOENT (File Not Found) should return null and log debug message for ENOENT" time="0.001">
    </testcase>
    <testcase classname="FaviconService - File Operation Error Handling readFileWithErrorHandling - ENOENT (File Not Found) should handle race condition gracefully in getFavicon" name="FaviconService - File Operation Error Handling readFileWithErrorHandling - ENOENT (File Not Found) should handle race condition gracefully in getFavicon" time="0">
    </testcase>
    <testcase classname="FaviconService - File Operation Error Handling readFileWithErrorHandling - EACCES/EPERM (Permission Denied) should throw PermissionError and log warning for EACCES" name="FaviconService - File Operation Error Handling readFileWithErrorHandling - EACCES/EPERM (Permission Denied) should throw PermissionError and log warning for EACCES" time="0.007">
    </testcase>
    <testcase classname="FaviconService - File Operation Error Handling readFileWithErrorHandling - EACCES/EPERM (Permission Denied) should throw PermissionError and log warning for EPERM" name="FaviconService - File Operation Error Handling readFileWithErrorHandling - EACCES/EPERM (Permission Denied) should throw PermissionError and log warning for EPERM" time="0">
    </testcase>
    <testcase classname="FaviconService - File Operation Error Handling readFileWithErrorHandling - EACCES/EPERM (Permission Denied) should propagate permission error in getFavicon" name="FaviconService - File Operation Error Handling readFileWithErrorHandling - EACCES/EPERM (Permission Denied) should propagate permission error in getFavicon" time="0">
    </testcase>
    <testcase classname="FaviconService - File Operation Error Handling readFileWithErrorHandling - EMFILE/ENFILE (Too Many Open Files) should retry on EMFILE with exponential backoff" name="FaviconService - File Operation Error Handling readFileWithErrorHandling - EMFILE/ENFILE (Too Many Open Files) should retry on EMFILE with exponential backoff" time="0.306">
    </testcase>
    <testcase classname="FaviconService - File Operation Error Handling readFileWithErrorHandling - EMFILE/ENFILE (Too Many Open Files) should return null after max retries for EMFILE" name="FaviconService - File Operation Error Handling readFileWithErrorHandling - EMFILE/ENFILE (Too Many Open Files) should return null after max retries for EMFILE" time="0.706">
    </testcase>
    <testcase classname="FaviconService - File Operation Error Handling readFileWithErrorHandling - EMFILE/ENFILE (Too Many Open Files) should handle ENFILE with same retry logic" name="FaviconService - File Operation Error Handling readFileWithErrorHandling - EMFILE/ENFILE (Too Many Open Files) should handle ENFILE with same retry logic" time="0.101">
    </testcase>
    <testcase classname="FaviconService - File Operation Error Handling readFileWithErrorHandling - EIO (I/O Error) should return null and log error for EIO" name="FaviconService - File Operation Error Handling readFileWithErrorHandling - EIO (I/O Error) should return null and log error for EIO" time="0">
    </testcase>
    <testcase classname="FaviconService - File Operation Error Handling readFileWithErrorHandling - EISDIR/ENOTDIR (Path Errors) should return null and log warning for EISDIR" name="FaviconService - File Operation Error Handling readFileWithErrorHandling - EISDIR/ENOTDIR (Path Errors) should return null and log warning for EISDIR" time="0.001">
    </testcase>
    <testcase classname="FaviconService - File Operation Error Handling readFileWithErrorHandling - EISDIR/ENOTDIR (Path Errors) should return null and log warning for ENOTDIR" name="FaviconService - File Operation Error Handling readFileWithErrorHandling - EISDIR/ENOTDIR (Path Errors) should return null and log warning for ENOTDIR" time="0">
    </testcase>
    <testcase classname="FaviconService - File Operation Error Handling readFileWithErrorHandling - EBUSY (File Busy) should retry on EBUSY" name="FaviconService - File Operation Error Handling readFileWithErrorHandling - EBUSY (File Busy) should retry on EBUSY" time="0.103">
    </testcase>
    <testcase classname="FaviconService - File Operation Error Handling readFileWithErrorHandling - EBUSY (File Busy) should return null after max retries for EBUSY" name="FaviconService - File Operation Error Handling readFileWithErrorHandling - EBUSY (File Busy) should return null after max retries for EBUSY" time="0.706">
    </testcase>
    <testcase classname="FaviconService - File Operation Error Handling readFileWithErrorHandling - Unknown Errors should return null and log error for unknown error codes" name="FaviconService - File Operation Error Handling readFileWithErrorHandling - Unknown Errors should return null and log error for unknown error codes" time="0">
    </testcase>
    <testcase classname="FaviconService - File Operation Error Handling readFileWithErrorHandling - Unknown Errors should handle error without code property" name="FaviconService - File Operation Error Handling readFileWithErrorHandling - Unknown Errors should handle error without code property" time="0.002">
    </testcase>
    <testcase classname="FaviconService - File Operation Error Handling Integration - getFavicon with Error Handling should successfully read file when no errors occur" name="FaviconService - File Operation Error Handling Integration - getFavicon with Error Handling should successfully read file when no errors occur" time="0">
    </testcase>
    <testcase classname="FaviconService - File Operation Error Handling Integration - getFavicon with Error Handling should fall back to SVG generation on any file read error" name="FaviconService - File Operation Error Handling Integration - getFavicon with Error Handling should fall back to SVG generation on any file read error" time="0.001">
    </testcase>
    <testcase classname="FaviconService - File Operation Error Handling Integration - getFavicon with Error Handling should not attempt file read when no favicon file found" name="FaviconService - File Operation Error Handling Integration - getFavicon with Error Handling should not attempt file read when no favicon file found" time="0.001">
    </testcase>
    <testcase classname="FaviconService - File Operation Error Handling Logging Levels should use debug level for ENOENT (race condition)" name="FaviconService - File Operation Error Handling Logging Levels should use debug level for ENOENT (race condition)" time="0">
    </testcase>
    <testcase classname="FaviconService - File Operation Error Handling Logging Levels should use warn level for permission errors and throw PermissionError" name="FaviconService - File Operation Error Handling Logging Levels should use warn level for permission errors and throw PermissionError" time="0.001">
    </testcase>
    <testcase classname="FaviconService - File Operation Error Handling Logging Levels should use error level for I/O errors" name="FaviconService - File Operation Error Handling Logging Levels should use error level for I/O errors" time="0.001">
    </testcase>
    <testcase classname="FaviconService - File Operation Error Handling Logging Levels should use debug for retries, warn for exhaustion, and error for final failure" name="FaviconService - File Operation Error Handling Logging Levels should use debug for retries, warn for exhaustion, and error for final failure" time="0.704">
    </testcase>
  </testsuite>
  <testsuite name="SEC-002: Admin API Key Hash Validation" errors="0" failures="0" skipped="0" timestamp="2025-12-20T07:16:29" time="2.038" tests="24">
    <testcase classname="SEC-002: Admin API Key Hash Validation Production Environment - Hash Format Validation should ACCEPT valid bcrypt hash ($2a$ format) in production" name="SEC-002: Admin API Key Hash Validation Production Environment - Hash Format Validation should ACCEPT valid bcrypt hash ($2a$ format) in production" time="0.057">
    </testcase>
    <testcase classname="SEC-002: Admin API Key Hash Validation Production Environment - Hash Format Validation should ACCEPT valid bcrypt hash ($2b$ format) in production" name="SEC-002: Admin API Key Hash Validation Production Environment - Hash Format Validation should ACCEPT valid bcrypt hash ($2b$ format) in production" time="0.052">
    </testcase>
    <testcase classname="SEC-002: Admin API Key Hash Validation Production Environment - Hash Format Validation should REJECT plain text API key as hash in production" name="SEC-002: Admin API Key Hash Validation Production Environment - Hash Format Validation should REJECT plain text API key as hash in production" time="0.053">
    </testcase>
    <testcase classname="SEC-002: Admin API Key Hash Validation Production Environment - Hash Format Validation should REJECT invalid hash format in production" name="SEC-002: Admin API Key Hash Validation Production Environment - Hash Format Validation should REJECT invalid hash format in production" time="0.053">
    </testcase>
    <testcase classname="SEC-002: Admin API Key Hash Validation Production Environment - Hash Format Validation should REJECT hash with wrong prefix in production" name="SEC-002: Admin API Key Hash Validation Production Environment - Hash Format Validation should REJECT hash with wrong prefix in production" time="0.053">
    </testcase>
    <testcase classname="SEC-002: Admin API Key Hash Validation Production Environment - Hash Format Validation should allow production to start without API key hash (IP-based auth only)" name="SEC-002: Admin API Key Hash Validation Production Environment - Hash Format Validation should allow production to start without API key hash (IP-based auth only)" time="0.051">
    </testcase>
    <testcase classname="SEC-002: Admin API Key Hash Validation Development Environment - Hash Validation should ACCEPT valid bcrypt hash in development" name="SEC-002: Admin API Key Hash Validation Development Environment - Hash Validation should ACCEPT valid bcrypt hash in development" time="0.1">
    </testcase>
    <testcase classname="SEC-002: Admin API Key Hash Validation Development Environment - Hash Validation should REJECT invalid hash in development" name="SEC-002: Admin API Key Hash Validation Development Environment - Hash Validation should REJECT invalid hash in development" time="0.357">
    </testcase>
    <testcase classname="SEC-002: Admin API Key Hash Validation Development Environment - Hash Validation should allow development without API key hash" name="SEC-002: Admin API Key Hash Validation Development Environment - Hash Validation should allow development without API key hash" time="0.101">
    </testcase>
    <testcase classname="SEC-002: Admin API Key Hash Validation Test Environment - Hash Validation should ACCEPT valid bcrypt hash in test environment" name="SEC-002: Admin API Key Hash Validation Test Environment - Hash Validation should ACCEPT valid bcrypt hash in test environment" time="0.048">
    </testcase>
    <testcase classname="SEC-002: Admin API Key Hash Validation Test Environment - Hash Validation should allow test environment without API key hash" name="SEC-002: Admin API Key Hash Validation Test Environment - Hash Validation should allow test environment without API key hash" time="0.048">
    </testcase>
    <testcase classname="SEC-002: Admin API Key Hash Validation Edge Cases and Validation should treat empty string as no API key hash (allowed)" name="SEC-002: Admin API Key Hash Validation Edge Cases and Validation should treat empty string as no API key hash (allowed)" time="0.048">
    </testcase>
    <testcase classname="SEC-002: Admin API Key Hash Validation Edge Cases and Validation should REJECT whitespace-only API key hash" name="SEC-002: Admin API Key Hash Validation Edge Cases and Validation should REJECT whitespace-only API key hash" time="0.048">
    </testcase>
    <testcase classname="SEC-002: Admin API Key Hash Validation Edge Cases and Validation should REJECT truncated hash" name="SEC-002: Admin API Key Hash Validation Edge Cases and Validation should REJECT truncated hash" time="0.047">
    </testcase>
    <testcase classname="SEC-002: Admin API Key Hash Validation Edge Cases and Validation should ACCEPT hash with exactly 60 characters" name="SEC-002: Admin API Key Hash Validation Edge Cases and Validation should ACCEPT hash with exactly 60 characters" time="0.048">
    </testcase>
    <testcase classname="SEC-002: Admin API Key Hash Validation Security Documentation in Error Messages should include hash generation command in error" name="SEC-002: Admin API Key Hash Validation Security Documentation in Error Messages should include hash generation command in error" time="0.048">
    </testcase>
    <testcase classname="SEC-002: Admin API Key Hash Validation Security Documentation in Error Messages should explain valid hash format in error" name="SEC-002: Admin API Key Hash Validation Security Documentation in Error Messages should explain valid hash format in error" time="0.048">
    </testcase>
    <testcase classname="SEC-002: Admin API Key Hash Validation Integration with Other Security Controls should enforce both IP whitelist AND valid hash in production" name="SEC-002: Admin API Key Hash Validation Integration with Other Security Controls should enforce both IP whitelist AND valid hash in production" time="0.049">
    </testcase>
    <testcase classname="SEC-002: Admin API Key Hash Validation Integration with Other Security Controls should accept production config with valid hash and valid IPs" name="SEC-002: Admin API Key Hash Validation Integration with Other Security Controls should accept production config with valid hash and valid IPs" time="0.048">
    </testcase>
    <testcase classname="SEC-002: Admin API Key Hash Validation Backward Compatibility should not break configs without API key hash (IP-only auth)" name="SEC-002: Admin API Key Hash Validation Backward Compatibility should not break configs without API key hash (IP-only auth)" time="0.148">
    </testcase>
    <testcase classname="SEC-002: Admin API Key Hash Validation Backward Compatibility should log info about hash generation when hash is not configured" name="SEC-002: Admin API Key Hash Validation Backward Compatibility should log info about hash generation when hash is not configured" time="0.1">
    </testcase>
    <testcase classname="SEC-002: Admin API Key Hash Validation Real-World Hash Examples should accept real bcrypt hash from bcrypt.hashSync" name="SEC-002: Admin API Key Hash Validation Real-World Hash Examples should accept real bcrypt hash from bcrypt.hashSync" time="0.107">
    </testcase>
    <testcase classname="SEC-002: Admin API Key Hash Validation Real-World Hash Examples should accept hash with different cost factors" name="SEC-002: Admin API Key Hash Validation Real-World Hash Examples should accept hash with different cost factors" time="0.049">
    </testcase>
    <testcase classname="SEC-002: Admin API Key Hash Validation Real-World Hash Examples should reject old-style plain text keys (migration helper)" name="SEC-002: Admin API Key Hash Validation Real-World Hash Examples should reject old-style plain text keys (migration helper)" time="0.153">
    </testcase>
  </testsuite>
  <testsuite name="Registry Loading" errors="0" failures="0" skipped="0" timestamp="2025-12-20T07:16:29" time="2.488" tests="24">
    <testcase classname="Registry Loading Loading from Disk should load and parse registry from disk" name="Registry Loading Loading from Disk should load and parse registry from disk" time="0.002">
    </testcase>
    <testcase classname="Registry Loading Loading from Disk should flatten registry structure for easier lookup" name="Registry Loading Loading from Disk should flatten registry structure for easier lookup" time="0.001">
    </testcase>
    <testcase classname="Registry Loading Loading from Disk should handle array format registry [metadata, projects]" name="Registry Loading Loading from Disk should handle array format registry [metadata, projects]" time="0.001">
    </testcase>
    <testcase classname="Registry Loading Loading from Disk should handle nested projects structure" name="Registry Loading Loading from Disk should handle nested projects structure" time="0">
    </testcase>
    <testcase classname="Registry Loading Loading from Disk should add type=prod to production projects" name="Registry Loading Loading from Disk should add type=prod to production projects" time="0.001">
    </testcase>
    <testcase classname="Registry Loading Caching Behavior should cache registry data with TTL" name="Registry Loading Caching Behavior should cache registry data with TTL" time="0">
    </testcase>
    <testcase classname="Registry Loading Caching Behavior should invalidate cache after TTL expires" name="Registry Loading Caching Behavior should invalidate cache after TTL expires" time="1.103">
    </testcase>
    <testcase classname="Registry Loading Caching Behavior should provide cache statistics" name="Registry Loading Caching Behavior should provide cache statistics" time="0.001">
    </testcase>
    <testcase classname="Registry Loading Caching Behavior should calculate hit rate correctly" name="Registry Loading Caching Behavior should calculate hit rate correctly" time="0.001">
    </testcase>
    <testcase classname="Registry Loading File Watching should have watcher setup capability" name="Registry Loading File Watching should have watcher setup capability" time="0">
    </testcase>
    <testcase classname="Registry Loading File Watching should debounce rapid file changes" name="Registry Loading File Watching should debounce rapid file changes" time="1.257">
    </testcase>
    <testcase classname="Registry Loading Error Handling should handle missing registry file" name="Registry Loading Error Handling should handle missing registry file" time="0">
    </testcase>
    <testcase classname="Registry Loading Error Handling should handle invalid JSON in registry file" name="Registry Loading Error Handling should handle invalid JSON in registry file" time="0.001">
    </testcase>
    <testcase classname="Registry Loading Error Handling should gracefully degrade on read errors" name="Registry Loading Error Handling should gracefully degrade on read errors" time="0.001">
    </testcase>
    <testcase classname="Registry Loading Error Handling should handle empty registry file" name="Registry Loading Error Handling should handle empty registry file" time="0">
    </testcase>
    <testcase classname="Registry Loading Error Handling should handle registry with empty arrays" name="Registry Loading Error Handling should handle registry with empty arrays" time="0">
    </testcase>
    <testcase classname="Registry Loading Error Handling should handle file watcher errors gracefully" name="Registry Loading Error Handling should handle file watcher errors gracefully" time="0.001">
    </testcase>
    <testcase classname="Registry Loading Manual Cache Control should allow manual cache invalidation" name="Registry Loading Manual Cache Control should allow manual cache invalidation" time="0">
    </testcase>
    <testcase classname="Registry Loading Manual Cache Control should allow statistics reset" name="Registry Loading Manual Cache Control should allow statistics reset" time="0">
    </testcase>
    <testcase classname="Registry Loading Edge Cases should handle projects without name field" name="Registry Loading Edge Cases should handle projects without name field" time="0">
    </testcase>
    <testcase classname="Registry Loading Edge Cases should handle projects without path field" name="Registry Loading Edge Cases should handle projects without path field" time="0">
    </testcase>
    <testcase classname="Registry Loading Edge Cases should handle large registry files" name="Registry Loading Edge Cases should handle large registry files" time="0.002">
    </testcase>
    <testcase classname="Registry Loading Edge Cases should handle unicode characters in project names" name="Registry Loading Edge Cases should handle unicode characters in project names" time="0">
    </testcase>
    <testcase classname="Registry Loading Edge Cases should preserve additional project properties" name="Registry Loading Edge Cases should preserve additional project properties" time="0">
    </testcase>
  </testsuite>
  <testsuite name="Health Check Module" errors="0" failures="0" skipped="3" timestamp="2025-12-20T07:16:31" time="1.183" tests="52">
    <testcase classname="Health Check Module getMemoryUsage() should return valid memory stats with MB suffix" name="Health Check Module getMemoryUsage() should return valid memory stats with MB suffix" time="0.001">
    </testcase>
    <testcase classname="Health Check Module getMemoryUsage() should return non-zero memory values" name="Health Check Module getMemoryUsage() should return non-zero memory values" time="0">
    </testcase>
    <testcase classname="Health Check Module getMemoryUsage() should have heapUsed &lt;= heapTotal" name="Health Check Module getMemoryUsage() should have heapUsed &lt;= heapTotal" time="0">
    </testcase>
    <testcase classname="Health Check Module getUptime() should return uptime string in correct format" name="Health Check Module getUptime() should return uptime string in correct format" time="0">
    </testcase>
    <testcase classname="Health Check Module getUptime() should return non-empty string" name="Health Check Module getUptime() should return non-empty string" time="0">
    </testcase>
    <testcase classname="Health Check Module getUptime() should format seconds-only uptime correctly" name="Health Check Module getUptime() should format seconds-only uptime correctly" time="0.001">
    </testcase>
    <testcase classname="Health Check Module getUptime() should format minutes uptime correctly" name="Health Check Module getUptime() should format minutes uptime correctly" time="0">
    </testcase>
    <testcase classname="Health Check Module getUptime() should format hours uptime correctly" name="Health Check Module getUptime() should format hours uptime correctly" time="0">
    </testcase>
    <testcase classname="Health Check Module checkRegistry() should return healthy status when registry file exists" name="Health Check Module checkRegistry() should return healthy status when registry file exists" time="0">
    </testcase>
    <testcase classname="Health Check Module checkRegistry() should return error status when registry file is missing" name="Health Check Module checkRegistry() should return error status when registry file is missing" time="0.004">
    </testcase>
    <testcase classname="Health Check Module checkRegistry() should return error when registry path is not readable" name="Health Check Module checkRegistry() should return error when registry path is not readable" time="0.001">
    </testcase>
    <testcase classname="Health Check Module checkDataDir() should return healthy status when data dir exists and is writable" name="Health Check Module checkDataDir() should return healthy status when data dir exists and is writable" time="0">
    </testcase>
    <testcase classname="Health Check Module checkDataDir() should return error when data dir does not exist" name="Health Check Module checkDataDir() should return error when data dir does not exist" time="0.001">
    </testcase>
    <testcase classname="Health Check Module checkDataDir() should return error when data dir is not writable" name="Health Check Module checkDataDir() should return error when data dir is not writable" time="0">
    </testcase>
    <testcase classname="Health Check Module getLivenessProbe() should return alive status" name="Health Check Module getLivenessProbe() should return alive status" time="0">
    </testcase>
    <testcase classname="Health Check Module getLivenessProbe() should always return alive (never fails)" name="Health Check Module getLivenessProbe() should always return alive (never fails)" time="0">
    </testcase>
    <testcase classname="Health Check Module getLivenessProbe() should return current process ID" name="Health Check Module getLivenessProbe() should return current process ID" time="0">
    </testcase>
    <testcase classname="Health Check Module getReadinessProbe() should check registry accessibility" name="Health Check Module getReadinessProbe() should check registry accessibility" time="0.07">
    </testcase>
    <testcase classname="Health Check Module getReadinessProbe() should return ready when registry is accessible" name="Health Check Module getReadinessProbe() should return ready when registry is accessible" time="0.069">
    </testcase>
    <testcase classname="Health Check Module getReadinessProbe() should return not_ready when registry is missing" name="Health Check Module getReadinessProbe() should return not_ready when registry is missing" time="0.001">
    </testcase>
    <testcase classname="Health Check Module getReadinessProbe() should include timestamp in ISO format" name="Health Check Module getReadinessProbe() should include timestamp in ISO format" time="0.072">
    </testcase>
    <testcase classname="Health Check Module getFullHealth() should return comprehensive health status" name="Health Check Module getFullHealth() should return comprehensive health status" time="0.001">
    </testcase>
    <testcase classname="Health Check Module getFullHealth() should include registry and dataDir checks" name="Health Check Module getFullHealth() should include registry and dataDir checks" time="0.001">
    </testcase>
    <testcase classname="Health Check Module getFullHealth() should include memory usage metrics" name="Health Check Module getFullHealth() should include memory usage metrics" time="0">
    </testcase>
    <testcase classname="Health Check Module getFullHealth() should include uptime in seconds" name="Health Check Module getFullHealth() should include uptime in seconds" time="0">
    </testcase>
    <testcase classname="Health Check Module getFullHealth() should include version from package.json or default" name="Health Check Module getFullHealth() should include version from package.json or default" time="0">
    </testcase>
    <testcase classname="Health Check Module getFullHealth() should include environment from config" name="Health Check Module getFullHealth() should include environment from config" time="0.001">
    </testcase>
    <testcase classname="Health Check Module getFullHealth() should mark as degraded when registry check fails" name="Health Check Module getFullHealth() should mark as degraded when registry check fails" time="0">
    </testcase>
    <testcase classname="Health Check Module getFullHealth() should mark as degraded when any check fails" name="Health Check Module getFullHealth() should mark as degraded when any check fails" time="0">
      <skipped/>
    </testcase>
    <testcase classname="Health Check Module getFullHealth() should accept extra checks parameter" name="Health Check Module getFullHealth() should accept extra checks parameter" time="0.001">
    </testcase>
    <testcase classname="Health Check Module getFullHealth() should mark as degraded when extra check fails" name="Health Check Module getFullHealth() should mark as degraded when extra check fails" time="0">
    </testcase>
    <testcase classname="Health Check Module getFullHealth() should include timestamp in ISO format" name="Health Check Module getFullHealth() should include timestamp in ISO format" time="0">
    </testcase>
    <testcase classname="Health Check Module getFullHealth() should prioritize registry error message over generic error count" name="Health Check Module getFullHealth() should prioritize registry error message over generic error count" time="0.001">
    </testcase>
    <testcase classname="Health Check Module Edge Cases should handle missing service name in getFullHealth" name="Health Check Module Edge Cases should handle missing service name in getFullHealth" time="0">
    </testcase>
    <testcase classname="Health Check Module Edge Cases should handle empty extra checks object" name="Health Check Module Edge Cases should handle empty extra checks object" time="0.001">
    </testcase>
    <testcase classname="Health Check Module Edge Cases should handle null extra checks" name="Health Check Module Edge Cases should handle null extra checks" time="0">
    </testcase>
    <testcase classname="Health Check Module getFileDescriptorUsage() should return FD usage statistics on supported platforms" name="Health Check Module getFileDescriptorUsage() should return FD usage statistics on supported platforms" time="0.07">
    </testcase>
    <testcase classname="Health Check Module getFileDescriptorUsage() should include FD metrics when supported" name="Health Check Module getFileDescriptorUsage() should include FD metrics when supported" time="0.071">
    </testcase>
    <testcase classname="Health Check Module getFileDescriptorUsage() should have warning threshold at 80%" name="Health Check Module getFileDescriptorUsage() should have warning threshold at 80%" time="0.071">
    </testcase>
    <testcase classname="Health Check Module getFileDescriptorUsage() should return warning status when above 80% usage" name="Health Check Module getFileDescriptorUsage() should return warning status when above 80% usage" time="0.071">
    </testcase>
    <testcase classname="Health Check Module getFileDescriptorUsage() should return critical status when above 95% usage" name="Health Check Module getFileDescriptorUsage() should return critical status when above 95% usage" time="0.069">
    </testcase>
    <testcase classname="Health Check Module getFileDescriptorUsage() should return ok status when below 80% usage" name="Health Check Module getFileDescriptorUsage() should return ok status when below 80% usage" time="0.067">
    </testcase>
    <testcase classname="Health Check Module getFileDescriptorUsage() should include hard limit when available" name="Health Check Module getFileDescriptorUsage() should include hard limit when available" time="0.069">
    </testcase>
    <testcase classname="Health Check Module getFileDescriptorUsage() should handle unsupported platforms gracefully" name="Health Check Module getFileDescriptorUsage() should handle unsupported platforms gracefully" time="0.067">
    </testcase>
    <testcase classname="Health Check Module getFileDescriptorUsage() should calculate usage percentage correctly" name="Health Check Module getFileDescriptorUsage() should calculate usage percentage correctly" time="0.069">
    </testcase>
    <testcase classname="Health Check Module getReadinessProbe() with FD checks should return degraded when FD usage is critical" name="Health Check Module getReadinessProbe() with FD checks should return degraded when FD usage is critical" time="0.069">
    </testcase>
    <testcase classname="Health Check Module getFullHealth() with FD checks should include FD check in extra checks" name="Health Check Module getFullHealth() with FD checks should include FD check in extra checks" time="0.068">
    </testcase>
    <testcase classname="Health Check Module getFullHealth() with FD checks should mark as degraded when FD usage is critical" name="Health Check Module getFullHealth() with FD checks should mark as degraded when FD usage is critical" time="0">
      <skipped/>
    </testcase>
    <testcase classname="Health Check Module getFullHealth() with FD checks should remain ok when FD usage has warnings" name="Health Check Module getFullHealth() with FD checks should remain ok when FD usage has warnings" time="0">
      <skipped/>
    </testcase>
    <testcase classname="Health Check Module getFullHealth() with FD checks should prioritize registry error over FD critical" name="Health Check Module getFullHealth() with FD checks should prioritize registry error over FD critical" time="0">
    </testcase>
    <testcase classname="Health Check Module Integration liveness probe should succeed even when readiness fails" name="Health Check Module Integration liveness probe should succeed even when readiness fails" time="0">
    </testcase>
    <testcase classname="Health Check Module Integration readiness probe should align with full health check" name="Health Check Module Integration readiness probe should align with full health check" time="0.07">
    </testcase>
  </testsuite>
  <testsuite name="Admin Authentication Integration Tests" errors="0" failures="0" skipped="1" timestamp="2025-12-20T07:16:31" time="1.426" tests="33">
    <testcase classname="Admin Authentication Integration Tests IP-based Authentication Only should allow request from whitelisted IP" name="Admin Authentication Integration Tests IP-based Authentication Only should allow request from whitelisted IP" time="0.003">
    </testcase>
    <testcase classname="Admin Authentication Integration Tests IP-based Authentication Only should block request from non-whitelisted IP" name="Admin Authentication Integration Tests IP-based Authentication Only should block request from non-whitelisted IP" time="0.001">
    </testcase>
    <testcase classname="Admin Authentication Integration Tests IP-based Authentication Only should allow IPv6 localhost" name="Admin Authentication Integration Tests IP-based Authentication Only should allow IPv6 localhost" time="0.003">
    </testcase>
    <testcase classname="Admin Authentication Integration Tests IP-based Authentication Only should handle multiple IPs in allowlist" name="Admin Authentication Integration Tests IP-based Authentication Only should handle multiple IPs in allowlist" time="0.002">
    </testcase>
    <testcase classname="Admin Authentication Integration Tests IP-based Authentication Only should block unknown IP when client IP cannot be determined" name="Admin Authentication Integration Tests IP-based Authentication Only should block unknown IP when client IP cannot be determined" time="0.001">
    </testcase>
    <testcase classname="Admin Authentication Integration Tests API Key Authentication should require both IP and API key when API key is configured" name="Admin Authentication Integration Tests API Key Authentication should require both IP and API key when API key is configured" time="0.001">
    </testcase>
    <testcase classname="Admin Authentication Integration Tests API Key Authentication should accept valid API key via X-API-Key header" name="Admin Authentication Integration Tests API Key Authentication should accept valid API key via X-API-Key header" time="0.058">
    </testcase>
    <testcase classname="Admin Authentication Integration Tests API Key Authentication should accept valid API key via Authorization Bearer header" name="Admin Authentication Integration Tests API Key Authentication should accept valid API key via Authorization Bearer header" time="0.056">
    </testcase>
    <testcase classname="Admin Authentication Integration Tests API Key Authentication should reject invalid API key" name="Admin Authentication Integration Tests API Key Authentication should reject invalid API key" time="0.059">
    </testcase>
    <testcase classname="Admin Authentication Integration Tests API Key Authentication should reject empty API key" name="Admin Authentication Integration Tests API Key Authentication should reject empty API key" time="0.001">
    </testcase>
    <testcase classname="Admin Authentication Integration Tests API Key Authentication should reject request without API key header" name="Admin Authentication Integration Tests API Key Authentication should reject request without API key header" time="0.001">
    </testcase>
    <testcase classname="Admin Authentication Integration Tests API Key Authentication should reject malformed Authorization header" name="Admin Authentication Integration Tests API Key Authentication should reject malformed Authorization header" time="0.001">
    </testcase>
    <testcase classname="Admin Authentication Integration Tests API Key Authentication should prefer X-API-Key over Authorization header" name="Admin Authentication Integration Tests API Key Authentication should prefer X-API-Key over Authorization header" time="0.059">
    </testcase>
    <testcase classname="Admin Authentication Integration Tests Security: bcrypt Hash Comparison should reject API key with different length" name="Admin Authentication Integration Tests Security: bcrypt Hash Comparison should reject API key with different length" time="0.059">
    </testcase>
    <testcase classname="Admin Authentication Integration Tests Security: bcrypt Hash Comparison should reject API key with partial match" name="Admin Authentication Integration Tests Security: bcrypt Hash Comparison should reject API key with partial match" time="0.06">
    </testcase>
    <testcase classname="Admin Authentication Integration Tests Security: bcrypt Hash Comparison should reject API key with prefix match only" name="Admin Authentication Integration Tests Security: bcrypt Hash Comparison should reject API key with prefix match only" time="0.059">
    </testcase>
    <testcase classname="Admin Authentication Integration Tests Security: bcrypt Hash Comparison should accept exact match only" name="Admin Authentication Integration Tests Security: bcrypt Hash Comparison should accept exact match only" time="0.059">
    </testcase>
    <testcase classname="Admin Authentication Integration Tests Combined IP and API Key Requirements should require both valid IP and valid API key" name="Admin Authentication Integration Tests Combined IP and API Key Requirements should require both valid IP and valid API key" time="0.061">
    </testcase>
    <testcase classname="Admin Authentication Integration Tests Combined IP and API Key Requirements should reject valid IP with invalid API key" name="Admin Authentication Integration Tests Combined IP and API Key Requirements should reject valid IP with invalid API key" time="0.059">
    </testcase>
    <testcase classname="Admin Authentication Integration Tests Combined IP and API Key Requirements should reject invalid IP with valid API key" name="Admin Authentication Integration Tests Combined IP and API Key Requirements should reject invalid IP with valid API key" time="0.06">
    </testcase>
    <testcase classname="Admin Authentication Integration Tests Combined IP and API Key Requirements should reject invalid IP and invalid API key" name="Admin Authentication Integration Tests Combined IP and API Key Requirements should reject invalid IP and invalid API key" time="0.06">
    </testcase>
    <testcase classname="Admin Authentication Integration Tests Combined IP and API Key Requirements should work with multiple whitelisted IPs" name="Admin Authentication Integration Tests Combined IP and API Key Requirements should work with multiple whitelisted IPs" time="0.118">
    </testcase>
    <testcase classname="Admin Authentication Integration Tests Edge Cases should handle null IP gracefully" name="Admin Authentication Integration Tests Edge Cases should handle null IP gracefully" time="0.001">
    </testcase>
    <testcase classname="Admin Authentication Integration Tests Edge Cases should handle undefined IP gracefully" name="Admin Authentication Integration Tests Edge Cases should handle undefined IP gracefully" time="0.001">
    </testcase>
    <testcase classname="Admin Authentication Integration Tests Edge Cases should handle bcrypt comparison with different key" name="Admin Authentication Integration Tests Edge Cases should handle bcrypt comparison with different key" time="0.119">
    </testcase>
    <testcase classname="Admin Authentication Integration Tests Edge Cases should handle API key with whitespace (not trimmed)" name="Admin Authentication Integration Tests Edge Cases should handle API key with whitespace (not trimmed)" time="0">
      <skipped/>
    </testcase>
    <testcase classname="Admin Authentication Integration Tests Edge Cases should handle empty admin IPs array" name="Admin Authentication Integration Tests Edge Cases should handle empty admin IPs array" time="0.001">
    </testcase>
    <testcase classname="Admin Authentication Integration Tests Logging and Monitoring should log warning for unauthorized IP access" name="Admin Authentication Integration Tests Logging and Monitoring should log warning for unauthorized IP access" time="0.058">
    </testcase>
    <testcase classname="Admin Authentication Integration Tests Logging and Monitoring should log warning for invalid API key" name="Admin Authentication Integration Tests Logging and Monitoring should log warning for invalid API key" time="0.059">
    </testcase>
    <testcase classname="Admin Authentication Integration Tests Logging and Monitoring should log debug on successful API key validation" name="Admin Authentication Integration Tests Logging and Monitoring should log debug on successful API key validation" time="0.059">
    </testcase>
    <testcase classname="Admin Authentication Integration Tests Logging and Monitoring should log error when IP cannot be determined" name="Admin Authentication Integration Tests Logging and Monitoring should log error when IP cannot be determined" time="0.001">
    </testcase>
    <testcase classname="Admin Authentication Integration Tests Response Format should return JSON error for unauthorized access" name="Admin Authentication Integration Tests Response Format should return JSON error for unauthorized access" time="0.001">
    </testcase>
    <testcase classname="Admin Authentication Integration Tests Response Format should return 403 status code for all auth failures" name="Admin Authentication Integration Tests Response Format should return 403 status code for all auth failures" time="0.118">
    </testcase>
  </testsuite>
  <testsuite name="Prometheus Metrics Endpoint Integration Tests" errors="0" failures="0" skipped="0" timestamp="2025-12-20T07:16:32" time="0.683" tests="24">
    <testcase classname="Prometheus Metrics Endpoint Integration Tests Basic Endpoint Functionality should return 200 OK for /metrics endpoint" name="Prometheus Metrics Endpoint Integration Tests Basic Endpoint Functionality should return 200 OK for /metrics endpoint" time="0.042">
    </testcase>
    <testcase classname="Prometheus Metrics Endpoint Integration Tests Basic Endpoint Functionality should return correct content type for Prometheus" name="Prometheus Metrics Endpoint Integration Tests Basic Endpoint Functionality should return correct content type for Prometheus" time="0.025">
    </testcase>
    <testcase classname="Prometheus Metrics Endpoint Integration Tests Basic Endpoint Functionality should return text content" name="Prometheus Metrics Endpoint Integration Tests Basic Endpoint Functionality should return text content" time="0.028">
    </testcase>
    <testcase classname="Prometheus Metrics Endpoint Integration Tests Custom Metrics Presence should include http_request_duration_seconds histogram" name="Prometheus Metrics Endpoint Integration Tests Custom Metrics Presence should include http_request_duration_seconds histogram" time="0.019">
    </testcase>
    <testcase classname="Prometheus Metrics Endpoint Integration Tests Custom Metrics Presence should include http_requests_total counter" name="Prometheus Metrics Endpoint Integration Tests Custom Metrics Presence should include http_requests_total counter" time="0.019">
    </testcase>
    <testcase classname="Prometheus Metrics Endpoint Integration Tests Custom Metrics Presence should include favicon_cache_hits_total counter" name="Prometheus Metrics Endpoint Integration Tests Custom Metrics Presence should include favicon_cache_hits_total counter" time="0.02">
    </testcase>
    <testcase classname="Prometheus Metrics Endpoint Integration Tests Custom Metrics Presence should include favicon_cache_misses_total counter" name="Prometheus Metrics Endpoint Integration Tests Custom Metrics Presence should include favicon_cache_misses_total counter" time="0.02">
    </testcase>
    <testcase classname="Prometheus Metrics Endpoint Integration Tests Custom Metrics Presence should include sse_connections_active gauge" name="Prometheus Metrics Endpoint Integration Tests Custom Metrics Presence should include sse_connections_active gauge" time="0.022">
    </testcase>
    <testcase classname="Prometheus Metrics Endpoint Integration Tests Default Metrics Presence should include process_cpu_user_seconds_total" name="Prometheus Metrics Endpoint Integration Tests Default Metrics Presence should include process_cpu_user_seconds_total" time="0.019">
    </testcase>
    <testcase classname="Prometheus Metrics Endpoint Integration Tests Default Metrics Presence should include process_resident_memory_bytes" name="Prometheus Metrics Endpoint Integration Tests Default Metrics Presence should include process_resident_memory_bytes" time="0.02">
    </testcase>
    <testcase classname="Prometheus Metrics Endpoint Integration Tests Default Metrics Presence should include nodejs_heap_size_total_bytes" name="Prometheus Metrics Endpoint Integration Tests Default Metrics Presence should include nodejs_heap_size_total_bytes" time="0.022">
    </testcase>
    <testcase classname="Prometheus Metrics Endpoint Integration Tests Metrics Updates from HTTP Requests should track successful HTTP requests" name="Prometheus Metrics Endpoint Integration Tests Metrics Updates from HTTP Requests should track successful HTTP requests" time="0.026">
    </testcase>
    <testcase classname="Prometheus Metrics Endpoint Integration Tests Metrics Updates from HTTP Requests should track failed HTTP requests" name="Prometheus Metrics Endpoint Integration Tests Metrics Updates from HTTP Requests should track failed HTTP requests" time="0.021">
    </testcase>
    <testcase classname="Prometheus Metrics Endpoint Integration Tests Metrics Updates from HTTP Requests should track request duration with histogram buckets" name="Prometheus Metrics Endpoint Integration Tests Metrics Updates from HTTP Requests should track request duration with histogram buckets" time="0.02">
    </testcase>
    <testcase classname="Prometheus Metrics Endpoint Integration Tests Metrics Updates from HTTP Requests should include method and route labels in HTTP metrics" name="Prometheus Metrics Endpoint Integration Tests Metrics Updates from HTTP Requests should include method and route labels in HTTP metrics" time="0.022">
    </testcase>
    <testcase classname="Prometheus Metrics Endpoint Integration Tests Cache Metrics Updates should track cache hits" name="Prometheus Metrics Endpoint Integration Tests Cache Metrics Updates should track cache hits" time="0.024">
    </testcase>
    <testcase classname="Prometheus Metrics Endpoint Integration Tests Cache Metrics Updates should track cache misses" name="Prometheus Metrics Endpoint Integration Tests Cache Metrics Updates should track cache misses" time="0.021">
    </testcase>
    <testcase classname="Prometheus Metrics Endpoint Integration Tests Cache Metrics Updates should track multiple cache operations" name="Prometheus Metrics Endpoint Integration Tests Cache Metrics Updates should track multiple cache operations" time="0.021">
    </testcase>
    <testcase classname="Prometheus Metrics Endpoint Integration Tests SSE Connection Metrics Updates should track active SSE connections" name="Prometheus Metrics Endpoint Integration Tests SSE Connection Metrics Updates should track active SSE connections" time="0.021">
    </testcase>
    <testcase classname="Prometheus Metrics Endpoint Integration Tests SSE Connection Metrics Updates should update SSE connections gauge" name="Prometheus Metrics Endpoint Integration Tests SSE Connection Metrics Updates should update SSE connections gauge" time="0.025">
    </testcase>
    <testcase classname="Prometheus Metrics Endpoint Integration Tests SSE Connection Metrics Updates should handle zero SSE connections" name="Prometheus Metrics Endpoint Integration Tests SSE Connection Metrics Updates should handle zero SSE connections" time="0.019">
    </testcase>
    <testcase classname="Prometheus Metrics Endpoint Integration Tests Metrics Format Validation should follow Prometheus exposition format" name="Prometheus Metrics Endpoint Integration Tests Metrics Format Validation should follow Prometheus exposition format" time="0.02">
    </testcase>
    <testcase classname="Prometheus Metrics Endpoint Integration Tests Metrics Format Validation should not include any JSON in the response" name="Prometheus Metrics Endpoint Integration Tests Metrics Format Validation should not include any JSON in the response" time="0.019">
    </testcase>
    <testcase classname="Prometheus Metrics Endpoint Integration Tests Error Handling should handle metrics generation errors gracefully" name="Prometheus Metrics Endpoint Integration Tests Error Handling should handle metrics generation errors gracefully" time="0.032">
    </testcase>
  </testsuite>
  <testsuite name="Config - Admin IP Validation" errors="0" failures="0" skipped="0" timestamp="2025-12-20T07:16:32" time="0.878" tests="14">
    <testcase classname="Config - Admin IP Validation IP Format Validation should accept valid IPv4 addresses" name="Config - Admin IP Validation IP Format Validation should accept valid IPv4 addresses" time="0.053">
    </testcase>
    <testcase classname="Config - Admin IP Validation IP Format Validation should accept valid IPv6 addresses" name="Config - Admin IP Validation IP Format Validation should accept valid IPv6 addresses" time="0.059">
    </testcase>
    <testcase classname="Config - Admin IP Validation IP Format Validation should accept mixed IPv4 and IPv6 addresses" name="Config - Admin IP Validation IP Format Validation should accept mixed IPv4 and IPv6 addresses" time="0.053">
    </testcase>
    <testcase classname="Config - Admin IP Validation IP Format Validation should filter out invalid IP formats" name="Config - Admin IP Validation IP Format Validation should filter out invalid IP formats" time="0.054">
    </testcase>
    <testcase classname="Config - Admin IP Validation IP Format Validation should filter out empty strings" name="Config - Admin IP Validation IP Format Validation should filter out empty strings" time="0.05">
    </testcase>
    <testcase classname="Config - Admin IP Validation IP Format Validation should trim whitespace from IP addresses" name="Config - Admin IP Validation IP Format Validation should trim whitespace from IP addresses" time="0.05">
    </testcase>
    <testcase classname="Config - Admin IP Validation Default Behavior should use secure defaults when ADMIN_IPS is not set" name="Config - Admin IP Validation Default Behavior should use secure defaults when ADMIN_IPS is not set" time="0.052">
    </testcase>
    <testcase classname="Config - Admin IP Validation Default Behavior should use defaults when ADMIN_IPS contains only invalid IPs" name="Config - Admin IP Validation Default Behavior should use defaults when ADMIN_IPS contains only invalid IPs" time="0.058">
    </testcase>
    <testcase classname="Config - Admin IP Validation Default Behavior should use defaults when ADMIN_IPS is empty string" name="Config - Admin IP Validation Default Behavior should use defaults when ADMIN_IPS is empty string" time="0.056">
    </testcase>
    <testcase classname="Config - Admin IP Validation Edge Cases should reject IP addresses with invalid octets" name="Config - Admin IP Validation Edge Cases should reject IP addresses with invalid octets" time="0.057">
    </testcase>
    <testcase classname="Config - Admin IP Validation Edge Cases should reject partial IPv4 addresses" name="Config - Admin IP Validation Edge Cases should reject partial IPv4 addresses" time="0.056">
    </testcase>
    <testcase classname="Config - Admin IP Validation Edge Cases should handle localhost variations" name="Config - Admin IP Validation Edge Cases should handle localhost variations" time="0.058">
    </testcase>
    <testcase classname="Config - Admin IP Validation Configuration Validation should validate that adminIPs is an array" name="Config - Admin IP Validation Configuration Validation should validate that adminIPs is an array" time="0.052">
    </testcase>
    <testcase classname="Config - Admin IP Validation Configuration Validation should validate that adminIPs has at least one entry" name="Config - Admin IP Validation Configuration Validation should validate that adminIPs has at least one entry" time="0.054">
    </testcase>
  </testsuite>
  <testsuite name="FIX QUA-011: Favicon Scan Limits" errors="0" failures="0" skipped="0" timestamp="2025-12-20T07:16:33" time="0.514" tests="18">
    <testcase classname="FIX QUA-011: Favicon Scan Limits Result Limit (1000 files) should abort scan when result limit is reached" name="FIX QUA-011: Favicon Scan Limits Result Limit (1000 files) should abort scan when result limit is reached" time="0.267">
    </testcase>
    <testcase classname="FIX QUA-011: Favicon Scan Limits Result Limit (1000 files) should complete normally when results are under limit" name="FIX QUA-011: Favicon Scan Limits Result Limit (1000 files) should complete normally when results are under limit" time="0.004">
    </testcase>
    <testcase classname="FIX QUA-011: Favicon Scan Limits Directory Limit (50 directories) should abort scan when directory limit is reached" name="FIX QUA-011: Favicon Scan Limits Directory Limit (50 directories) should abort scan when directory limit is reached" time="0.026">
    </testcase>
    <testcase classname="FIX QUA-011: Favicon Scan Limits Directory Limit (50 directories) should complete normally when directories are under limit" name="FIX QUA-011: Favicon Scan Limits Directory Limit (50 directories) should complete normally when directories are under limit" time="0.004">
    </testcase>
    <testcase classname="FIX QUA-011: Favicon Scan Limits Timeout Protection (5 seconds) should handle timeout gracefully" name="FIX QUA-011: Favicon Scan Limits Timeout Protection (5 seconds) should handle timeout gracefully" time="0.05">
    </testcase>
    <testcase classname="FIX QUA-011: Favicon Scan Limits Timeout Protection (5 seconds) should complete quickly when favicon found early" name="FIX QUA-011: Favicon Scan Limits Timeout Protection (5 seconds) should complete quickly when favicon found early" time="0.002">
    </testcase>
    <testcase classname="FIX QUA-011: Favicon Scan Limits Single-pass Min-finding (PERF-002) should find shallowest favicon without full sort" name="FIX QUA-011: Favicon Scan Limits Single-pass Min-finding (PERF-002) should find shallowest favicon without full sort" time="0.003">
    </testcase>
    <testcase classname="FIX QUA-011: Favicon Scan Limits Single-pass Min-finding (PERF-002) should respect pattern priority when depth is equal" name="FIX QUA-011: Favicon Scan Limits Single-pass Min-finding (PERF-002) should respect pattern priority when depth is equal" time="0.001">
    </testcase>
    <testcase classname="FIX QUA-011: Favicon Scan Limits Single-pass Min-finding (PERF-002) should handle empty directory gracefully" name="FIX QUA-011: Favicon Scan Limits Single-pass Min-finding (PERF-002) should handle empty directory gracefully" time="0.002">
    </testcase>
    <testcase classname="FIX QUA-011: Favicon Scan Limits Single-pass Min-finding (PERF-002) should ignore common build directories" name="FIX QUA-011: Favicon Scan Limits Single-pass Min-finding (PERF-002) should ignore common build directories" time="0.003">
    </testcase>
    <testcase classname="FIX QUA-011: Favicon Scan Limits Quick Search Fast Path should find favicon via quickSearch before fullScan" name="FIX QUA-011: Favicon Scan Limits Quick Search Fast Path should find favicon via quickSearch before fullScan" time="0.002">
    </testcase>
    <testcase classname="FIX QUA-011: Favicon Scan Limits Quick Search Fast Path should fall back to fullScan when quickSearch fails" name="FIX QUA-011: Favicon Scan Limits Quick Search Fast Path should fall back to fullScan when quickSearch fails" time="0.003">
    </testcase>
    <testcase classname="FIX QUA-011: Favicon Scan Limits Quick Search Fast Path should prefer quickSearch results over fullScan" name="FIX QUA-011: Favicon Scan Limits Quick Search Fast Path should prefer quickSearch results over fullScan" time="0.001">
    </testcase>
    <testcase classname="FIX QUA-011: Favicon Scan Limits Error Handling and AbortError should handle AbortError without throwing" name="FIX QUA-011: Favicon Scan Limits Error Handling and AbortError should handle AbortError without throwing" time="0.017">
    </testcase>
    <testcase classname="FIX QUA-011: Favicon Scan Limits Error Handling and AbortError should handle non-existent directory gracefully" name="FIX QUA-011: Favicon Scan Limits Error Handling and AbortError should handle non-existent directory gracefully" time="0.001">
    </testcase>
    <testcase classname="FIX QUA-011: Favicon Scan Limits Error Handling and AbortError should handle permission errors gracefully" name="FIX QUA-011: Favicon Scan Limits Error Handling and AbortError should handle permission errors gracefully" time="0.004">
    </testcase>
    <testcase classname="FIX QUA-011: Favicon Scan Limits Integration with getFavicon should cache favicon results to avoid repeated file reads" name="FIX QUA-011: Favicon Scan Limits Integration with getFavicon should cache favicon results to avoid repeated file reads" time="0.002">
    </testcase>
    <testcase classname="FIX QUA-011: Favicon Scan Limits Integration with getFavicon should fall back to SVG generation when no favicon found" name="FIX QUA-011: Favicon Scan Limits Integration with getFavicon should fall back to SVG generation when no favicon found" time="0.002">
    </testcase>
  </testsuite>
  <testsuite name="API Endpoints Integration Tests" errors="0" failures="0" skipped="1" timestamp="2025-12-20T07:16:33" time="0.38" tests="74">
    <testcase classname="API Endpoints Integration Tests GET /health should return 200 OK with health status" name="API Endpoints Integration Tests GET /health should return 200 OK with health status" time="0.006">
    </testcase>
    <testcase classname="API Endpoints Integration Tests GET /health should include correct content type" name="API Endpoints Integration Tests GET /health should include correct content type" time="0.002">
    </testcase>
    <testcase classname="API Endpoints Integration Tests GET /health should not be rate limited" name="API Endpoints Integration Tests GET /health should not be rate limited" time="0.029">
    </testcase>
    <testcase classname="API Endpoints Integration Tests GET /favicon-api should return project info for valid folder" name="API Endpoints Integration Tests GET /favicon-api should return project info for valid folder" time="0">
      <skipped/>
    </testcase>
    <testcase classname="API Endpoints Integration Tests GET /favicon-api should return 404 for unknown project" name="API Endpoints Integration Tests GET /favicon-api should return 404 for unknown project" time="0.042">
    </testcase>
    <testcase classname="API Endpoints Integration Tests GET /favicon-api should reject invalid paths with 403 access denied" name="API Endpoints Integration Tests GET /favicon-api should reject invalid paths with 403 access denied" time="0.002">
    </testcase>
    <testcase classname="API Endpoints Integration Tests GET /favicon-api should reject missing folder parameter with 400" name="API Endpoints Integration Tests GET /favicon-api should reject missing folder parameter with 400" time="0.001">
    </testcase>
    <testcase classname="API Endpoints Integration Tests GET /favicon-api should reject URL-encoded traversal attacks" name="API Endpoints Integration Tests GET /favicon-api should reject URL-encoded traversal attacks" time="0.002">
    </testcase>
    <testcase classname="API Endpoints Integration Tests POST /claude-completion should accept valid notification with message" name="API Endpoints Integration Tests POST /claude-completion should accept valid notification with message" time="0.012">
    </testcase>
    <testcase classname="API Endpoints Integration Tests POST /claude-completion should accept notification without message (message is optional)" name="API Endpoints Integration Tests POST /claude-completion should accept notification without message (message is optional)" time="0.002">
    </testcase>
    <testcase classname="API Endpoints Integration Tests POST /claude-completion should reject invalid folder path with 403" name="API Endpoints Integration Tests POST /claude-completion should reject invalid folder path with 403" time="0.001">
    </testcase>
    <testcase classname="API Endpoints Integration Tests POST /claude-completion should reject empty message (fails regex validation)" name="API Endpoints Integration Tests POST /claude-completion should reject empty message (fails regex validation)" time="0.002">
    </testcase>
    <testcase classname="API Endpoints Integration Tests POST /claude-completion should reject oversized message" name="API Endpoints Integration Tests POST /claude-completion should reject oversized message" time="0.002">
    </testcase>
    <testcase classname="API Endpoints Integration Tests POST /claude-completion should reject message with invalid characters" name="API Endpoints Integration Tests POST /claude-completion should reject message with invalid characters" time="0.001">
    </testcase>
    <testcase classname="API Endpoints Integration Tests POST /claude-completion should handle missing folder field" name="API Endpoints Integration Tests POST /claude-completion should handle missing folder field" time="0.001">
    </testcase>
    <testcase classname="API Endpoints Integration Tests GET /claude-status should return notification if exists" name="API Endpoints Integration Tests GET /claude-status should return notification if exists" time="0.001">
    </testcase>
    <testcase classname="API Endpoints Integration Tests GET /claude-status should return no notification if none exists" name="API Endpoints Integration Tests GET /claude-status should return no notification if none exists" time="0.002">
    </testcase>
    <testcase classname="API Endpoints Integration Tests GET /claude-status should reject invalid folder path" name="API Endpoints Integration Tests GET /claude-status should reject invalid folder path" time="0.001">
    </testcase>
    <testcase classname="API Endpoints Integration Tests POST /claude-status/mark-read should mark existing notification as read" name="API Endpoints Integration Tests POST /claude-status/mark-read should mark existing notification as read" time="0.001">
    </testcase>
    <testcase classname="API Endpoints Integration Tests POST /claude-status/mark-read should handle marking non-existent notification" name="API Endpoints Integration Tests POST /claude-status/mark-read should handle marking non-existent notification" time="0.001">
    </testcase>
    <testcase classname="API Endpoints Integration Tests POST /claude-status/mark-read should reject invalid folder path" name="API Endpoints Integration Tests POST /claude-status/mark-read should reject invalid folder path" time="0.002">
    </testcase>
    <testcase classname="API Endpoints Integration Tests POST /claude-status/mark-read should reject missing folder field" name="API Endpoints Integration Tests POST /claude-status/mark-read should reject missing folder field" time="0.001">
    </testcase>
    <testcase classname="API Endpoints Integration Tests DELETE /claude-status should delete existing notification" name="API Endpoints Integration Tests DELETE /claude-status should delete existing notification" time="0.001">
    </testcase>
    <testcase classname="API Endpoints Integration Tests DELETE /claude-status should handle deleting non-existent notification" name="API Endpoints Integration Tests DELETE /claude-status should handle deleting non-existent notification" time="0.001">
    </testcase>
    <testcase classname="API Endpoints Integration Tests DELETE /claude-status should reject invalid folder path" name="API Endpoints Integration Tests DELETE /claude-status should reject invalid folder path" time="0.001">
    </testcase>
    <testcase classname="API Endpoints Integration Tests DELETE /claude-status should reject missing folder field" name="API Endpoints Integration Tests DELETE /claude-status should reject missing folder field" time="0.001">
    </testcase>
    <testcase classname="API Endpoints Integration Tests CORS Headers should allow whitelisted origin" name="API Endpoints Integration Tests CORS Headers should allow whitelisted origin" time="0.001">
    </testcase>
    <testcase classname="API Endpoints Integration Tests CORS Headers should block non-whitelisted origin" name="API Endpoints Integration Tests CORS Headers should block non-whitelisted origin" time="0.001">
    </testcase>
    <testcase classname="API Endpoints Integration Tests CORS Headers should handle preflight OPTIONS request" name="API Endpoints Integration Tests CORS Headers should handle preflight OPTIONS request" time="0.001">
    </testcase>
    <testcase classname="API Endpoints Integration Tests CORS Headers should include Vary header to prevent cache poisoning" name="API Endpoints Integration Tests CORS Headers should include Vary header to prevent cache poisoning" time="0.001">
    </testcase>
    <testcase classname="API Endpoints Integration Tests CORS Headers should handle multiple whitelisted origins correctly" name="API Endpoints Integration Tests CORS Headers should handle multiple whitelisted origins correctly" time="0.002">
    </testcase>
    <testcase classname="API Endpoints Integration Tests Security Headers should include X-Content-Type-Options nosniff" name="API Endpoints Integration Tests Security Headers should include X-Content-Type-Options nosniff" time="0.001">
    </testcase>
    <testcase classname="API Endpoints Integration Tests Security Headers should include X-Frame-Options DENY" name="API Endpoints Integration Tests Security Headers should include X-Frame-Options DENY" time="0.001">
    </testcase>
    <testcase classname="API Endpoints Integration Tests Security Headers should include XSS protection header" name="API Endpoints Integration Tests Security Headers should include XSS protection header" time="0.001">
    </testcase>
    <testcase classname="API Endpoints Integration Tests Security Headers should remove X-Powered-By header" name="API Endpoints Integration Tests Security Headers should remove X-Powered-By header" time="0">
    </testcase>
    <testcase classname="API Endpoints Integration Tests Security Tests should reject requests with oversized body (413 Payload Too Large)" name="API Endpoints Integration Tests Security Tests should reject requests with oversized body (413 Payload Too Large)" time="0.002">
    </testcase>
    <testcase classname="API Endpoints Integration Tests Security Tests should set CORS headers for whitelisted origins" name="API Endpoints Integration Tests Security Tests should set CORS headers for whitelisted origins" time="0.001">
    </testcase>
    <testcase classname="API Endpoints Integration Tests Security Tests should handle malformed JSON gracefully" name="API Endpoints Integration Tests Security Tests should handle malformed JSON gracefully" time="0.001">
    </testcase>
    <testcase classname="API Endpoints Integration Tests Error Handling should return 404 for unknown endpoints" name="API Endpoints Integration Tests Error Handling should return 404 for unknown endpoints" time="0.001">
    </testcase>
    <testcase classname="API Endpoints Integration Tests Error Handling should handle server errors gracefully with 500" name="API Endpoints Integration Tests Error Handling should handle server errors gracefully with 500" time="0.001">
    </testcase>
    <testcase classname="API Endpoints Integration Tests Error Handling should return proper error structure for validation failures" name="API Endpoints Integration Tests Error Handling should return proper error structure for validation failures" time="0.001">
    </testcase>
    <testcase classname="API Endpoints Integration Tests Content-Type Validation should accept application/json content type" name="API Endpoints Integration Tests Content-Type Validation should accept application/json content type" time="0.001">
    </testcase>
    <testcase classname="API Endpoints Integration Tests Content-Type Validation should respond with JSON content type" name="API Endpoints Integration Tests Content-Type Validation should respond with JSON content type" time="0.001">
    </testcase>
    <testcase classname="API Endpoints Integration Tests HTTP Methods should reject unsupported HTTP methods" name="API Endpoints Integration Tests HTTP Methods should reject unsupported HTTP methods" time="0">
    </testcase>
    <testcase classname="API Endpoints Integration Tests HTTP Methods should handle OPTIONS preflight correctly" name="API Endpoints Integration Tests HTTP Methods should handle OPTIONS preflight correctly" time="0.001">
    </testcase>
    <testcase classname="API Endpoints Integration Tests Grayscale Favicon Feature GET /api/favicon with grayscale parameter should return colored favicon by default (no grayscale param)" name="API Endpoints Integration Tests Grayscale Favicon Feature GET /api/favicon with grayscale parameter should return colored favicon by default (no grayscale param)" time="0.008">
    </testcase>
    <testcase classname="API Endpoints Integration Tests Grayscale Favicon Feature GET /api/favicon with grayscale parameter should return grayscale favicon when grayscale=true" name="API Endpoints Integration Tests Grayscale Favicon Feature GET /api/favicon with grayscale parameter should return grayscale favicon when grayscale=true" time="0.004">
    </testcase>
    <testcase classname="API Endpoints Integration Tests Grayscale Favicon Feature GET /api/favicon with grayscale parameter should return colored favicon when grayscale=false" name="API Endpoints Integration Tests Grayscale Favicon Feature GET /api/favicon with grayscale parameter should return colored favicon when grayscale=false" time="0.003">
    </testcase>
    <testcase classname="API Endpoints Integration Tests Grayscale Favicon Feature GET /api/favicon with grayscale parameter should include Cache-Control header" name="API Endpoints Integration Tests Grayscale Favicon Feature GET /api/favicon with grayscale parameter should include Cache-Control header" time="0.003">
    </testcase>
    <testcase classname="API Endpoints Integration Tests Grayscale Favicon Feature GET /api/favicon with grayscale parameter should preserve project initials in grayscale mode" name="API Endpoints Integration Tests Grayscale Favicon Feature GET /api/favicon with grayscale parameter should preserve project initials in grayscale mode" time="0.003">
    </testcase>
    <testcase classname="API Endpoints Integration Tests Grayscale Favicon Feature GET /api/favicon with grayscale parameter should handle prod project with grayscale" name="API Endpoints Integration Tests Grayscale Favicon Feature GET /api/favicon with grayscale parameter should handle prod project with grayscale" time="0.003">
    </testcase>
    <testcase classname="API Endpoints Integration Tests Grayscale Favicon Feature GET /favicon-api with grayscale parameter should return colored favicon by default (no grayscale param)" name="API Endpoints Integration Tests Grayscale Favicon Feature GET /favicon-api with grayscale parameter should return colored favicon by default (no grayscale param)" time="0.004">
    </testcase>
    <testcase classname="API Endpoints Integration Tests Grayscale Favicon Feature GET /favicon-api with grayscale parameter should return grayscale favicon when grayscale=true" name="API Endpoints Integration Tests Grayscale Favicon Feature GET /favicon-api with grayscale parameter should return grayscale favicon when grayscale=true" time="0.003">
    </testcase>
    <testcase classname="API Endpoints Integration Tests Grayscale Favicon Feature GET /favicon-api with grayscale parameter should return colored favicon when grayscale=false" name="API Endpoints Integration Tests Grayscale Favicon Feature GET /favicon-api with grayscale parameter should return colored favicon when grayscale=false" time="0.002">
    </testcase>
    <testcase classname="API Endpoints Integration Tests Grayscale Favicon Feature Cache separation for grayscale/colored favicons should use different cache keys for colored and grayscale" name="API Endpoints Integration Tests Grayscale Favicon Feature Cache separation for grayscale/colored favicons should use different cache keys for colored and grayscale" time="0.004">
    </testcase>
    <testcase classname="API Endpoints Integration Tests Grayscale Favicon Feature Cache separation for grayscale/colored favicons should cache colored and grayscale versions separately" name="API Endpoints Integration Tests Grayscale Favicon Feature Cache separation for grayscale/colored favicons should cache colored and grayscale versions separately" time="0.003">
    </testcase>
    <testcase classname="API Endpoints Integration Tests Grayscale Favicon Feature Grayscale validation should reject invalid folder path with grayscale param" name="API Endpoints Integration Tests Grayscale Favicon Feature Grayscale validation should reject invalid folder path with grayscale param" time="0.001">
    </testcase>
    <testcase classname="API Endpoints Integration Tests Grayscale Favicon Feature Grayscale validation should handle missing folder parameter with grayscale param" name="API Endpoints Integration Tests Grayscale Favicon Feature Grayscale validation should handle missing folder parameter with grayscale param" time="0.001">
    </testcase>
    <testcase classname="API Endpoints Integration Tests Grayscale Favicon Feature Grayscale validation should ignore invalid grayscale values (treat as false)" name="API Endpoints Integration Tests Grayscale Favicon Feature Grayscale validation should ignore invalid grayscale values (treat as false)" time="0.003">
    </testcase>
    <testcase classname="API Endpoints Integration Tests Grayscale Favicon Feature Integration with existing favicon files should not apply grayscale to existing favicon files" name="API Endpoints Integration Tests Grayscale Favicon Feature Integration with existing favicon files should not apply grayscale to existing favicon files" time="0.001">
    </testcase>
    <testcase classname="API Endpoints Integration Tests GET /api/notifications/unread should return 200 OK with empty array when no notifications exist" name="API Endpoints Integration Tests GET /api/notifications/unread should return 200 OK with empty array when no notifications exist" time="0.002">
    </testcase>
    <testcase classname="API Endpoints Integration Tests GET /api/notifications/unread should successfully retrieve unread notifications with correct structure" name="API Endpoints Integration Tests GET /api/notifications/unread should successfully retrieve unread notifications with correct structure" time="0.001">
    </testcase>
    <testcase classname="API Endpoints Integration Tests GET /api/notifications/unread should correctly add projectName field from folder path" name="API Endpoints Integration Tests GET /api/notifications/unread should correctly add projectName field from folder path" time="0.001">
    </testcase>
    <testcase classname="API Endpoints Integration Tests GET /api/notifications/unread should return notifications sorted by timestamp (newest first)" name="API Endpoints Integration Tests GET /api/notifications/unread should return notifications sorted by timestamp (newest first)" time="0.001">
    </testcase>
    <testcase classname="API Endpoints Integration Tests GET /api/notifications/unread should only return completed status notifications (no working status)" name="API Endpoints Integration Tests GET /api/notifications/unread should only return completed status notifications (no working status)" time="0.001">
    </testcase>
    <testcase classname="API Endpoints Integration Tests GET /api/notifications/unread should filter out expired notifications (respects TTL)" name="API Endpoints Integration Tests GET /api/notifications/unread should filter out expired notifications (respects TTL)" time="0.001">
    </testcase>
    <testcase classname="API Endpoints Integration Tests GET /api/notifications/unread should return correct response schema with all required fields" name="API Endpoints Integration Tests GET /api/notifications/unread should return correct response schema with all required fields" time="0.001">
    </testcase>
    <testcase classname="API Endpoints Integration Tests GET /api/notifications/unread should handle internal errors with 500 status" name="API Endpoints Integration Tests GET /api/notifications/unread should handle internal errors with 500 status" time="0.001">
    </testcase>
    <testcase classname="API Endpoints Integration Tests GET /api/notifications/unread should have correct content-type header" name="API Endpoints Integration Tests GET /api/notifications/unread should have correct content-type header" time="0.001">
    </testcase>
    <testcase classname="API Endpoints Integration Tests GET /api/notifications/unread should handle large number of notifications efficiently" name="API Endpoints Integration Tests GET /api/notifications/unread should handle large number of notifications efficiently" time="0.002">
    </testcase>
    <testcase classname="API Endpoints Integration Tests GET /api/notifications/unread should handle edge case with single character project name" name="API Endpoints Integration Tests GET /api/notifications/unread should handle edge case with single character project name" time="0.001">
    </testcase>
    <testcase classname="API Endpoints Integration Tests GET /api/notifications/unread should preserve original notification fields in response" name="API Endpoints Integration Tests GET /api/notifications/unread should preserve original notification fields in response" time="0.001">
    </testcase>
    <testcase classname="API Endpoints Integration Tests GET /api/notifications/unread should accept GET requests with no query parameters" name="API Endpoints Integration Tests GET /api/notifications/unread should accept GET requests with no query parameters" time="0.001">
    </testcase>
    <testcase classname="API Endpoints Integration Tests GET /api/notifications/unread should work correctly when notification-store returns empty array" name="API Endpoints Integration Tests GET /api/notifications/unread should work correctly when notification-store returns empty array" time="0.001">
    </testcase>
  </testsuite>
  <testsuite name="Error Response Format Integration Tests" errors="0" failures="0" skipped="1" timestamp="2025-12-20T07:16:34" time="0.301" tests="18">
    <testcase classname="Error Response Format Integration Tests Favicon Routes Error Responses Missing folder parameter returns MISSING_PARAMETER" name="Error Response Format Integration Tests Favicon Routes Error Responses Missing folder parameter returns MISSING_PARAMETER" time="0.005">
    </testcase>
    <testcase classname="Error Response Format Integration Tests Favicon Routes Error Responses Invalid folder path returns ACCESS_DENIED" name="Error Response Format Integration Tests Favicon Routes Error Responses Invalid folder path returns ACCESS_DENIED" time="0.003">
    </testcase>
    <testcase classname="Error Response Format Integration Tests Favicon Routes Error Responses Folder outside allowed paths returns ACCESS_DENIED" name="Error Response Format Integration Tests Favicon Routes Error Responses Folder outside allowed paths returns ACCESS_DENIED" time="0.002">
    </testcase>
    <testcase classname="Error Response Format Integration Tests Notification Routes Error Responses POST /claude-completion with missing folder returns MISSING_PARAMETER" name="Error Response Format Integration Tests Notification Routes Error Responses POST /claude-completion with missing folder returns MISSING_PARAMETER" time="0.007">
    </testcase>
    <testcase classname="Error Response Format Integration Tests Notification Routes Error Responses POST /claude-completion with invalid folder returns ACCESS_DENIED" name="Error Response Format Integration Tests Notification Routes Error Responses POST /claude-completion with invalid folder returns ACCESS_DENIED" time="0.002">
    </testcase>
    <testcase classname="Error Response Format Integration Tests Notification Routes Error Responses GET /claude-status with missing folder returns MISSING_PARAMETER" name="Error Response Format Integration Tests Notification Routes Error Responses GET /claude-status with missing folder returns MISSING_PARAMETER" time="0.002">
    </testcase>
    <testcase classname="Error Response Format Integration Tests Paste Routes Error Responses POST /api/paste-image with missing folder returns MISSING_PARAMETER" name="Error Response Format Integration Tests Paste Routes Error Responses POST /api/paste-image with missing folder returns MISSING_PARAMETER" time="0.005">
    </testcase>
    <testcase classname="Error Response Format Integration Tests Paste Routes Error Responses POST /api/paste-image with invalid folder returns ACCESS_DENIED" name="Error Response Format Integration Tests Paste Routes Error Responses POST /api/paste-image with invalid folder returns ACCESS_DENIED" time="0.002">
    </testcase>
    <testcase classname="Error Response Format Integration Tests Paste Routes Error Responses POST /api/paste-image without file returns MISSING_PARAMETER" name="Error Response Format Integration Tests Paste Routes Error Responses POST /api/paste-image without file returns MISSING_PARAMETER" time="0.002">
    </testcase>
    <testcase classname="Error Response Format Integration Tests Paste Routes Error Responses POST /api/paste-image with invalid MIME type returns INVALID_FILE_TYPE" name="Error Response Format Integration Tests Paste Routes Error Responses POST /api/paste-image with invalid MIME type returns INVALID_FILE_TYPE" time="0.003">
    </testcase>
    <testcase classname="Error Response Format Integration Tests Health Routes Error Responses Health check returns proper format on success" name="Error Response Format Integration Tests Health Routes Error Responses Health check returns proper format on success" time="0.08">
    </testcase>
    <testcase classname="Error Response Format Integration Tests Health Routes Error Responses Liveness probe returns proper format on success" name="Error Response Format Integration Tests Health Routes Error Responses Liveness probe returns proper format on success" time="0.002">
    </testcase>
    <testcase classname="Error Response Format Integration Tests Health Routes Error Responses Readiness probe returns proper format on success" name="Error Response Format Integration Tests Health Routes Error Responses Readiness probe returns proper format on success" time="0">
      <skipped/>
    </testcase>
    <testcase classname="Error Response Format Integration Tests Health Routes Error Responses Health routes module uses sendError for error responses" name="Error Response Format Integration Tests Health Routes Error Responses Health routes module uses sendError for error responses" time="0.001">
    </testcase>
    <testcase classname="Error Response Format Integration Tests Admin Routes Error Responses GET /download/extension with missing file returns NOT_FOUND" name="Error Response Format Integration Tests Admin Routes Error Responses GET /download/extension with missing file returns NOT_FOUND" time="0.003">
    </testcase>
    <testcase classname="Error Response Format Integration Tests Error Code Constants All error codes are defined" name="Error Response Format Integration Tests Error Code Constants All error codes are defined" time="0.001">
    </testcase>
    <testcase classname="Error Response Format Integration Tests Error Code Constants Error codes are strings" name="Error Response Format Integration Tests Error Code Constants Error codes are strings" time="0.001">
    </testcase>
    <testcase classname="Error Response Format Integration Tests SSE Connection Errors SSE connection limit returns SERVICE_UNAVAILABLE" name="Error Response Format Integration Tests SSE Connection Errors SSE connection limit returns SERVICE_UNAVAILABLE" time="0">
    </testcase>
  </testsuite>
  <testsuite name="FaviconService - Cache Warming" errors="0" failures="0" skipped="0" timestamp="2025-12-20T07:16:34" time="0.361" tests="13">
    <testcase classname="FaviconService - Cache Warming warmCache should have warmCache method" name="FaviconService - Cache Warming warmCache should have warmCache method" time="0">
    </testcase>
    <testcase classname="FaviconService - Cache Warming warmCache should return immediately with background flag" name="FaviconService - Cache Warming warmCache should return immediately with background flag" time="0.001">
    </testcase>
    <testcase classname="FaviconService - Cache Warming warmCache should warm cache for all provided projects in background" name="FaviconService - Cache Warming warmCache should warm cache for all provided projects in background" time="0.006">
    </testcase>
    <testcase classname="FaviconService - Cache Warming warmCache should handle empty project list gracefully" name="FaviconService - Cache Warming warmCache should handle empty project list gracefully" time="0">
    </testcase>
    <testcase classname="FaviconService - Cache Warming warmCache should handle null/undefined project list gracefully" name="FaviconService - Cache Warming warmCache should handle null/undefined project list gracefully" time="0.001">
    </testcase>
    <testcase classname="FaviconService - Cache Warming warmCache should continue warming even if some projects fail" name="FaviconService - Cache Warming warmCache should continue warming even if some projects fail" time="0.002">
    </testcase>
    <testcase classname="FaviconService - Cache Warming warmCache should respect timeout and abort warming if exceeded" name="FaviconService - Cache Warming warmCache should respect timeout and abort warming if exceeded" time="0.208">
    </testcase>
    <testcase classname="FaviconService - Cache Warming warmCache should generate both regular and grayscale versions" name="FaviconService - Cache Warming warmCache should generate both regular and grayscale versions" time="0.002">
    </testcase>
    <testcase classname="FaviconService - Cache Warming warmCache should improve cache hit rate for warmed projects" name="FaviconService - Cache Warming warmCache should improve cache hit rate for warmed projects" time="0.003">
    </testcase>
    <testcase classname="FaviconService - Cache Warming warmCache should include warming results in final stats" name="FaviconService - Cache Warming warmCache should include warming results in final stats" time="0.004">
    </testcase>
    <testcase classname="FaviconService - Cache Warming warmCache - error handling should catch and log errors without crashing" name="FaviconService - Cache Warming warmCache - error handling should catch and log errors without crashing" time="0.001">
    </testcase>
    <testcase classname="FaviconService - Cache Warming warmCache - performance benchmarking should complete warming within reasonable time for small project set" name="FaviconService - Cache Warming warmCache - performance benchmarking should complete warming within reasonable time for small project set" time="0.007">
    </testcase>
    <testcase classname="FaviconService - Cache Warming warmCache - performance benchmarking should not block server startup (returns immediately)" name="FaviconService - Cache Warming warmCache - performance benchmarking should not block server startup (returns immediately)" time="0.004">
    </testcase>
  </testsuite>
  <testsuite name="SSEConnectionManager" errors="0" failures="0" skipped="0" timestamp="2025-12-20T07:16:34" time="0.276" tests="32">
    <testcase classname="SSEConnectionManager Constructor should initialize with default config values" name="SSEConnectionManager Constructor should initialize with default config values" time="0">
    </testcase>
    <testcase classname="SSEConnectionManager Constructor should initialize with custom config values" name="SSEConnectionManager Constructor should initialize with custom config values" time="0">
    </testcase>
    <testcase classname="SSEConnectionManager Constructor should allow 0 as valid limit value" name="SSEConnectionManager Constructor should allow 0 as valid limit value" time="0">
    </testcase>
    <testcase classname="SSEConnectionManager validateConnectionLimits should allow connection within limits" name="SSEConnectionManager validateConnectionLimits should allow connection within limits" time="0.001">
    </testcase>
    <testcase classname="SSEConnectionManager validateConnectionLimits should reject when global limit exceeded" name="SSEConnectionManager validateConnectionLimits should reject when global limit exceeded" time="0">
    </testcase>
    <testcase classname="SSEConnectionManager validateConnectionLimits should reject when per-IP limit exceeded" name="SSEConnectionManager validateConnectionLimits should reject when per-IP limit exceeded" time="0">
    </testcase>
    <testcase classname="SSEConnectionManager validateConnectionLimits should use atomic increment pattern (SEC-006)" name="SSEConnectionManager validateConnectionLimits should use atomic increment pattern (SEC-006)" time="0">
    </testcase>
    <testcase classname="SSEConnectionManager validateConnectionLimits should rollback both counters on per-IP limit rejection (SEC-006)" name="SSEConnectionManager validateConnectionLimits should rollback both counters on per-IP limit rejection (SEC-006)" time="0">
    </testcase>
    <testcase classname="SSEConnectionManager validateConnectionLimits should rollback only global counter on global limit rejection (SEC-006)" name="SSEConnectionManager validateConnectionLimits should rollback only global counter on global limit rejection (SEC-006)" time="0">
    </testcase>
    <testcase classname="SSEConnectionManager validateConnectionLimits should accept connection exactly at global limit" name="SSEConnectionManager validateConnectionLimits should accept connection exactly at global limit" time="0">
    </testcase>
    <testcase classname="SSEConnectionManager validateConnectionLimits should accept connection exactly at per-IP limit" name="SSEConnectionManager validateConnectionLimits should accept connection exactly at per-IP limit" time="0.001">
    </testcase>
    <testcase classname="SSEConnectionManager validateConnectionLimits should handle concurrent global limit checks correctly" name="SSEConnectionManager validateConnectionLimits should handle concurrent global limit checks correctly" time="0">
    </testcase>
    <testcase classname="SSEConnectionManager validateConnectionLimits should handle concurrent per-IP limit checks correctly" name="SSEConnectionManager validateConnectionLimits should handle concurrent per-IP limit checks correctly" time="0">
    </testcase>
    <testcase classname="SSEConnectionManager decrementCounters should decrement global counter only" name="SSEConnectionManager decrementCounters should decrement global counter only" time="0">
    </testcase>
    <testcase classname="SSEConnectionManager decrementCounters should rollback per-IP counter to previous value" name="SSEConnectionManager decrementCounters should rollback per-IP counter to previous value" time="0">
    </testcase>
    <testcase classname="SSEConnectionManager decrementCounters should decrement global and rollback per-IP" name="SSEConnectionManager decrementCounters should decrement global and rollback per-IP" time="0">
    </testcase>
    <testcase classname="SSEConnectionManager decrementCounters should handle empty options" name="SSEConnectionManager decrementCounters should handle empty options" time="0">
    </testcase>
    <testcase classname="SSEConnectionManager decrementCounters should handle perIP without previousPerIPCount" name="SSEConnectionManager decrementCounters should handle perIP without previousPerIPCount" time="0">
    </testcase>
    <testcase classname="SSEConnectionManager decrementCounters should handle rollback to zero" name="SSEConnectionManager decrementCounters should handle rollback to zero" time="0">
    </testcase>
    <testcase classname="SSEConnectionManager setupHeaders should set correct SSE headers" name="SSEConnectionManager setupHeaders should set correct SSE headers" time="0">
    </testcase>
    <testcase classname="SSEConnectionManager sendInitialState should send connected event" name="SSEConnectionManager sendInitialState should send connected event" time="0.001">
    </testcase>
    <testcase classname="SSEConnectionManager sendInitialState should send notification status" name="SSEConnectionManager sendInitialState should send notification status" time="0">
    </testcase>
    <testcase classname="SSEConnectionManager createCleanupHandler should create cleanup function" name="SSEConnectionManager createCleanupHandler should create cleanup function" time="0">
    </testcase>
    <testcase classname="SSEConnectionManager createCleanupHandler cleanup should decrement counters" name="SSEConnectionManager createCleanupHandler cleanup should decrement counters" time="0.001">
    </testcase>
    <testcase classname="SSEConnectionManager createCleanupHandler cleanup should remove IP when count reaches zero" name="SSEConnectionManager createCleanupHandler cleanup should remove IP when count reaches zero" time="0">
    </testcase>
    <testcase classname="SSEConnectionManager createCleanupHandler cleanup should clear keepalive interval" name="SSEConnectionManager createCleanupHandler cleanup should clear keepalive interval" time="0">
    </testcase>
    <testcase classname="SSEConnectionManager createCleanupHandler cleanup should call unsubscribe function" name="SSEConnectionManager createCleanupHandler cleanup should call unsubscribe function" time="0">
    </testcase>
    <testcase classname="SSEConnectionManager createCleanupHandler cleanup should handle unsubscribe errors gracefully" name="SSEConnectionManager createCleanupHandler cleanup should handle unsubscribe errors gracefully" time="0">
    </testcase>
    <testcase classname="SSEConnectionManager createCleanupHandler cleanup should prevent negative counters" name="SSEConnectionManager createCleanupHandler cleanup should prevent negative counters" time="0">
    </testcase>
    <testcase classname="SSEConnectionManager startKeepalive should create interval that writes keepalive" name="SSEConnectionManager startKeepalive should create interval that writes keepalive" time="0.153">
    </testcase>
    <testcase classname="SSEConnectionManager getStats should return correct statistics" name="SSEConnectionManager getStats should return correct statistics" time="0">
    </testcase>
    <testcase classname="SSEConnectionManager reset should reset all counters" name="SSEConnectionManager reset should reset all counters" time="0">
    </testcase>
  </testsuite>
  <testsuite name="Middleware Chain Integration Tests" errors="0" failures="0" skipped="0" timestamp="2025-12-20T07:16:34" time="0.274" tests="22">
    <testcase classname="Middleware Chain Integration Tests setupRequestLogging() should create request logging middleware" name="Middleware Chain Integration Tests setupRequestLogging() should create request logging middleware" time="0.001">
    </testcase>
    <testcase classname="Middleware Chain Integration Tests setupRequestLogging() should attach logger to request object" name="Middleware Chain Integration Tests setupRequestLogging() should attach logger to request object" time="0.002">
    </testcase>
    <testcase classname="Middleware Chain Integration Tests setupMetrics() should create metrics tracking middleware" name="Middleware Chain Integration Tests setupMetrics() should create metrics tracking middleware" time="0">
    </testcase>
    <testcase classname="Middleware Chain Integration Tests setupMetrics() should track request duration and count" name="Middleware Chain Integration Tests setupMetrics() should track request duration and count" time="0.002">
    </testcase>
    <testcase classname="Middleware Chain Integration Tests setupMetrics() should track different HTTP methods" name="Middleware Chain Integration Tests setupMetrics() should track different HTTP methods" time="0.002">
    </testcase>
    <testcase classname="Middleware Chain Integration Tests setupMetrics() should track error status codes" name="Middleware Chain Integration Tests setupMetrics() should track error status codes" time="0.002">
    </testcase>
    <testcase classname="Middleware Chain Integration Tests setupMetrics() should normalize route for consistent metrics" name="Middleware Chain Integration Tests setupMetrics() should normalize route for consistent metrics" time="0.001">
    </testcase>
    <testcase classname="Middleware Chain Integration Tests setupMetrics() should measure request duration accurately" name="Middleware Chain Integration Tests setupMetrics() should measure request duration accurately" time="0.102">
    </testcase>
    <testcase classname="Middleware Chain Integration Tests setupBodyParser() should create JSON body parser middleware" name="Middleware Chain Integration Tests setupBodyParser() should create JSON body parser middleware" time="0.001">
    </testcase>
    <testcase classname="Middleware Chain Integration Tests setupBodyParser() should parse JSON request bodies" name="Middleware Chain Integration Tests setupBodyParser() should parse JSON request bodies" time="0.005">
    </testcase>
    <testcase classname="Middleware Chain Integration Tests setupBodyParser() should enforce 10kb size limit" name="Middleware Chain Integration Tests setupBodyParser() should enforce 10kb size limit" time="0.003">
    </testcase>
    <testcase classname="Middleware Chain Integration Tests setupBodyParser() should accept payloads under size limit" name="Middleware Chain Integration Tests setupBodyParser() should accept payloads under size limit" time="0.001">
    </testcase>
    <testcase classname="Middleware Chain Integration Tests setupBodyParser() should handle invalid JSON gracefully" name="Middleware Chain Integration Tests setupBodyParser() should handle invalid JSON gracefully" time="0.001">
    </testcase>
    <testcase classname="Middleware Chain Integration Tests setupCompression() should create compression middleware" name="Middleware Chain Integration Tests setupCompression() should create compression middleware" time="0">
    </testcase>
    <testcase classname="Middleware Chain Integration Tests setupCompression() should compress large responses" name="Middleware Chain Integration Tests setupCompression() should compress large responses" time="0.003">
    </testcase>
    <testcase classname="Middleware Chain Integration Tests Middleware Chain Integration should execute middleware in correct order" name="Middleware Chain Integration Tests Middleware Chain Integration should execute middleware in correct order" time="0.001">
    </testcase>
    <testcase classname="Middleware Chain Integration Tests Middleware Chain Integration should allow middleware to modify request" name="Middleware Chain Integration Tests Middleware Chain Integration should allow middleware to modify request" time="0.005">
    </testcase>
    <testcase classname="Middleware Chain Integration Tests Middleware Chain Integration should allow middleware to modify response headers" name="Middleware Chain Integration Tests Middleware Chain Integration should allow middleware to modify response headers" time="0.001">
    </testcase>
    <testcase classname="Middleware Chain Integration Tests Middleware Chain Integration should handle errors in middleware chain" name="Middleware Chain Integration Tests Middleware Chain Integration should handle errors in middleware chain" time="0.001">
    </testcase>
    <testcase classname="Middleware Chain Integration Tests Middleware Chain Integration should stop middleware chain on response" name="Middleware Chain Integration Tests Middleware Chain Integration should stop middleware chain on response" time="0.001">
    </testcase>
    <testcase classname="Middleware Chain Integration Tests Request Logging and Metrics Together should work together without conflicts" name="Middleware Chain Integration Tests Request Logging and Metrics Together should work together without conflicts" time="0.001">
    </testcase>
    <testcase classname="Middleware Chain Integration Tests Request Logging and Metrics Together should track metrics even when logging fails" name="Middleware Chain Integration Tests Request Logging and Metrics Together should track metrics even when logging fails" time="0.001">
    </testcase>
  </testsuite>
  <testsuite name="Config Module" errors="0" failures="0" skipped="0" timestamp="2025-12-20T07:16:34" time="0.247" tests="51">
    <testcase classname="Config Module Default Configuration should load with default values when no env vars set" name="Config Module Default Configuration should load with default values when no env vars set" time="0.006">
    </testcase>
    <testcase classname="Config Module Default Configuration should have valid allowed paths by default" name="Config Module Default Configuration should have valid allowed paths by default" time="0.003">
    </testcase>
    <testcase classname="Config Module Default Configuration should have valid CORS origins by default" name="Config Module Default Configuration should have valid CORS origins by default" time="0.003">
    </testcase>
    <testcase classname="Config Module Default Configuration should have valid rate limit defaults" name="Config Module Default Configuration should have valid rate limit defaults" time="0.002">
    </testcase>
    <testcase classname="Config Module Default Configuration should have valid log level default" name="Config Module Default Configuration should have valid log level default" time="0.002">
    </testcase>
    <testcase classname="Config Module Environment Variable Parsing should parse SERVICE_PORT from environment" name="Config Module Environment Variable Parsing should parse SERVICE_PORT from environment" time="0.002">
    </testcase>
    <testcase classname="Config Module Environment Variable Parsing should parse NODE_ENV from environment" name="Config Module Environment Variable Parsing should parse NODE_ENV from environment" time="0.002">
    </testcase>
    <testcase classname="Config Module Environment Variable Parsing should parse REGISTRY_PATH from environment" name="Config Module Environment Variable Parsing should parse REGISTRY_PATH from environment" time="0.003">
    </testcase>
    <testcase classname="Config Module Environment Variable Parsing should parse comma-separated ALLOWED_PATHS" name="Config Module Environment Variable Parsing should parse comma-separated ALLOWED_PATHS" time="0.002">
    </testcase>
    <testcase classname="Config Module Environment Variable Parsing should trim whitespace from comma-separated values" name="Config Module Environment Variable Parsing should trim whitespace from comma-separated values" time="0.002">
    </testcase>
    <testcase classname="Config Module Environment Variable Parsing should parse numeric configuration values" name="Config Module Environment Variable Parsing should parse numeric configuration values" time="0.004">
    </testcase>
    <testcase classname="Config Module Environment Variable Parsing should parse CORS_ORIGINS comma-separated list" name="Config Module Environment Variable Parsing should parse CORS_ORIGINS comma-separated list" time="0.002">
    </testcase>
    <testcase classname="Config Module Configuration Validation - Ports should accept valid port range" name="Config Module Configuration Validation - Ports should accept valid port range" time="0.003">
    </testcase>
    <testcase classname="Config Module Configuration Validation - Ports should accept port 1" name="Config Module Configuration Validation - Ports should accept port 1" time="0.002">
    </testcase>
    <testcase classname="Config Module Configuration Validation - Ports should accept port 65535" name="Config Module Configuration Validation - Ports should accept port 65535" time="0.002">
    </testcase>
    <testcase classname="Config Module Configuration Validation - Paths should accept valid ALLOWED_PATHS" name="Config Module Configuration Validation - Paths should accept valid ALLOWED_PATHS" time="0.003">
    </testcase>
    <testcase classname="Config Module Configuration Validation - Paths should accept valid REGISTRY_PATH" name="Config Module Configuration Validation - Paths should accept valid REGISTRY_PATH" time="0.002">
    </testcase>
    <testcase classname="Config Module Configuration Validation - Cache should accept zero CACHE_MAX_SIZE" name="Config Module Configuration Validation - Cache should accept zero CACHE_MAX_SIZE" time="0.003">
    </testcase>
    <testcase classname="Config Module Configuration Validation - Cache should accept positive CACHE_MAX_SIZE" name="Config Module Configuration Validation - Cache should accept positive CACHE_MAX_SIZE" time="0.003">
    </testcase>
    <testcase classname="Config Module Configuration Validation - Cache should accept positive CACHE_TTL" name="Config Module Configuration Validation - Cache should accept positive CACHE_TTL" time="0.002">
    </testcase>
    <testcase classname="Config Module Configuration Validation - Rate Limiting should accept RATE_LIMIT_WINDOW of exactly 1000ms" name="Config Module Configuration Validation - Rate Limiting should accept RATE_LIMIT_WINDOW of exactly 1000ms" time="0.005">
    </testcase>
    <testcase classname="Config Module Configuration Validation - Rate Limiting should accept RATE_LIMIT_WINDOW above 1000ms" name="Config Module Configuration Validation - Rate Limiting should accept RATE_LIMIT_WINDOW above 1000ms" time="0.003">
    </testcase>
    <testcase classname="Config Module Configuration Validation - Rate Limiting should accept RATE_LIMIT_MAX of 1" name="Config Module Configuration Validation - Rate Limiting should accept RATE_LIMIT_MAX of 1" time="0.002">
    </testcase>
    <testcase classname="Config Module Configuration Validation - Rate Limiting should accept RATE_LIMIT_NOTIFICATION_WINDOW of exactly 1000ms" name="Config Module Configuration Validation - Rate Limiting should accept RATE_LIMIT_NOTIFICATION_WINDOW of exactly 1000ms" time="0.003">
    </testcase>
    <testcase classname="Config Module Configuration Validation - Rate Limiting should accept RATE_LIMIT_NOTIFICATION_MAX of 1" name="Config Module Configuration Validation - Rate Limiting should accept RATE_LIMIT_NOTIFICATION_MAX of 1" time="0.002">
    </testcase>
    <testcase classname="Config Module Configuration Validation - Notifications should accept NOTIFICATION_MAX_COUNT of 1" name="Config Module Configuration Validation - Notifications should accept NOTIFICATION_MAX_COUNT of 1" time="0.002">
    </testcase>
    <testcase classname="Config Module Configuration Validation - Notifications should accept NOTIFICATION_TTL_MS of exactly 1000ms" name="Config Module Configuration Validation - Notifications should accept NOTIFICATION_TTL_MS of exactly 1000ms" time="0.002">
    </testcase>
    <testcase classname="Config Module Configuration Validation - Notifications should accept NOTIFICATION_CLEANUP_INTERVAL_MS of exactly 1000ms" name="Config Module Configuration Validation - Notifications should accept NOTIFICATION_CLEANUP_INTERVAL_MS of exactly 1000ms" time="0.002">
    </testcase>
    <testcase classname="Config Module Configuration Validation - SSE should accept SSE_MAX_CONNECTIONS_PER_IP of 1" name="Config Module Configuration Validation - SSE should accept SSE_MAX_CONNECTIONS_PER_IP of 1" time="0.002">
    </testcase>
    <testcase classname="Config Module Configuration Validation - SSE should accept SSE_GLOBAL_LIMIT of 1" name="Config Module Configuration Validation - SSE should accept SSE_GLOBAL_LIMIT of 1" time="0.002">
    </testcase>
    <testcase classname="Config Module Configuration Validation - SSE should accept SSE_KEEPALIVE_INTERVAL of exactly 1000ms" name="Config Module Configuration Validation - SSE should accept SSE_KEEPALIVE_INTERVAL of exactly 1000ms" time="0.002">
    </testcase>
    <testcase classname="Config Module Configuration Validation - Compression should accept COMPRESSION_LEVEL of 0" name="Config Module Configuration Validation - Compression should accept COMPRESSION_LEVEL of 0" time="0.002">
    </testcase>
    <testcase classname="Config Module Configuration Validation - Compression should accept COMPRESSION_LEVEL of 9" name="Config Module Configuration Validation - Compression should accept COMPRESSION_LEVEL of 9" time="0.002">
    </testcase>
    <testcase classname="Config Module Configuration Validation - Compression should accept COMPRESSION_LEVEL between 0 and 9" name="Config Module Configuration Validation - Compression should accept COMPRESSION_LEVEL between 0 and 9" time="0.002">
    </testcase>
    <testcase classname="Config Module Configuration Validation - Compression should accept zero COMPRESSION_THRESHOLD" name="Config Module Configuration Validation - Compression should accept zero COMPRESSION_THRESHOLD" time="0.002">
    </testcase>
    <testcase classname="Config Module Configuration Validation - Graceful Shutdown should accept GRACEFUL_SHUTDOWN_TIMEOUT of exactly 1000ms" name="Config Module Configuration Validation - Graceful Shutdown should accept GRACEFUL_SHUTDOWN_TIMEOUT of exactly 1000ms" time="0.002">
    </testcase>
    <testcase classname="Config Module Configuration Validation - Graceful Shutdown should accept GRACEFUL_SHUTDOWN_TIMEOUT above 1000ms" name="Config Module Configuration Validation - Graceful Shutdown should accept GRACEFUL_SHUTDOWN_TIMEOUT above 1000ms" time="0.002">
    </testcase>
    <testcase classname="Config Module Configuration Validation - Log Level should accept valid LOG_LEVEL values" name="Config Module Configuration Validation - Log Level should accept valid LOG_LEVEL values" time="0.007">
    </testcase>
    <testcase classname="Config Module Configuration Validation - Log Level should accept error log level" name="Config Module Configuration Validation - Log Level should accept error log level" time="0.002">
    </testcase>
    <testcase classname="Config Module Configuration Validation - Log Level should accept warn log level" name="Config Module Configuration Validation - Log Level should accept warn log level" time="0.002">
    </testcase>
    <testcase classname="Config Module Configuration Validation - Log Level should accept info log level" name="Config Module Configuration Validation - Log Level should accept info log level" time="0.002">
    </testcase>
    <testcase classname="Config Module Configuration Validation - Log Level should accept debug log level" name="Config Module Configuration Validation - Log Level should accept debug log level" time="0.003">
    </testcase>
    <testcase classname="Config Module Type Colors Configuration should have default type colors" name="Config Module Type Colors Configuration should have default type colors" time="0.002">
    </testcase>
    <testcase classname="Config Module Type Colors Configuration should allow custom type colors via env vars" name="Config Module Type Colors Configuration should allow custom type colors via env vars" time="0.002">
    </testcase>
    <testcase classname="Config Module Type Colors Configuration should have default color palette" name="Config Module Type Colors Configuration should have default color palette" time="0.003">
    </testcase>
    <testcase classname="Config Module Type Colors Configuration should parse custom DEFAULT_COLORS from env" name="Config Module Type Colors Configuration should parse custom DEFAULT_COLORS from env" time="0.003">
    </testcase>
    <testcase classname="Config Module Edge Cases should handle empty string in comma-separated list" name="Config Module Edge Cases should handle empty string in comma-separated list" time="0.003">
    </testcase>
    <testcase classname="Config Module Edge Cases should trim whitespace from color values" name="Config Module Edge Cases should trim whitespace from color values" time="0.002">
    </testcase>
    <testcase classname="Config Module Edge Cases should handle multiple allowed paths" name="Config Module Edge Cases should handle multiple allowed paths" time="0.002">
    </testcase>
    <testcase classname="Config Module All Configuration Properties should have all required configuration properties" name="Config Module All Configuration Properties should have all required configuration properties" time="0.003">
    </testcase>
    <testcase classname="Config Module All Configuration Properties should have correct data types for all properties" name="Config Module All Configuration Properties should have correct data types for all properties" time="0.003">
    </testcase>
  </testsuite>
  <testsuite name="POST /api/paste-image - Text Content Validation" errors="0" failures="0" skipped="0" timestamp="2025-12-20T07:16:34" time="0.291" tests="26">
    <testcase classname="POST /api/paste-image - Text Content Validation Valid Text Files should accept valid UTF-8 text file" name="POST /api/paste-image - Text Content Validation Valid Text Files should accept valid UTF-8 text file" time="0.008">
    </testcase>
    <testcase classname="POST /api/paste-image - Text Content Validation Valid Text Files should accept text with Unicode characters" name="POST /api/paste-image - Text Content Validation Valid Text Files should accept text with Unicode characters" time="0.007">
    </testcase>
    <testcase classname="POST /api/paste-image - Text Content Validation Valid Text Files should accept JSON with proper encoding" name="POST /api/paste-image - Text Content Validation Valid Text Files should accept JSON with proper encoding" time="0.003">
    </testcase>
    <testcase classname="POST /api/paste-image - Text Content Validation Valid Text Files should accept markdown with code blocks" name="POST /api/paste-image - Text Content Validation Valid Text Files should accept markdown with code blocks" time="0.002">
    </testcase>
    <testcase classname="POST /api/paste-image - Text Content Validation Valid Text Files should accept CSV data" name="POST /api/paste-image - Text Content Validation Valid Text Files should accept CSV data" time="0.006">
    </testcase>
    <testcase classname="POST /api/paste-image - Text Content Validation Valid Text Files should accept text with long but acceptable lines (&lt; 10KB)" name="POST /api/paste-image - Text Content Validation Valid Text Files should accept text with long but acceptable lines (&lt; 10KB)" time="0.002">
    </testcase>
    <testcase classname="POST /api/paste-image - Text Content Validation Null Byte Detection should reject text file with null byte at start (415)" name="POST /api/paste-image - Text Content Validation Null Byte Detection should reject text file with null byte at start (415)" time="0.001">
    </testcase>
    <testcase classname="POST /api/paste-image - Text Content Validation Null Byte Detection should reject text file with null byte in middle (415)" name="POST /api/paste-image - Text Content Validation Null Byte Detection should reject text file with null byte in middle (415)" time="0.002">
    </testcase>
    <testcase classname="POST /api/paste-image - Text Content Validation Null Byte Detection should reject text file with null byte at end (415)" name="POST /api/paste-image - Text Content Validation Null Byte Detection should reject text file with null byte at end (415)" time="0.001">
    </testcase>
    <testcase classname="POST /api/paste-image - Text Content Validation Null Byte Detection should reject text file with multiple null bytes (415)" name="POST /api/paste-image - Text Content Validation Null Byte Detection should reject text file with multiple null bytes (415)" time="0.001">
    </testcase>
    <testcase classname="POST /api/paste-image - Text Content Validation Null Byte Detection should reject JSON with null byte (415)" name="POST /api/paste-image - Text Content Validation Null Byte Detection should reject JSON with null byte (415)" time="0.001">
    </testcase>
    <testcase classname="POST /api/paste-image - Text Content Validation Invalid UTF-8 Encoding should reject text with invalid UTF-8 sequences (415)" name="POST /api/paste-image - Text Content Validation Invalid UTF-8 Encoding should reject text with invalid UTF-8 sequences (415)" time="0.001">
    </testcase>
    <testcase classname="POST /api/paste-image - Text Content Validation Invalid UTF-8 Encoding should reject text with truncated multi-byte UTF-8 character (415)" name="POST /api/paste-image - Text Content Validation Invalid UTF-8 Encoding should reject text with truncated multi-byte UTF-8 character (415)" time="0.002">
    </testcase>
    <testcase classname="POST /api/paste-image - Text Content Validation Invalid UTF-8 Encoding should reject binary data disguised as text (415)" name="POST /api/paste-image - Text Content Validation Invalid UTF-8 Encoding should reject binary data disguised as text (415)" time="0.001">
    </testcase>
    <testcase classname="POST /api/paste-image - Text Content Validation Invalid UTF-8 Encoding should reject text with overlong UTF-8 encoding (415)" name="POST /api/paste-image - Text Content Validation Invalid UTF-8 Encoding should reject text with overlong UTF-8 encoding (415)" time="0.001">
    </testcase>
    <testcase classname="POST /api/paste-image - Text Content Validation Line Length Validation should reject text with line exceeding 10KB (415)" name="POST /api/paste-image - Text Content Validation Line Length Validation should reject text with line exceeding 10KB (415)" time="0.001">
    </testcase>
    <testcase classname="POST /api/paste-image - Text Content Validation Line Length Validation should reject text with multiple overly long lines (415)" name="POST /api/paste-image - Text Content Validation Line Length Validation should reject text with multiple overly long lines (415)" time="0.001">
    </testcase>
    <testcase classname="POST /api/paste-image - Text Content Validation Line Length Validation should reject JSON with overly long field value (415)" name="POST /api/paste-image - Text Content Validation Line Length Validation should reject JSON with overly long field value (415)" time="0.001">
    </testcase>
    <testcase classname="POST /api/paste-image - Text Content Validation Line Length Validation should accept text at exactly 10KB line limit" name="POST /api/paste-image - Text Content Validation Line Length Validation should accept text at exactly 10KB line limit" time="0.001">
    </testcase>
    <testcase classname="POST /api/paste-image - Text Content Validation Content Size Validation should accept text file near max size (&lt; 10MB)" name="POST /api/paste-image - Text Content Validation Content Size Validation should accept text file near max size (&lt; 10MB)" time="0.033">
    </testcase>
    <testcase classname="POST /api/paste-image - Text Content Validation Content Size Validation should reject text file exceeding max size (&gt; 10MB)" name="POST /api/paste-image - Text Content Validation Content Size Validation should reject text file exceeding max size (&gt; 10MB)" time="0.02">
    </testcase>
    <testcase classname="POST /api/paste-image - Text Content Validation Edge Cases should accept empty text file" name="POST /api/paste-image - Text Content Validation Edge Cases should accept empty text file" time="0.003">
    </testcase>
    <testcase classname="POST /api/paste-image - Text Content Validation Edge Cases should accept single character file" name="POST /api/paste-image - Text Content Validation Edge Cases should accept single character file" time="0.002">
    </testcase>
    <testcase classname="POST /api/paste-image - Text Content Validation Edge Cases should accept text with only newlines" name="POST /api/paste-image - Text Content Validation Edge Cases should accept text with only newlines" time="0.006">
    </testcase>
    <testcase classname="POST /api/paste-image - Text Content Validation Edge Cases should accept text with CRLF line endings" name="POST /api/paste-image - Text Content Validation Edge Cases should accept text with CRLF line endings" time="0.002">
    </testcase>
    <testcase classname="POST /api/paste-image - Text Content Validation Edge Cases should accept text with mixed line endings" name="POST /api/paste-image - Text Content Validation Edge Cases should accept text with mixed line endings" time="0.001">
    </testcase>
  </testsuite>
  <testsuite name="POST /api/paste-image" errors="0" failures="0" skipped="0" timestamp="2025-12-20T07:16:34" time="0.197" tests="20">
    <testcase classname="POST /api/paste-image Success Cases should upload PNG image successfully" name="POST /api/paste-image Success Cases should upload PNG image successfully" time="0.006">
    </testcase>
    <testcase classname="POST /api/paste-image Success Cases should create tasks directory if it does not exist" name="POST /api/paste-image Success Cases should create tasks directory if it does not exist" time="0.002">
    </testcase>
    <testcase classname="POST /api/paste-image Success Cases should accept JPEG images" name="POST /api/paste-image Success Cases should accept JPEG images" time="0.002">
    </testcase>
    <testcase classname="POST /api/paste-image Success Cases should accept WebP images" name="POST /api/paste-image Success Cases should accept WebP images" time="0.002">
    </testcase>
    <testcase classname="POST /api/paste-image Success Cases should accept text files" name="POST /api/paste-image Success Cases should accept text files" time="0.002">
    </testcase>
    <testcase classname="POST /api/paste-image Success Cases should accept JSON files" name="POST /api/paste-image Success Cases should accept JSON files" time="0.002">
    </testcase>
    <testcase classname="POST /api/paste-image Error Cases - MIME Type Validation should reject invalid MIME type (415)" name="POST /api/paste-image Error Cases - MIME Type Validation should reject invalid MIME type (415)" time="0.001">
    </testcase>
    <testcase classname="POST /api/paste-image Error Cases - MIME Type Validation should reject SVG images (415)" name="POST /api/paste-image Error Cases - MIME Type Validation should reject SVG images (415)" time="0">
    </testcase>
    <testcase classname="POST /api/paste-image Error Cases - File Size Validation should reject files larger than 10MB (413)" name="POST /api/paste-image Error Cases - File Size Validation should reject files larger than 10MB (413)" time="0.008">
    </testcase>
    <testcase classname="POST /api/paste-image Error Cases - Missing Fields should reject request without image field (400)" name="POST /api/paste-image Error Cases - Missing Fields should reject request without image field (400)" time="0.001">
    </testcase>
    <testcase classname="POST /api/paste-image Error Cases - Missing Fields should reject request without folder field (400)" name="POST /api/paste-image Error Cases - Missing Fields should reject request without folder field (400)" time="0">
    </testcase>
    <testcase classname="POST /api/paste-image Error Cases - Path Validation should reject path traversal attempt (403)" name="POST /api/paste-image Error Cases - Path Validation should reject path traversal attempt (403)" time="0.001">
    </testcase>
    <testcase classname="POST /api/paste-image Error Cases - Path Validation should reject invalid path (403)" name="POST /api/paste-image Error Cases - Path Validation should reject invalid path (403)" time="0.001">
    </testcase>
    <testcase classname="POST /api/paste-image Filename Generation should generate unique timestamped filenames" name="POST /api/paste-image Filename Generation should generate unique timestamped filenames" time="0.003">
    </testcase>
    <testcase classname="POST /api/paste-image Filename Generation should use correct file extension based on detected MIME type" name="POST /api/paste-image Filename Generation should use correct file extension based on detected MIME type" time="0.001">
    </testcase>
    <testcase classname="POST /api/paste-image Security - MIME Type Spoofing Prevention should reject text file disguised as PNG via Content-Type (415)" name="POST /api/paste-image Security - MIME Type Spoofing Prevention should reject text file disguised as PNG via Content-Type (415)" time="0.001">
    </testcase>
    <testcase classname="POST /api/paste-image Security - MIME Type Spoofing Prevention should reject HTML file disguised as JPEG (415)" name="POST /api/paste-image Security - MIME Type Spoofing Prevention should reject HTML file disguised as JPEG (415)" time="0.001">
    </testcase>
    <testcase classname="POST /api/paste-image Security - MIME Type Spoofing Prevention should reject PHP script disguised as PNG (415)" name="POST /api/paste-image Security - MIME Type Spoofing Prevention should reject PHP script disguised as PNG (415)" time="0">
    </testcase>
    <testcase classname="POST /api/paste-image Security - MIME Type Spoofing Prevention should reject executable disguised as WebP (415)" name="POST /api/paste-image Security - MIME Type Spoofing Prevention should reject executable disguised as WebP (415)" time="0.002">
    </testcase>
    <testcase classname="POST /api/paste-image Security - Information Disclosure Prevention should not return full filesystem path in response" name="POST /api/paste-image Security - Information Disclosure Prevention should not return full filesystem path in response" time="0.002">
    </testcase>
  </testsuite>
  <testsuite name="Graceful Shutdown Module" errors="0" failures="0" skipped="0" timestamp="2025-12-20T07:16:34" time="0.225" tests="19">
    <testcase classname="Graceful Shutdown Module stopHTTPServer() should close HTTP server successfully" name="Graceful Shutdown Module stopHTTPServer() should close HTTP server successfully" time="0">
    </testcase>
    <testcase classname="Graceful Shutdown Module stopHTTPServer() should handle null server gracefully" name="Graceful Shutdown Module stopHTTPServer() should handle null server gracefully" time="0.001">
    </testcase>
    <testcase classname="Graceful Shutdown Module stopHTTPServer() should handle undefined server gracefully" name="Graceful Shutdown Module stopHTTPServer() should handle undefined server gracefully" time="0">
    </testcase>
    <testcase classname="Graceful Shutdown Module stopHTTPServer() should wait for server close callback" name="Graceful Shutdown Module stopHTTPServer() should wait for server close callback" time="0.102">
    </testcase>
    <testcase classname="Graceful Shutdown Module stopCleanupInterval() should stop cleanup interval" name="Graceful Shutdown Module stopCleanupInterval() should stop cleanup interval" time="0">
    </testcase>
    <testcase classname="Graceful Shutdown Module stopCleanupInterval() should handle null interval gracefully" name="Graceful Shutdown Module stopCleanupInterval() should handle null interval gracefully" time="0">
    </testcase>
    <testcase classname="Graceful Shutdown Module stopCleanupInterval() should handle undefined interval gracefully" name="Graceful Shutdown Module stopCleanupInterval() should handle undefined interval gracefully" time="0">
    </testcase>
    <testcase classname="Graceful Shutdown Module saveNotificationsOnShutdown() should save notifications immediately" name="Graceful Shutdown Module saveNotificationsOnShutdown() should save notifications immediately" time="0.001">
    </testcase>
    <testcase classname="Graceful Shutdown Module saveNotificationsOnShutdown() should propagate notification save errors" name="Graceful Shutdown Module saveNotificationsOnShutdown() should propagate notification save errors" time="0">
    </testcase>
    <testcase classname="Graceful Shutdown Module closeRegistryWatcher() should close registry watcher" name="Graceful Shutdown Module closeRegistryWatcher() should close registry watcher" time="0">
    </testcase>
    <testcase classname="Graceful Shutdown Module setupForceExitTimeout() should setup force exit timeout" name="Graceful Shutdown Module setupForceExitTimeout() should setup force exit timeout" time="0.001">
    </testcase>
    <testcase classname="Graceful Shutdown Module setupForceExitTimeout() should force exit after timeout" name="Graceful Shutdown Module setupForceExitTimeout() should force exit after timeout" time="0.001">
    </testcase>
    <testcase classname="Graceful Shutdown Module setupForceExitTimeout() should not force exit if cleared before timeout" name="Graceful Shutdown Module setupForceExitTimeout() should not force exit if cleared before timeout" time="0">
    </testcase>
    <testcase classname="Graceful Shutdown Module gracefulShutdown() should perform graceful shutdown for SIGTERM" name="Graceful Shutdown Module gracefulShutdown() should perform graceful shutdown for SIGTERM" time="0">
    </testcase>
    <testcase classname="Graceful Shutdown Module gracefulShutdown() should handle server close errors gracefully" name="Graceful Shutdown Module gracefulShutdown() should handle server close errors gracefully" time="0">
    </testcase>
    <testcase classname="Graceful Shutdown Module registerShutdownHandlers() should register SIGTERM handler" name="Graceful Shutdown Module registerShutdownHandlers() should register SIGTERM handler" time="0.001">
    </testcase>
    <testcase classname="Graceful Shutdown Module registerShutdownHandlers() should register SIGINT handler" name="Graceful Shutdown Module registerShutdownHandlers() should register SIGINT handler" time="0">
    </testcase>
    <testcase classname="Graceful Shutdown Module registerShutdownHandlers() should log fatal on uncaughtException" name="Graceful Shutdown Module registerShutdownHandlers() should log fatal on uncaughtException" time="0">
    </testcase>
    <testcase classname="Graceful Shutdown Module registerShutdownHandlers() should log error on unhandledRejection" name="Graceful Shutdown Module registerShutdownHandlers() should log error on unhandledRejection" time="0.001">
    </testcase>
  </testsuite>
  <testsuite name="Route Error Path Integration Tests" errors="0" failures="0" skipped="1" timestamp="2025-12-20T07:16:35" time="0.192" tests="29">
    <testcase classname="Route Error Path Integration Tests Favicon Routes Error Paths should return error for missing folder parameter" name="Route Error Path Integration Tests Favicon Routes Error Paths should return error for missing folder parameter" time="0.003">
    </testcase>
    <testcase classname="Route Error Path Integration Tests Favicon Routes Error Paths should return 403 for path outside allowed paths" name="Route Error Path Integration Tests Favicon Routes Error Paths should return 403 for path outside allowed paths" time="0.001">
    </testcase>
    <testcase classname="Route Error Path Integration Tests Favicon Routes Error Paths should return 403 for path traversal attempt" name="Route Error Path Integration Tests Favicon Routes Error Paths should return 403 for path traversal attempt" time="0.001">
    </testcase>
    <testcase classname="Route Error Path Integration Tests Favicon Routes Error Paths should handle favicon service errors gracefully" name="Route Error Path Integration Tests Favicon Routes Error Paths should handle favicon service errors gracefully" time="0.001">
    </testcase>
    <testcase classname="Route Error Path Integration Tests Favicon Routes Error Paths should handle invalid grayscale parameter" name="Route Error Path Integration Tests Favicon Routes Error Paths should handle invalid grayscale parameter" time="0.001">
    </testcase>
    <testcase classname="Route Error Path Integration Tests Notification Routes Error Paths should return 400 for POST without folder" name="Route Error Path Integration Tests Notification Routes Error Paths should return 400 for POST without folder" time="0.007">
    </testcase>
    <testcase classname="Route Error Path Integration Tests Notification Routes Error Paths should accept POST without message (uses default)" name="Route Error Path Integration Tests Notification Routes Error Paths should accept POST without message (uses default)" time="0.002">
    </testcase>
    <testcase classname="Route Error Path Integration Tests Notification Routes Error Paths should return 403 for notification access outside allowed paths" name="Route Error Path Integration Tests Notification Routes Error Paths should return 403 for notification access outside allowed paths" time="0.001">
    </testcase>
    <testcase classname="Route Error Path Integration Tests Notification Routes Error Paths should return hasNotification: false for GET status with no notification" name="Route Error Path Integration Tests Notification Routes Error Paths should return hasNotification: false for GET status with no notification" time="0.001">
    </testcase>
    <testcase classname="Route Error Path Integration Tests Notification Routes Error Paths should return 400 for DELETE without folder" name="Route Error Path Integration Tests Notification Routes Error Paths should return 400 for DELETE without folder" time="0.001">
    </testcase>
    <testcase classname="Route Error Path Integration Tests Notification Routes Error Paths should return 403 for mark-read with invalid path" name="Route Error Path Integration Tests Notification Routes Error Paths should return 403 for mark-read with invalid path" time="0">
    </testcase>
    <testcase classname="Route Error Path Integration Tests Notification Routes Error Paths should handle notification store errors" name="Route Error Path Integration Tests Notification Routes Error Paths should handle notification store errors" time="0">
      <skipped/>
    </testcase>
    <testcase classname="Route Error Path Integration Tests Health Routes Error Paths should return health status" name="Route Error Path Integration Tests Health Routes Error Paths should return health status" time="0.001">
    </testcase>
    <testcase classname="Route Error Path Integration Tests Health Routes Error Paths should handle missing uptime gracefully" name="Route Error Path Integration Tests Health Routes Error Paths should handle missing uptime gracefully" time="0">
    </testcase>
    <testcase classname="Route Error Path Integration Tests Health Routes Error Paths should always return 200 for liveness probe" name="Route Error Path Integration Tests Health Routes Error Paths should always return 200 for liveness probe" time="0.001">
    </testcase>
    <testcase classname="Route Error Path Integration Tests Health Routes Error Paths should return readiness probe status" name="Route Error Path Integration Tests Health Routes Error Paths should return readiness probe status" time="0.001">
    </testcase>
    <testcase classname="Route Error Path Integration Tests Admin Routes Error Paths should return 403 for cache clear from unauthorized IP" name="Route Error Path Integration Tests Admin Routes Error Paths should return 403 for cache clear from unauthorized IP" time="0.001">
    </testcase>
    <testcase classname="Route Error Path Integration Tests Admin Routes Error Paths should return 404 for extension download when file missing" name="Route Error Path Integration Tests Admin Routes Error Paths should return 404 for extension download when file missing" time="0.001">
    </testcase>
    <testcase classname="Route Error Path Integration Tests Error Response Consistency should return JSON error responses" name="Route Error Path Integration Tests Error Response Consistency should return JSON error responses" time="0.001">
    </testcase>
    <testcase classname="Route Error Path Integration Tests Error Response Consistency should not expose internal error details" name="Route Error Path Integration Tests Error Response Consistency should not expose internal error details" time="0.001">
    </testcase>
    <testcase classname="Route Error Path Integration Tests Error Response Consistency should include appropriate HTTP status codes" name="Route Error Path Integration Tests Error Response Consistency should include appropriate HTTP status codes" time="0.002">
    </testcase>
    <testcase classname="Route Error Path Integration Tests Path Validation Edge Cases should reject null byte in path" name="Route Error Path Integration Tests Path Validation Edge Cases should reject null byte in path" time="0.001">
    </testcase>
    <testcase classname="Route Error Path Integration Tests Path Validation Edge Cases should reject path with .. components" name="Route Error Path Integration Tests Path Validation Edge Cases should reject path with .. components" time="0.001">
    </testcase>
    <testcase classname="Route Error Path Integration Tests Path Validation Edge Cases should reject relative paths" name="Route Error Path Integration Tests Path Validation Edge Cases should reject relative paths" time="0.001">
    </testcase>
    <testcase classname="Route Error Path Integration Tests Path Validation Edge Cases should reject empty folder parameter" name="Route Error Path Integration Tests Path Validation Edge Cases should reject empty folder parameter" time="0">
    </testcase>
    <testcase classname="Route Error Path Integration Tests Path Validation Edge Cases should reject folder parameter with only whitespace" name="Route Error Path Integration Tests Path Validation Edge Cases should reject folder parameter with only whitespace" time="0.001">
    </testcase>
    <testcase classname="Route Error Path Integration Tests Content-Type Validation should handle missing Content-Type header" name="Route Error Path Integration Tests Content-Type Validation should handle missing Content-Type header" time="0.001">
    </testcase>
    <testcase classname="Route Error Path Integration Tests Content-Type Validation should accept application/json Content-Type" name="Route Error Path Integration Tests Content-Type Validation should accept application/json Content-Type" time="0.001">
    </testcase>
    <testcase classname="Route Error Path Integration Tests Rate Limiter Error Scenarios should handle rate limiter errors gracefully" name="Route Error Path Integration Tests Rate Limiter Error Scenarios should handle rate limiter errors gracefully" time="0.001">
    </testcase>
  </testsuite>
  <testsuite name="CSRF Protection (SEC-007)" errors="0" failures="0" skipped="0" timestamp="2025-12-20T07:16:35" time="0.176" tests="26">
    <testcase classname="CSRF Protection (SEC-007) POST endpoint protection should reject POST request without X-Requested-With header (403)" name="CSRF Protection (SEC-007) POST endpoint protection should reject POST request without X-Requested-With header (403)" time="0.023">
    </testcase>
    <testcase classname="CSRF Protection (SEC-007) POST endpoint protection should accept POST request with X-Requested-With header (200)" name="CSRF Protection (SEC-007) POST endpoint protection should accept POST request with X-Requested-With header (200)" time="0.001">
    </testcase>
    <testcase classname="CSRF Protection (SEC-007) POST endpoint protection should reject POST request with empty X-Requested-With header (403)" name="CSRF Protection (SEC-007) POST endpoint protection should reject POST request with empty X-Requested-With header (403)" time="0.001">
    </testcase>
    <testcase classname="CSRF Protection (SEC-007) POST endpoint protection should reject POST request with whitespace-only X-Requested-With header (403)" name="CSRF Protection (SEC-007) POST endpoint protection should reject POST request with whitespace-only X-Requested-With header (403)" time="0.001">
    </testcase>
    <testcase classname="CSRF Protection (SEC-007) POST endpoint protection should accept POST request with custom X-Requested-With value (200)" name="CSRF Protection (SEC-007) POST endpoint protection should accept POST request with custom X-Requested-With value (200)" time="0.001">
    </testcase>
    <testcase classname="CSRF Protection (SEC-007) DELETE endpoint protection should reject DELETE request without X-Requested-With header (403)" name="CSRF Protection (SEC-007) DELETE endpoint protection should reject DELETE request without X-Requested-With header (403)" time="0.001">
    </testcase>
    <testcase classname="CSRF Protection (SEC-007) DELETE endpoint protection should accept DELETE request with X-Requested-With header (200)" name="CSRF Protection (SEC-007) DELETE endpoint protection should accept DELETE request with X-Requested-With header (200)" time="0.001">
    </testcase>
    <testcase classname="CSRF Protection (SEC-007) PUT endpoint protection should reject PUT request without X-Requested-With header (403)" name="CSRF Protection (SEC-007) PUT endpoint protection should reject PUT request without X-Requested-With header (403)" time="0.001">
    </testcase>
    <testcase classname="CSRF Protection (SEC-007) PUT endpoint protection should accept PUT request with X-Requested-With header (200)" name="CSRF Protection (SEC-007) PUT endpoint protection should accept PUT request with X-Requested-With header (200)" time="0.003">
    </testcase>
    <testcase classname="CSRF Protection (SEC-007) PATCH endpoint protection should reject PATCH request without X-Requested-With header (403)" name="CSRF Protection (SEC-007) PATCH endpoint protection should reject PATCH request without X-Requested-With header (403)" time="0.001">
    </testcase>
    <testcase classname="CSRF Protection (SEC-007) PATCH endpoint protection should accept PATCH request with X-Requested-With header (200)" name="CSRF Protection (SEC-007) PATCH endpoint protection should accept PATCH request with X-Requested-With header (200)" time="0.001">
    </testcase>
    <testcase classname="CSRF Protection (SEC-007) Safe methods (not protected) should allow GET request without X-Requested-With header (200)" name="CSRF Protection (SEC-007) Safe methods (not protected) should allow GET request without X-Requested-With header (200)" time="0.001">
    </testcase>
    <testcase classname="CSRF Protection (SEC-007) Safe methods (not protected) should allow GET request with X-Requested-With header (200)" name="CSRF Protection (SEC-007) Safe methods (not protected) should allow GET request with X-Requested-With header (200)" time="0.001">
    </testcase>
    <testcase classname="CSRF Protection (SEC-007) Real notification endpoints should reject /claude-completion without X-Requested-With header (403)" name="CSRF Protection (SEC-007) Real notification endpoints should reject /claude-completion without X-Requested-With header (403)" time="0.001">
    </testcase>
    <testcase classname="CSRF Protection (SEC-007) Real notification endpoints should accept /claude-completion with X-Requested-With header" name="CSRF Protection (SEC-007) Real notification endpoints should accept /claude-completion with X-Requested-With header" time="0.001">
    </testcase>
    <testcase classname="CSRF Protection (SEC-007) Real notification endpoints should reject /claude-status/mark-read without X-Requested-With header (403)" name="CSRF Protection (SEC-007) Real notification endpoints should reject /claude-status/mark-read without X-Requested-With header (403)" time="0.001">
    </testcase>
    <testcase classname="CSRF Protection (SEC-007) Real notification endpoints should accept /claude-status/mark-read with X-Requested-With header" name="CSRF Protection (SEC-007) Real notification endpoints should accept /claude-status/mark-read with X-Requested-With header" time="0.001">
    </testcase>
    <testcase classname="CSRF Protection (SEC-007) Real notification endpoints should reject DELETE /claude-status without X-Requested-With header (403)" name="CSRF Protection (SEC-007) Real notification endpoints should reject DELETE /claude-status without X-Requested-With header (403)" time="0.001">
    </testcase>
    <testcase classname="CSRF Protection (SEC-007) Real notification endpoints should accept DELETE /claude-status with X-Requested-With header" name="CSRF Protection (SEC-007) Real notification endpoints should accept DELETE /claude-status with X-Requested-With header" time="0">
    </testcase>
    <testcase classname="CSRF Protection (SEC-007) Real notification endpoints should reject DELETE /claude-status/all without X-Requested-With header (403)" name="CSRF Protection (SEC-007) Real notification endpoints should reject DELETE /claude-status/all without X-Requested-With header (403)" time="0.001">
    </testcase>
    <testcase classname="CSRF Protection (SEC-007) Real notification endpoints should accept DELETE /claude-status/all with X-Requested-With header" name="CSRF Protection (SEC-007) Real notification endpoints should accept DELETE /claude-status/all with X-Requested-With header" time="0.001">
    </testcase>
    <testcase classname="CSRF Protection (SEC-007) CSRF attack simulation should block form-based POST attack (no custom headers)" name="CSRF Protection (SEC-007) CSRF attack simulation should block form-based POST attack (no custom headers)" time="0.001">
    </testcase>
    <testcase classname="CSRF Protection (SEC-007) CSRF attack simulation should block DELETE attack without custom header" name="CSRF Protection (SEC-007) CSRF attack simulation should block DELETE attack without custom header" time="0">
    </testcase>
    <testcase classname="CSRF Protection (SEC-007) CSRF attack simulation should allow legitimate API client with X-Requested-With header" name="CSRF Protection (SEC-007) CSRF attack simulation should allow legitimate API client with X-Requested-With header" time="0.001">
    </testcase>
    <testcase classname="CSRF Protection (SEC-007) Case sensitivity should reject header with wrong case (x-requested-with)" name="CSRF Protection (SEC-007) Case sensitivity should reject header with wrong case (x-requested-with)" time="0.001">
    </testcase>
    <testcase classname="CSRF Protection (SEC-007) Case sensitivity should accept header with mixed case" name="CSRF Protection (SEC-007) Case sensitivity should accept header with mixed case" time="0.001">
    </testcase>
  </testsuite>
  <testsuite name="Security Middleware Tests" errors="0" failures="0" skipped="0" timestamp="2025-12-20T07:16:35" time="0.188" tests="45">
    <testcase classname="Security Middleware Tests setupTrustProxy() should configure trust proxy with explicit IP whitelist" name="Security Middleware Tests setupTrustProxy() should configure trust proxy with explicit IP whitelist" time="0.001">
    </testcase>
    <testcase classname="Security Middleware Tests setupTrustProxy() should configure trust proxy with numeric value (legacy)" name="Security Middleware Tests setupTrustProxy() should configure trust proxy with numeric value (legacy)" time="0">
    </testcase>
    <testcase classname="Security Middleware Tests setupTrustProxy() should prefer TRUSTED_PROXIES over numeric TRUST_PROXY" name="Security Middleware Tests setupTrustProxy() should prefer TRUSTED_PROXIES over numeric TRUST_PROXY" time="0">
    </testcase>
    <testcase classname="Security Middleware Tests setupTrustProxy() should handle empty trusted proxies array" name="Security Middleware Tests setupTrustProxy() should handle empty trusted proxies array" time="0">
    </testcase>
    <testcase classname="Security Middleware Tests setupTrustProxy() should configure trust proxy callback correctly" name="Security Middleware Tests setupTrustProxy() should configure trust proxy callback correctly" time="0">
    </testcase>
    <testcase classname="Security Middleware Tests setupTrustProxy() should normalize IPv6 localhost in trust proxy callback" name="Security Middleware Tests setupTrustProxy() should normalize IPv6 localhost in trust proxy callback" time="0">
    </testcase>
    <testcase classname="Security Middleware Tests setupTrustProxy() should log warning for untrusted proxies" name="Security Middleware Tests setupTrustProxy() should log warning for untrusted proxies" time="0">
    </testcase>
    <testcase classname="Security Middleware Tests createProxyHeaderValidator() should create proxy header validation middleware" name="Security Middleware Tests createProxyHeaderValidator() should create proxy header validation middleware" time="0.001">
    </testcase>
    <testcase classname="Security Middleware Tests createProxyHeaderValidator() should validate X-Forwarded-For header" name="Security Middleware Tests createProxyHeaderValidator() should validate X-Forwarded-For header" time="0">
    </testcase>
    <testcase classname="Security Middleware Tests createProxyHeaderValidator() should detect suspicious proxy chain (too many hops)" name="Security Middleware Tests createProxyHeaderValidator() should detect suspicious proxy chain (too many hops)" time="0">
    </testcase>
    <testcase classname="Security Middleware Tests createProxyHeaderValidator() should detect invalid IP addresses in X-Forwarded-For" name="Security Middleware Tests createProxyHeaderValidator() should detect invalid IP addresses in X-Forwarded-For" time="0">
    </testcase>
    <testcase classname="Security Middleware Tests createProxyHeaderValidator() should detect conflicting proxy headers" name="Security Middleware Tests createProxyHeaderValidator() should detect conflicting proxy headers" time="0">
    </testcase>
    <testcase classname="Security Middleware Tests createProxyHeaderValidator() should handle missing proxy headers gracefully" name="Security Middleware Tests createProxyHeaderValidator() should handle missing proxy headers gracefully" time="0.001">
    </testcase>
    <testcase classname="Security Middleware Tests createProxyHeaderValidator() should validate IPv6 addresses in X-Forwarded-For" name="Security Middleware Tests createProxyHeaderValidator() should validate IPv6 addresses in X-Forwarded-For" time="0">
    </testcase>
    <testcase classname="Security Middleware Tests createProxyHeaderValidator() should detect invalid IPv4 octets" name="Security Middleware Tests createProxyHeaderValidator() should detect invalid IPv4 octets" time="0">
    </testcase>
    <testcase classname="Security Middleware Tests createProxyHeaderValidator() should handle X-Client-IP header" name="Security Middleware Tests createProxyHeaderValidator() should handle X-Client-IP header" time="0">
    </testcase>
    <testcase classname="Security Middleware Tests setupHelmet() should return Helmet middleware" name="Security Middleware Tests setupHelmet() should return Helmet middleware" time="0.001">
    </testcase>
    <testcase classname="Security Middleware Tests setupHelmet() should configure CSP headers" name="Security Middleware Tests setupHelmet() should configure CSP headers" time="0.003">
    </testcase>
    <testcase classname="Security Middleware Tests setupCORS() should return CORS middleware" name="Security Middleware Tests setupCORS() should return CORS middleware" time="0">
    </testcase>
    <testcase classname="Security Middleware Tests createCSRFProtection() should create CSRF protection middleware" name="Security Middleware Tests createCSRFProtection() should create CSRF protection middleware" time="0.001">
    </testcase>
    <testcase classname="Security Middleware Tests createCSRFProtection() should allow GET requests without header" name="Security Middleware Tests createCSRFProtection() should allow GET requests without header" time="0">
    </testcase>
    <testcase classname="Security Middleware Tests createCSRFProtection() should allow HEAD requests without header" name="Security Middleware Tests createCSRFProtection() should allow HEAD requests without header" time="0">
    </testcase>
    <testcase classname="Security Middleware Tests createCSRFProtection() should allow OPTIONS requests without header" name="Security Middleware Tests createCSRFProtection() should allow OPTIONS requests without header" time="0">
    </testcase>
    <testcase classname="Security Middleware Tests createCSRFProtection() should block POST without X-Requested-With header" name="Security Middleware Tests createCSRFProtection() should block POST without X-Requested-With header" time="0">
    </testcase>
    <testcase classname="Security Middleware Tests createCSRFProtection() should block DELETE without X-Requested-With header" name="Security Middleware Tests createCSRFProtection() should block DELETE without X-Requested-With header" time="0">
    </testcase>
    <testcase classname="Security Middleware Tests createCSRFProtection() should block PUT without X-Requested-With header" name="Security Middleware Tests createCSRFProtection() should block PUT without X-Requested-With header" time="0">
    </testcase>
    <testcase classname="Security Middleware Tests createCSRFProtection() should block PATCH without X-Requested-With header" name="Security Middleware Tests createCSRFProtection() should block PATCH without X-Requested-With header" time="0">
    </testcase>
    <testcase classname="Security Middleware Tests createCSRFProtection() should allow POST with X-Requested-With header" name="Security Middleware Tests createCSRFProtection() should allow POST with X-Requested-With header" time="0">
    </testcase>
    <testcase classname="Security Middleware Tests createCSRFProtection() should block POST with empty X-Requested-With header" name="Security Middleware Tests createCSRFProtection() should block POST with empty X-Requested-With header" time="0.001">
    </testcase>
    <testcase classname="Security Middleware Tests createCSRFProtection() should block POST with whitespace-only header" name="Security Middleware Tests createCSRFProtection() should block POST with whitespace-only header" time="0">
    </testcase>
    <testcase classname="Security Middleware Tests createCSRFProtection() should log CSRF attempts" name="Security Middleware Tests createCSRFProtection() should log CSRF attempts" time="0">
    </testcase>
    <testcase classname="Security Middleware Tests createAdminAuth() - Additional Edge Cases should use connection.remoteAddress as fallback" name="Security Middleware Tests createAdminAuth() - Additional Edge Cases should use connection.remoteAddress as fallback" time="0">
    </testcase>
    <testcase classname="Security Middleware Tests createAdminAuth() - Additional Edge Cases should reject when both IP sources are unavailable" name="Security Middleware Tests createAdminAuth() - Additional Edge Cases should reject when both IP sources are unavailable" time="0">
    </testcase>
    <testcase classname="Security Middleware Tests createAdminAuth() - Additional Edge Cases should handle null in adminIPs array" name="Security Middleware Tests createAdminAuth() - Additional Edge Cases should handle null in adminIPs array" time="0">
    </testcase>
    <testcase classname="Security Middleware Tests createAdminAuth() - Additional Edge Cases should handle undefined in adminIPs array" name="Security Middleware Tests createAdminAuth() - Additional Edge Cases should handle undefined in adminIPs array" time="0">
    </testcase>
    <testcase classname="Security Middleware Tests createAdminAuth() - Additional Edge Cases should handle API key with bcrypt hash validation" name="Security Middleware Tests createAdminAuth() - Additional Edge Cases should handle API key with bcrypt hash validation" time="0.056">
    </testcase>
    <testcase classname="Security Middleware Tests createAdminAuth() - Additional Edge Cases should allow access with IP-only authentication when no hash configured" name="Security Middleware Tests createAdminAuth() - Additional Edge Cases should allow access with IP-only authentication when no hash configured" time="0">
    </testcase>
    <testcase classname="Security Middleware Tests IP Validation Edge Cases should validate loopback addresses" name="Security Middleware Tests IP Validation Edge Cases should validate loopback addresses" time="0">
    </testcase>
    <testcase classname="Security Middleware Tests IP Validation Edge Cases should validate private network addresses" name="Security Middleware Tests IP Validation Edge Cases should validate private network addresses" time="0.001">
    </testcase>
    <testcase classname="Security Middleware Tests IP Validation Edge Cases should validate IPv6 loopback" name="Security Middleware Tests IP Validation Edge Cases should validate IPv6 loopback" time="0">
    </testcase>
    <testcase classname="Security Middleware Tests IP Validation Edge Cases should validate IPv6 link-local addresses" name="Security Middleware Tests IP Validation Edge Cases should validate IPv6 link-local addresses" time="0">
    </testcase>
    <testcase classname="Security Middleware Tests IP Validation Edge Cases should validate IPv4-mapped IPv6 addresses" name="Security Middleware Tests IP Validation Edge Cases should validate IPv4-mapped IPv6 addresses" time="0">
    </testcase>
    <testcase classname="Security Middleware Tests IP Validation Edge Cases should reject malformed IPs" name="Security Middleware Tests IP Validation Edge Cases should reject malformed IPs" time="0">
    </testcase>
    <testcase classname="Security Middleware Tests IP Validation Edge Cases should reject IPs with letters" name="Security Middleware Tests IP Validation Edge Cases should reject IPs with letters" time="0">
    </testcase>
    <testcase classname="Security Middleware Tests IP Validation Edge Cases should reject empty string as IP" name="Security Middleware Tests IP Validation Edge Cases should reject empty string as IP" time="0">
    </testcase>
  </testsuite>
  <testsuite name="Path Validator Security Tests" errors="0" failures="0" skipped="0" timestamp="2025-12-20T07:16:35" time="0.164" tests="59">
    <testcase classname="Path Validator Security Tests Directory Traversal Attacks should block basic directory traversal" name="Path Validator Security Tests Directory Traversal Attacks should block basic directory traversal" time="0.001">
    </testcase>
    <testcase classname="Path Validator Security Tests Directory Traversal Attacks should block relative path segments" name="Path Validator Security Tests Directory Traversal Attacks should block relative path segments" time="0">
    </testcase>
    <testcase classname="Path Validator Security Tests Directory Traversal Attacks should block paths with .. in directory names" name="Path Validator Security Tests Directory Traversal Attacks should block paths with .. in directory names" time="0">
    </testcase>
    <testcase classname="Path Validator Security Tests URL Encoding Attacks should block URL-encoded traversal" name="Path Validator Security Tests URL Encoding Attacks should block URL-encoded traversal" time="0">
    </testcase>
    <testcase classname="Path Validator Security Tests URL Encoding Attacks should block double-encoded traversal" name="Path Validator Security Tests URL Encoding Attacks should block double-encoded traversal" time="0">
    </testcase>
    <testcase classname="Path Validator Security Tests URL Encoding Attacks should decode valid URL-encoded paths" name="Path Validator Security Tests URL Encoding Attacks should decode valid URL-encoded paths" time="0">
    </testcase>
    <testcase classname="Path Validator Security Tests URL Encoding Attacks should handle invalid URL encoding" name="Path Validator Security Tests URL Encoding Attacks should handle invalid URL encoding" time="0">
    </testcase>
    <testcase classname="Path Validator Security Tests Null Byte Injection should block null byte in path" name="Path Validator Security Tests Null Byte Injection should block null byte in path" time="0">
    </testcase>
    <testcase classname="Path Validator Security Tests Null Byte Injection should block URL-encoded null bytes" name="Path Validator Security Tests Null Byte Injection should block URL-encoded null bytes" time="0">
    </testcase>
    <testcase classname="Path Validator Security Tests Path Prefix Confusion should block paths that start with allowed prefix but escape" name="Path Validator Security Tests Path Prefix Confusion should block paths that start with allowed prefix but escape" time="0.001">
    </testcase>
    <testcase classname="Path Validator Security Tests Path Prefix Confusion should allow exact allowed paths" name="Path Validator Security Tests Path Prefix Confusion should allow exact allowed paths" time="0">
    </testcase>
    <testcase classname="Path Validator Security Tests Path Prefix Confusion should allow subdirectories of allowed paths" name="Path Validator Security Tests Path Prefix Confusion should allow subdirectories of allowed paths" time="0">
    </testcase>
    <testcase classname="Path Validator Security Tests Symlink Attacks should block symlink pointing outside allowed paths" name="Path Validator Security Tests Symlink Attacks should block symlink pointing outside allowed paths" time="0.001">
    </testcase>
    <testcase classname="Path Validator Security Tests Symlink Attacks should resolve symlinks before validation" name="Path Validator Security Tests Symlink Attacks should resolve symlinks before validation" time="0">
    </testcase>
    <testcase classname="Path Validator Security Tests Regex Validation should only allow alphanumeric, dash, underscore in directory names" name="Path Validator Security Tests Regex Validation should only allow alphanumeric, dash, underscore in directory names" time="0">
    </testcase>
    <testcase classname="Path Validator Security Tests Regex Validation should block special characters" name="Path Validator Security Tests Regex Validation should block special characters" time="0.001">
    </testcase>
    <testcase classname="Path Validator Security Tests Regex Validation should block paths outside allowed roots" name="Path Validator Security Tests Regex Validation should block paths outside allowed roots" time="0">
    </testcase>
    <testcase classname="Path Validator Security Tests Edge Cases should handle empty or null input" name="Path Validator Security Tests Edge Cases should handle empty or null input" time="0">
    </testcase>
    <testcase classname="Path Validator Security Tests Edge Cases should handle non-string input" name="Path Validator Security Tests Edge Cases should handle non-string input" time="0">
    </testcase>
    <testcase classname="Path Validator Security Tests Edge Cases should handle very long paths (&gt; 1000 chars)" name="Path Validator Security Tests Edge Cases should handle very long paths (&gt; 1000 chars)" time="0">
    </testcase>
    <testcase classname="Path Validator Security Tests Edge Cases should handle paths with dots in allowed names" name="Path Validator Security Tests Edge Cases should handle paths with dots in allowed names" time="0">
    </testcase>
    <testcase classname="Path Validator Security Tests Edge Cases should handle unicode characters" name="Path Validator Security Tests Edge Cases should handle unicode characters" time="0.001">
    </testcase>
    <testcase classname="Path Validator Security Tests Edge Cases should handle trailing slashes" name="Path Validator Security Tests Edge Cases should handle trailing slashes" time="0">
    </testcase>
    <testcase classname="Path Validator Security Tests Edge Cases should handle case sensitivity" name="Path Validator Security Tests Edge Cases should handle case sensitivity" time="0">
    </testcase>
    <testcase classname="Path Validator Security Tests validatePathAsync() detailed results should return detailed validation results for valid paths" name="Path Validator Security Tests validatePathAsync() detailed results should return detailed validation results for valid paths" time="0">
    </testcase>
    <testcase classname="Path Validator Security Tests validatePathAsync() detailed results should detect URL encoding issues" name="Path Validator Security Tests validatePathAsync() detailed results should detect URL encoding issues" time="0">
    </testcase>
    <testcase classname="Path Validator Security Tests validatePathAsync() detailed results should detect null byte injection" name="Path Validator Security Tests validatePathAsync() detailed results should detect null byte injection" time="0">
    </testcase>
    <testcase classname="Path Validator Security Tests validatePathAsync() detailed results should detect path pattern violations" name="Path Validator Security Tests validatePathAsync() detailed results should detect path pattern violations" time="0.001">
    </testcase>
    <testcase classname="Path Validator Security Tests validatePathAsync() detailed results should validate paths outside allowed directories" name="Path Validator Security Tests validatePathAsync() detailed results should validate paths outside allowed directories" time="0">
    </testcase>
    <testcase classname="Path Validator Security Tests Real-world Attack Scenarios should block AWS metadata service access attempts" name="Path Validator Security Tests Real-world Attack Scenarios should block AWS metadata service access attempts" time="0">
    </testcase>
    <testcase classname="Path Validator Security Tests Real-world Attack Scenarios should block SSH key access attempts" name="Path Validator Security Tests Real-world Attack Scenarios should block SSH key access attempts" time="0">
    </testcase>
    <testcase classname="Path Validator Security Tests Real-world Attack Scenarios should block /etc/passwd access" name="Path Validator Security Tests Real-world Attack Scenarios should block /etc/passwd access" time="0">
    </testcase>
    <testcase classname="Path Validator Security Tests Real-world Attack Scenarios should block Docker socket access" name="Path Validator Security Tests Real-world Attack Scenarios should block Docker socket access" time="0">
    </testcase>
    <testcase classname="Path Validator Security Tests Real-world Attack Scenarios should block environment variable file access" name="Path Validator Security Tests Real-world Attack Scenarios should block environment variable file access" time="0">
    </testcase>
    <testcase classname="Async Validator Tests isPathAllowedAsync should validate allowed paths asynchronously" name="Async Validator Tests isPathAllowedAsync should validate allowed paths asynchronously" time="0">
    </testcase>
    <testcase classname="Async Validator Tests isPathAllowedAsync should block invalid paths asynchronously" name="Async Validator Tests isPathAllowedAsync should block invalid paths asynchronously" time="0">
    </testcase>
    <testcase classname="Async Validator Tests validatePathAsync should return detailed validation results asynchronously" name="Async Validator Tests validatePathAsync should return detailed validation results asynchronously" time="0.001">
    </testcase>
    <testcase classname="Async Validator Tests validatePathAsync should handle various invalid paths" name="Async Validator Tests validatePathAsync should handle various invalid paths" time="0">
    </testcase>
    <testcase classname="Integration Tests should correctly validate various path scenarios" name="Integration Tests should correctly validate various path scenarios" time="0">
    </testcase>
    <testcase classname="Integration Tests should maintain consistent validation behavior" name="Integration Tests should maintain consistent validation behavior" time="0">
    </testcase>
    <testcase classname="Cache Behavior Tests should cache validation results and return cached values on second call" name="Cache Behavior Tests should cache validation results and return cached values on second call" time="0.003">
    </testcase>
    <testcase classname="Cache Behavior Tests should cache negative results (invalid paths)" name="Cache Behavior Tests should cache negative results (invalid paths)" time="0.003">
    </testcase>
    <testcase classname="Cache Behavior Tests should expire cache entries after TTL" name="Cache Behavior Tests should expire cache entries after TTL" time="0.003">
    </testcase>
    <testcase classname="Cache Behavior Tests getPathCacheStats should return accurate statistics" name="Cache Behavior Tests getPathCacheStats should return accurate statistics" time="0.005">
    </testcase>
    <testcase classname="Error Scenario Tests should handle EACCES (permission denied) error gracefully" name="Error Scenario Tests should handle EACCES (permission denied) error gracefully" time="0.003">
    </testcase>
    <testcase classname="Error Scenario Tests should handle EIO (I/O error) gracefully" name="Error Scenario Tests should handle EIO (I/O error) gracefully" time="0.002">
    </testcase>
    <testcase classname="Error Scenario Tests should handle ENOENT (file not found) error" name="Error Scenario Tests should handle ENOENT (file not found) error" time="0.003">
    </testcase>
    <testcase classname="Error Scenario Tests should reject paths outside allowed directories even when realpath fails" name="Error Scenario Tests should reject paths outside allowed directories even when realpath fails" time="0.003">
    </testcase>
    <testcase classname="Error Scenario Tests should handle filesystem errors for symlink resolution" name="Error Scenario Tests should handle filesystem errors for symlink resolution" time="0.003">
    </testcase>
    <testcase classname="Sanitization Edge Cases should handle mixed case paths" name="Sanitization Edge Cases should handle mixed case paths" time="0">
    </testcase>
    <testcase classname="Sanitization Edge Cases should remove multiple trailing slashes" name="Sanitization Edge Cases should remove multiple trailing slashes" time="0">
    </testcase>
    <testcase classname="Sanitization Edge Cases should handle URL-encoded valid paths" name="Sanitization Edge Cases should handle URL-encoded valid paths" time="0">
    </testcase>
    <testcase classname="Sanitization Edge Cases should reject malformed URL encoding" name="Sanitization Edge Cases should reject malformed URL encoding" time="0">
    </testcase>
    <testcase classname="Sanitization Edge Cases should handle empty string after URL decoding" name="Sanitization Edge Cases should handle empty string after URL decoding" time="0">
    </testcase>
    <testcase classname="Path Validation with Real Filesystem Paths should validate when realpath succeeds (existing path)" name="Path Validation with Real Filesystem Paths should validate when realpath succeeds (existing path)" time="0.003">
    </testcase>
    <testcase classname="Path Validation with Real Filesystem Paths should reject when realpath resolves outside allowed paths (symlink escape)" name="Path Validation with Real Filesystem Paths should reject when realpath resolves outside allowed paths (symlink escape)" time="0.002">
    </testcase>
    <testcase classname="Path Validation with Real Filesystem Paths should handle non-existent paths that are valid patterns" name="Path Validation with Real Filesystem Paths should handle non-existent paths that are valid patterns" time="0.003">
    </testcase>
    <testcase classname="Path Validation with Real Filesystem Paths should reject non-existent paths outside allowed directories" name="Path Validation with Real Filesystem Paths should reject non-existent paths outside allowed directories" time="0.002">
    </testcase>
    <testcase classname="Additional getPathCacheStats Tests should track cache statistics correctly across multiple operations" name="Additional getPathCacheStats Tests should track cache statistics correctly across multiple operations" time="0.002">
    </testcase>
  </testsuite>
  <testsuite name="SEC-002: Trust Proxy Configuration" errors="0" failures="0" skipped="0" timestamp="2025-12-20T07:16:35" time="0.177" tests="21">
    <testcase classname="SEC-002: Trust Proxy Configuration Trust Proxy Callback Validation should trust proxy from whitelist" name="SEC-002: Trust Proxy Configuration Trust Proxy Callback Validation should trust proxy from whitelist" time="0.01">
    </testcase>
    <testcase classname="SEC-002: Trust Proxy Configuration Trust Proxy Callback Validation should extract correct client IP with trusted proxy" name="SEC-002: Trust Proxy Configuration Trust Proxy Callback Validation should extract correct client IP with trusted proxy" time="0.002">
    </testcase>
    <testcase classname="SEC-002: Trust Proxy Configuration Trust Proxy Callback Validation should handle localhost proxy variations" name="SEC-002: Trust Proxy Configuration Trust Proxy Callback Validation should handle localhost proxy variations" time="0.001">
    </testcase>
    <testcase classname="SEC-002: Trust Proxy Configuration Proxy Header Validation Middleware should detect suspicious proxy chain with too many hops" name="SEC-002: Trust Proxy Configuration Proxy Header Validation Middleware should detect suspicious proxy chain with too many hops" time="0.001">
    </testcase>
    <testcase classname="SEC-002: Trust Proxy Configuration Proxy Header Validation Middleware should detect invalid IP addresses in X-Forwarded-For" name="SEC-002: Trust Proxy Configuration Proxy Header Validation Middleware should detect invalid IP addresses in X-Forwarded-For" time="0.001">
    </testcase>
    <testcase classname="SEC-002: Trust Proxy Configuration Proxy Header Validation Middleware should detect conflicting proxy headers" name="SEC-002: Trust Proxy Configuration Proxy Header Validation Middleware should detect conflicting proxy headers" time="0.001">
    </testcase>
    <testcase classname="SEC-002: Trust Proxy Configuration Proxy Header Validation Middleware should accept valid proxy chains without warnings" name="SEC-002: Trust Proxy Configuration Proxy Header Validation Middleware should accept valid proxy chains without warnings" time="0.001">
    </testcase>
    <testcase classname="SEC-002: Trust Proxy Configuration Proxy Header Validation Middleware should validate IPv6 addresses correctly" name="SEC-002: Trust Proxy Configuration Proxy Header Validation Middleware should validate IPv6 addresses correctly" time="0.001">
    </testcase>
    <testcase classname="SEC-002: Trust Proxy Configuration Proxy Header Validation Middleware should log client IP detection details at debug level" name="SEC-002: Trust Proxy Configuration Proxy Header Validation Middleware should log client IP detection details at debug level" time="0.001">
    </testcase>
    <testcase classname="SEC-002: Trust Proxy Configuration IP Spoofing Prevention should reject forged X-Forwarded-For from untrusted sources" name="SEC-002: Trust Proxy Configuration IP Spoofing Prevention should reject forged X-Forwarded-For from untrusted sources" time="0.001">
    </testcase>
    <testcase classname="SEC-002: Trust Proxy Configuration IP Spoofing Prevention should use correct IP for rate limiting" name="SEC-002: Trust Proxy Configuration IP Spoofing Prevention should use correct IP for rate limiting" time="0.017">
    </testcase>
    <testcase classname="SEC-002: Trust Proxy Configuration IP Spoofing Prevention should use correct IP for admin authentication" name="SEC-002: Trust Proxy Configuration IP Spoofing Prevention should use correct IP for admin authentication" time="0.001">
    </testcase>
    <testcase classname="SEC-002: Trust Proxy Configuration IP Format Validation should validate IPv4 addresses correctly" name="SEC-002: Trust Proxy Configuration IP Format Validation should validate IPv4 addresses correctly" time="0">
    </testcase>
    <testcase classname="SEC-002: Trust Proxy Configuration IP Format Validation should validate IPv6 addresses correctly" name="SEC-002: Trust Proxy Configuration IP Format Validation should validate IPv6 addresses correctly" time="0">
    </testcase>
    <testcase classname="SEC-002: Trust Proxy Configuration IP Format Validation should reject malformed IP addresses" name="SEC-002: Trust Proxy Configuration IP Format Validation should reject malformed IP addresses" time="0">
    </testcase>
    <testcase classname="SEC-002: Trust Proxy Configuration Configuration Logging should log when using trust proxy callback mode" name="SEC-002: Trust Proxy Configuration Configuration Logging should log when using trust proxy callback mode" time="0">
    </testcase>
    <testcase classname="SEC-002: Trust Proxy Configuration Configuration Logging should log warning when using numeric trust proxy" name="SEC-002: Trust Proxy Configuration Configuration Logging should log warning when using numeric trust proxy" time="0">
    </testcase>
    <testcase classname="SEC-002: Trust Proxy Configuration Edge Cases should handle missing X-Forwarded-For header" name="SEC-002: Trust Proxy Configuration Edge Cases should handle missing X-Forwarded-For header" time="0">
    </testcase>
    <testcase classname="SEC-002: Trust Proxy Configuration Edge Cases should handle empty X-Forwarded-For header" name="SEC-002: Trust Proxy Configuration Edge Cases should handle empty X-Forwarded-For header" time="0.001">
    </testcase>
    <testcase classname="SEC-002: Trust Proxy Configuration Edge Cases should handle malformed X-Forwarded-For header" name="SEC-002: Trust Proxy Configuration Edge Cases should handle malformed X-Forwarded-For header" time="0.001">
    </testcase>
    <testcase classname="SEC-002: Trust Proxy Configuration Edge Cases should handle IPv6 localhost variations" name="SEC-002: Trust Proxy Configuration Edge Cases should handle IPv6 localhost variations" time="0.001">
    </testcase>
  </testsuite>
  <testsuite name="Health Routes" errors="0" failures="0" skipped="0" timestamp="2025-12-20T07:16:35" time="0.155" tests="22">
    <testcase classname="Health Routes GET /health should return healthy status with cache stats" name="Health Routes GET /health should return healthy status with cache stats" time="0.003">
    </testcase>
    <testcase classname="Health Routes GET /health should handle missing favicon cache" name="Health Routes GET /health should handle missing favicon cache" time="0.002">
    </testcase>
    <testcase classname="Health Routes GET /health should handle missing favicon service" name="Health Routes GET /health should handle missing favicon service" time="0.001">
    </testcase>
    <testcase classname="Health Routes GET /health should return 503 for unhealthy status" name="Health Routes GET /health should return 503 for unhealthy status" time="0.001">
    </testcase>
    <testcase classname="Health Routes GET /health should return 503 for not_ready status" name="Health Routes GET /health should return 503 for not_ready status" time="0.001">
    </testcase>
    <testcase classname="Health Routes GET /health should return 200 for degraded status" name="Health Routes GET /health should return 200 for degraded status" time="0">
    </testcase>
    <testcase classname="Health Routes GET /health should handle errors gracefully" name="Health Routes GET /health should handle errors gracefully" time="0.001">
    </testcase>
    <testcase classname="Health Routes GET /health should include SSE stats in response" name="Health Routes GET /health should include SSE stats in response" time="0.001">
    </testcase>
    <testcase classname="Health Routes GET /health should include file descriptor usage" name="Health Routes GET /health should include file descriptor usage" time="0.001">
    </testcase>
    <testcase classname="Health Routes GET /health/live should return liveness probe status" name="Health Routes GET /health/live should return liveness probe status" time="0.001">
    </testcase>
    <testcase classname="Health Routes GET /health/live should return 503 when not alive" name="Health Routes GET /health/live should return 503 when not alive" time="0.001">
    </testcase>
    <testcase classname="Health Routes GET /health/live should handle liveness probe errors" name="Health Routes GET /health/live should handle liveness probe errors" time="0">
    </testcase>
    <testcase classname="Health Routes GET /health/ready should return readiness probe status" name="Health Routes GET /health/ready should return readiness probe status" time="0.001">
    </testcase>
    <testcase classname="Health Routes GET /health/ready should return 503 when not ready" name="Health Routes GET /health/ready should return 503 when not ready" time="0.001">
    </testcase>
    <testcase classname="Health Routes GET /health/ready should handle readiness probe errors" name="Health Routes GET /health/ready should handle readiness probe errors" time="0.001">
    </testcase>
    <testcase classname="Health Routes getStatusCode helper should return 200 for ok status" name="Health Routes getStatusCode helper should return 200 for ok status" time="0">
    </testcase>
    <testcase classname="Health Routes getStatusCode helper should return 200 for healthy status" name="Health Routes getStatusCode helper should return 200 for healthy status" time="0.001">
    </testcase>
    <testcase classname="Health Routes getStatusCode helper should return 200 for ready status" name="Health Routes getStatusCode helper should return 200 for ready status" time="0.001">
    </testcase>
    <testcase classname="Health Routes getStatusCode helper should return 200 for alive status" name="Health Routes getStatusCode helper should return 200 for alive status" time="0.001">
    </testcase>
    <testcase classname="Health Routes getStatusCode helper should handle case-insensitive status" name="Health Routes getStatusCode helper should handle case-insensitive status" time="0">
    </testcase>
    <testcase classname="Health Routes getStatusCode helper should handle null status as unhealthy" name="Health Routes getStatusCode helper should handle null status as unhealthy" time="0.001">
    </testcase>
    <testcase classname="Health Routes getStatusCode helper should handle undefined status as unhealthy" name="Health Routes getStatusCode helper should handle undefined status as unhealthy" time="0.001">
    </testcase>
  </testsuite>
  <testsuite name="Favicon Routes" errors="0" failures="0" skipped="0" timestamp="2025-12-20T07:16:35" time="0.17" tests="20">
    <testcase classname="Favicon Routes requireValidPath middleware should validate path and set validatedPath on request" name="Favicon Routes requireValidPath middleware should validate path and set validatedPath on request" time="0.003">
    </testcase>
    <testcase classname="Favicon Routes requireValidPath middleware should return 400 when folder parameter is missing" name="Favicon Routes requireValidPath middleware should return 400 when folder parameter is missing" time="0.001">
    </testcase>
    <testcase classname="Favicon Routes requireValidPath middleware should return 403 when path validation fails" name="Favicon Routes requireValidPath middleware should return 403 when path validation fails" time="0.001">
    </testcase>
    <testcase classname="Favicon Routes requireValidPath middleware should handle validation errors gracefully" name="Favicon Routes requireValidPath middleware should handle validation errors gracefully" time="0.001">
    </testcase>
    <testcase classname="Favicon Routes requireValidPath middleware should accept folder from request body" name="Favicon Routes requireValidPath middleware should accept folder from request body" time="0.002">
    </testcase>
    <testcase classname="Favicon Routes requireValidPath middleware should set projectName on request" name="Favicon Routes requireValidPath middleware should set projectName on request" time="0.001">
    </testcase>
    <testcase classname="Favicon Routes GET /api/favicon should generate and return favicon SVG" name="Favicon Routes GET /api/favicon should generate and return favicon SVG" time="0.001">
    </testcase>
    <testcase classname="Favicon Routes GET /api/favicon should support grayscale parameter" name="Favicon Routes GET /api/favicon should support grayscale parameter" time="0.001">
    </testcase>
    <testcase classname="Favicon Routes GET /api/favicon should handle favicon generation errors" name="Favicon Routes GET /api/favicon should handle favicon generation errors" time="0.001">
    </testcase>
    <testcase classname="Favicon Routes GET /api/favicon should set appropriate cache headers" name="Favicon Routes GET /api/favicon should set appropriate cache headers" time="0.002">
    </testcase>
    <testcase classname="Favicon Routes GET /api/project-info should return project information" name="Favicon Routes GET /api/project-info should return project information" time="0.001">
    </testcase>
    <testcase classname="Favicon Routes GET /api/project-info should handle missing project info" name="Favicon Routes GET /api/project-info should handle missing project info" time="0.001">
    </testcase>
    <testcase classname="Favicon Routes GET /api/project-info should handle project info errors" name="Favicon Routes GET /api/project-info should handle project info errors" time="0.001">
    </testcase>
    <testcase classname="Favicon Routes GET /favicon-api should allow missing folder parameter" name="Favicon Routes GET /favicon-api should allow missing folder parameter" time="0.001">
    </testcase>
    <testcase classname="Favicon Routes GET /favicon-api should use folder parameter when provided" name="Favicon Routes GET /favicon-api should use folder parameter when provided" time="0">
    </testcase>
    <testcase classname="Favicon Routes GET /favicon-api should support grayscale parameter" name="Favicon Routes GET /favicon-api should support grayscale parameter" time="0.001">
    </testcase>
    <testcase classname="Favicon Routes GET /favicon-api should handle invalid grayscale values" name="Favicon Routes GET /favicon-api should handle invalid grayscale values" time="0.001">
    </testcase>
    <testcase classname="Favicon Routes Path validation edge cases should handle empty folder string" name="Favicon Routes Path validation edge cases should handle empty folder string" time="0.001">
    </testcase>
    <testcase classname="Favicon Routes Path validation edge cases should handle whitespace-only folder" name="Favicon Routes Path validation edge cases should handle whitespace-only folder" time="0.001">
    </testcase>
    <testcase classname="Favicon Routes Path validation edge cases should handle URL-encoded paths" name="Favicon Routes Path validation edge cases should handle URL-encoded paths" time="0.001">
    </testcase>
  </testsuite>
  <testsuite name="Favicon Generation" errors="0" failures="0" skipped="0" timestamp="2025-12-20T07:16:35" time="0.154" tests="66">
    <testcase classname="Favicon Generation Initials Generation should generate initials from two-word names" name="Favicon Generation Initials Generation should generate initials from two-word names" time="0.001">
    </testcase>
    <testcase classname="Favicon Generation Initials Generation should generate initials from hyphenated names" name="Favicon Generation Initials Generation should generate initials from hyphenated names" time="0">
    </testcase>
    <testcase classname="Favicon Generation Initials Generation should generate initials from underscore-separated names" name="Favicon Generation Initials Generation should generate initials from underscore-separated names" time="0">
    </testcase>
    <testcase classname="Favicon Generation Initials Generation should handle mixed separators" name="Favicon Generation Initials Generation should handle mixed separators" time="0.001">
    </testcase>
    <testcase classname="Favicon Generation Initials Generation should handle single-word names by taking first character" name="Favicon Generation Initials Generation should handle single-word names by taking first character" time="0">
    </testcase>
    <testcase classname="Favicon Generation Initials Generation should limit initials to 2 characters" name="Favicon Generation Initials Generation should limit initials to 2 characters" time="0">
    </testcase>
    <testcase classname="Favicon Generation Initials Generation should handle very short names" name="Favicon Generation Initials Generation should handle very short names" time="0">
    </testcase>
    <testcase classname="Favicon Generation Initials Generation should convert to uppercase" name="Favicon Generation Initials Generation should convert to uppercase" time="0.001">
    </testcase>
    <testcase classname="Favicon Generation Initials Generation should handle empty strings" name="Favicon Generation Initials Generation should handle empty strings" time="0">
    </testcase>
    <testcase classname="Favicon Generation Initials Generation should handle special characters" name="Favicon Generation Initials Generation should handle special characters" time="0">
    </testcase>
    <testcase classname="Favicon Generation Initials Generation should handle numbers" name="Favicon Generation Initials Generation should handle numbers" time="0.001">
    </testcase>
    <testcase classname="Favicon Generation Color Selection should return correct color for known types" name="Favicon Generation Color Selection should return correct color for known types" time="0">
    </testcase>
    <testcase classname="Favicon Generation Color Selection should generate deterministic color for unknown types" name="Favicon Generation Color Selection should generate deterministic color for unknown types" time="0">
    </testcase>
    <testcase classname="Favicon Generation Color Selection should generate different colors for different project names" name="Favicon Generation Color Selection should generate different colors for different project names" time="0">
    </testcase>
    <testcase classname="Favicon Generation Color Selection should use default colors array for hash-based selection" name="Favicon Generation Color Selection should use default colors array for hash-based selection" time="0.001">
    </testcase>
    <testcase classname="Favicon Generation Color Selection should handle empty project names" name="Favicon Generation Color Selection should handle empty project names" time="0">
    </testcase>
    <testcase classname="Favicon Generation Color Selection should be case-sensitive for type matching" name="Favicon Generation Color Selection should be case-sensitive for type matching" time="0">
    </testcase>
    <testcase classname="Favicon Generation Port Text Generation should show port text for dev projects" name="Favicon Generation Port Text Generation should show port text for dev projects" time="0">
    </testcase>
    <testcase classname="Favicon Generation Port Text Generation should not show port text for prod projects" name="Favicon Generation Port Text Generation should not show port text for prod projects" time="0.001">
    </testcase>
    <testcase classname="Favicon Generation Port Text Generation should not show port text when port is empty" name="Favicon Generation Port Text Generation should not show port text when port is empty" time="0">
    </testcase>
    <testcase classname="Favicon Generation Port Text Generation should not show port text when port is null" name="Favicon Generation Port Text Generation should not show port text when port is null" time="0">
    </testcase>
    <testcase classname="Favicon Generation Port Text Generation should handle string port numbers" name="Favicon Generation Port Text Generation should handle string port numbers" time="0">
    </testcase>
    <testcase classname="Favicon Generation Port Text Generation should include correct SVG attributes" name="Favicon Generation Port Text Generation should include correct SVG attributes" time="0.001">
    </testcase>
    <testcase classname="Favicon Generation SVG Generation should generate valid SVG structure" name="Favicon Generation SVG Generation should generate valid SVG structure" time="0">
    </testcase>
    <testcase classname="Favicon Generation SVG Generation should include project initials" name="Favicon Generation SVG Generation should include project initials" time="0">
    </testcase>
    <testcase classname="Favicon Generation SVG Generation should use project info when provided" name="Favicon Generation SVG Generation should use project info when provided" time="0">
    </testcase>
    <testcase classname="Favicon Generation SVG Generation should include port for dev projects" name="Favicon Generation SVG Generation should include port for dev projects" time="0.001">
    </testcase>
    <testcase classname="Favicon Generation SVG Generation should not include port for prod projects" name="Favicon Generation SVG Generation should not include port for prod projects" time="0">
    </testcase>
    <testcase classname="Favicon Generation SVG Generation should handle empty project info" name="Favicon Generation SVG Generation should handle empty project info" time="0">
    </testcase>
    <testcase classname="Favicon Generation SVG Generation should apply correct text styling" name="Favicon Generation SVG Generation should apply correct text styling" time="0">
    </testcase>
    <testcase classname="Favicon Generation SVG Generation should apply rounded corners to rectangle" name="Favicon Generation SVG Generation should apply rounded corners to rectangle" time="0.001">
    </testcase>
    <testcase classname="Favicon Generation SVG Generation should position text correctly" name="Favicon Generation SVG Generation should position text correctly" time="0">
    </testcase>
    <testcase classname="Favicon Generation SVG Generation should handle special characters in project names" name="Favicon Generation SVG Generation should handle special characters in project names" time="0">
    </testcase>
    <testcase classname="Favicon Generation Content Type Detection should detect PNG files" name="Favicon Generation Content Type Detection should detect PNG files" time="0">
    </testcase>
    <testcase classname="Favicon Generation Content Type Detection should detect SVG files" name="Favicon Generation Content Type Detection should detect SVG files" time="0">
    </testcase>
    <testcase classname="Favicon Generation Content Type Detection should detect ICO files" name="Favicon Generation Content Type Detection should detect ICO files" time="0.001">
    </testcase>
    <testcase classname="Favicon Generation Content Type Detection should handle uppercase extensions" name="Favicon Generation Content Type Detection should handle uppercase extensions" time="0">
    </testcase>
    <testcase classname="Favicon Generation Content Type Detection should handle mixed case extensions" name="Favicon Generation Content Type Detection should handle mixed case extensions" time="0">
    </testcase>
    <testcase classname="Favicon Generation Content Type Detection should default to ico for unknown extensions" name="Favicon Generation Content Type Detection should default to ico for unknown extensions" time="0">
    </testcase>
    <testcase classname="Favicon Generation Favicon File Lookup should find existing favicon.ico" name="Favicon Generation Favicon File Lookup should find existing favicon.ico" time="0.001">
    </testcase>
    <testcase classname="Favicon Generation Favicon File Lookup should find favicon in public directory" name="Favicon Generation Favicon File Lookup should find favicon in public directory" time="0.001">
    </testcase>
    <testcase classname="Favicon Generation Favicon File Lookup should find PNG favicon" name="Favicon Generation Favicon File Lookup should find PNG favicon" time="0">
    </testcase>
    <testcase classname="Favicon Generation Favicon File Lookup should return null when no favicon found" name="Favicon Generation Favicon File Lookup should return null when no favicon found" time="0.003">
    </testcase>
    <testcase classname="Favicon Generation Favicon File Lookup should prioritize by search order" name="Favicon Generation Favicon File Lookup should prioritize by search order" time="0.001">
    </testcase>
    <testcase classname="Favicon Generation Favicon File Lookup should handle unreadable files" name="Favicon Generation Favicon File Lookup should handle unreadable files" time="0.002">
    </testcase>
    <testcase classname="Favicon Generation Favicon File Lookup - Error Handling should handle fast-glob errors gracefully and return null" name="Favicon Generation Favicon File Lookup - Error Handling should handle fast-glob errors gracefully and return null" time="0">
    </testcase>
    <testcase classname="Favicon Generation Favicon File Lookup - Error Handling should handle fast-glob throwing synchronously" name="Favicon Generation Favicon File Lookup - Error Handling should handle fast-glob throwing synchronously" time="0.001">
    </testcase>
    <testcase classname="Favicon Generation Favicon File Lookup - Error Handling should handle permission errors during full scan" name="Favicon Generation Favicon File Lookup - Error Handling should handle permission errors during full scan" time="0">
    </testcase>
    <testcase classname="Favicon Generation Favicon File Lookup - Error Handling should handle ENOENT errors during full scan" name="Favicon Generation Favicon File Lookup - Error Handling should handle ENOENT errors during full scan" time="0.001">
    </testcase>
    <testcase classname="Favicon Generation Favicon File Lookup - Error Handling should handle various error types without crashing" name="Favicon Generation Favicon File Lookup - Error Handling should handle various error types without crashing" time="0.001">
    </testcase>
    <testcase classname="Favicon Generation getFavicon Integration should use cache when available" name="Favicon Generation getFavicon Integration should use cache when available" time="0">
    </testcase>
    <testcase classname="Favicon Generation getFavicon Integration should return existing favicon file when found" name="Favicon Generation getFavicon Integration should return existing favicon file when found" time="0.001">
    </testcase>
    <testcase classname="Favicon Generation getFavicon Integration should generate SVG when no favicon file exists" name="Favicon Generation getFavicon Integration should generate SVG when no favicon file exists" time="0.002">
    </testcase>
    <testcase classname="Favicon Generation getFavicon Integration should use project info from registry" name="Favicon Generation getFavicon Integration should use project info from registry" time="0.001">
    </testcase>
    <testcase classname="Favicon Generation getFavicon Integration should cache generated favicons" name="Favicon Generation getFavicon Integration should cache generated favicons" time="0.001">
    </testcase>
    <testcase classname="Favicon Generation getFavicon Integration should lookup by project name when path not found" name="Favicon Generation getFavicon Integration should lookup by project name when path not found" time="0.001">
    </testcase>
    <testcase classname="Favicon Generation getFavicon Integration should handle missing project info gracefully" name="Favicon Generation getFavicon Integration should handle missing project info gracefully" time="0.002">
    </testcase>
    <testcase classname="Favicon Generation getFavicon Integration should read PNG favicon correctly" name="Favicon Generation getFavicon Integration should read PNG favicon correctly" time="0.001">
    </testcase>
    <testcase classname="Favicon Generation getFavicon Integration should read SVG favicon correctly" name="Favicon Generation getFavicon Integration should read SVG favicon correctly" time="0">
    </testcase>
    <testcase classname="Favicon Generation Edge Cases should handle very long project names" name="Favicon Generation Edge Cases should handle very long project names" time="0.001">
    </testcase>
    <testcase classname="Favicon Generation Edge Cases should handle project names with special XML characters" name="Favicon Generation Edge Cases should handle project names with special XML characters" time="0">
    </testcase>
    <testcase classname="Favicon Generation Edge Cases should handle non-existent project paths" name="Favicon Generation Edge Cases should handle non-existent project paths" time="0.001">
    </testcase>
    <testcase classname="Favicon Generation Edge Cases should handle empty project path" name="Favicon Generation Edge Cases should handle empty project path" time="0.001">
    </testcase>
    <testcase classname="Favicon Generation Edge Cases should handle project names with only special characters" name="Favicon Generation Edge Cases should handle project names with only special characters" time="0">
    </testcase>
    <testcase classname="Favicon Generation Edge Cases should handle zero port number" name="Favicon Generation Edge Cases should handle zero port number" time="0">
    </testcase>
    <testcase classname="Favicon Generation Edge Cases should handle very high port numbers" name="Favicon Generation Edge Cases should handle very high port numbers" time="0">
    </testcase>
  </testsuite>
  <testsuite name="Admin Routes" errors="0" failures="0" skipped="0" timestamp="2025-12-20T07:16:35" time="0.166" tests="8">
    <testcase classname="Admin Routes POST /api/clear-cache should clear favicon cache successfully" name="Admin Routes POST /api/clear-cache should clear favicon cache successfully" time="0.003">
    </testcase>
    <testcase classname="Admin Routes POST /api/clear-cache should fail if admin auth rejects" name="Admin Routes POST /api/clear-cache should fail if admin auth rejects" time="0.002">
    </testcase>
    <testcase classname="Admin Routes POST /api/clear-cache should clear cache even when size is zero" name="Admin Routes POST /api/clear-cache should clear cache even when size is zero" time="0.001">
    </testcase>
    <testcase classname="Admin Routes POST /api/clear-cache should return registry cache cleared status" name="Admin Routes POST /api/clear-cache should return registry cache cleared status" time="0.002">
    </testcase>
    <testcase classname="Admin Routes POST /api/clear-cache should be rate limited by cache clear limiter" name="Admin Routes POST /api/clear-cache should be rate limited by cache clear limiter" time="0.001">
    </testcase>
    <testcase classname="Admin Routes GET /download/extension should return 404 when extension file not found" name="Admin Routes GET /download/extension should return 404 when extension file not found" time="0.001">
    </testcase>
    <testcase classname="Admin Routes GET /download/extension should initiate download when file exists" name="Admin Routes GET /download/extension should initiate download when file exists" time="0.003">
    </testcase>
    <testcase classname="Admin Routes GET /download/extension should be rate limited by download limiter" name="Admin Routes GET /download/extension should be rate limited by download limiter" time="0.015">
    </testcase>
  </testsuite>
  <testsuite name="Rate Limiters" errors="0" failures="0" skipped="0" timestamp="2025-12-20T07:16:35" time="0.159" tests="20">
    <testcase classname="Rate Limiters createAPILimiter should create API rate limiter middleware" name="Rate Limiters createAPILimiter should create API rate limiter middleware" time="0.003">
    </testcase>
    <testcase classname="Rate Limiters createAPILimiter should allow requests within limit" name="Rate Limiters createAPILimiter should allow requests within limit" time="0.005">
    </testcase>
    <testcase classname="Rate Limiters createAPILimiter should set standard headers" name="Rate Limiters createAPILimiter should set standard headers" time="0.002">
    </testcase>
    <testcase classname="Rate Limiters createNotificationLimiter should create notification rate limiter middleware" name="Rate Limiters createNotificationLimiter should create notification rate limiter middleware" time="0">
    </testcase>
    <testcase classname="Rate Limiters createNotificationLimiter should allow requests within limit" name="Rate Limiters createNotificationLimiter should allow requests within limit" time="0.001">
    </testcase>
    <testcase classname="Rate Limiters createDownloadLimiter should create download rate limiter middleware" name="Rate Limiters createDownloadLimiter should create download rate limiter middleware" time="0">
    </testcase>
    <testcase classname="Rate Limiters createDownloadLimiter should allow requests within limit" name="Rate Limiters createDownloadLimiter should allow requests within limit" time="0.001">
    </testcase>
    <testcase classname="Rate Limiters createDownloadLimiter should set standard headers" name="Rate Limiters createDownloadLimiter should set standard headers" time="0.001">
    </testcase>
    <testcase classname="Rate Limiters createCacheClearLimiter should create cache clear rate limiter middleware" name="Rate Limiters createCacheClearLimiter should create cache clear rate limiter middleware" time="0">
    </testcase>
    <testcase classname="Rate Limiters createCacheClearLimiter should allow requests within limit" name="Rate Limiters createCacheClearLimiter should allow requests within limit" time="0.001">
    </testcase>
    <testcase classname="Rate Limiters createCacheClearLimiter should have strict limit (1 per minute)" name="Rate Limiters createCacheClearLimiter should have strict limit (1 per minute)" time="0.001">
    </testcase>
    <testcase classname="Rate Limiters createPasteImageLimiter should create paste image rate limiter middleware" name="Rate Limiters createPasteImageLimiter should create paste image rate limiter middleware" time="0.001">
    </testcase>
    <testcase classname="Rate Limiters createPasteImageLimiter should allow requests within limit" name="Rate Limiters createPasteImageLimiter should allow requests within limit" time="0">
    </testcase>
    <testcase classname="Rate Limiters createPasteImageLimiter should set standard headers" name="Rate Limiters createPasteImageLimiter should set standard headers" time="0.001">
    </testcase>
    <testcase classname="Rate Limiters createHealthCheckLimiter should create health check rate limiter middleware" name="Rate Limiters createHealthCheckLimiter should create health check rate limiter middleware" time="0">
    </testcase>
    <testcase classname="Rate Limiters createHealthCheckLimiter should allow requests within limit" name="Rate Limiters createHealthCheckLimiter should allow requests within limit" time="0.001">
    </testcase>
    <testcase classname="Rate Limiters createHealthCheckLimiter should have higher limit than API endpoints" name="Rate Limiters createHealthCheckLimiter should have higher limit than API endpoints" time="0.004">
    </testcase>
    <testcase classname="Rate Limiters createHealthCheckLimiter should set standard rate limit headers" name="Rate Limiters createHealthCheckLimiter should set standard rate limit headers" time="0.001">
    </testcase>
    <testcase classname="Rate Limiters Rate Limit Error Responses should include retryAfter in error response" name="Rate Limiters Rate Limit Error Responses should include retryAfter in error response" time="0.001">
    </testcase>
    <testcase classname="Rate Limiters Rate Limit Error Responses should set Retry-After header" name="Rate Limiters Rate Limit Error Responses should set Retry-After header" time="0.001">
    </testcase>
  </testsuite>
  <testsuite name="storage-manager" errors="0" failures="0" skipped="0" timestamp="2025-12-20T07:16:36" time="0.149" tests="40">
    <testcase classname="storage-manager validateApiUrl should accept valid HTTPS URL" name="storage-manager validateApiUrl should accept valid HTTPS URL" time="0.001">
    </testcase>
    <testcase classname="storage-manager validateApiUrl should accept HTTP localhost URL" name="storage-manager validateApiUrl should accept HTTP localhost URL" time="0">
    </testcase>
    <testcase classname="storage-manager validateApiUrl should accept HTTP 127.0.0.1 URL" name="storage-manager validateApiUrl should accept HTTP 127.0.0.1 URL" time="0">
    </testcase>
    <testcase classname="storage-manager validateApiUrl should reject malformed IPv6 ::1 URL (needs brackets)" name="storage-manager validateApiUrl should reject malformed IPv6 ::1 URL (needs brackets)" time="0">
    </testcase>
    <testcase classname="storage-manager validateApiUrl should accept HTTP [::1] URL" name="storage-manager validateApiUrl should accept HTTP [::1] URL" time="0">
    </testcase>
    <testcase classname="storage-manager validateApiUrl should reject HTTP non-localhost URL" name="storage-manager validateApiUrl should reject HTTP non-localhost URL" time="0">
    </testcase>
    <testcase classname="storage-manager validateApiUrl should reject invalid URL format" name="storage-manager validateApiUrl should reject invalid URL format" time="0">
    </testcase>
    <testcase classname="storage-manager validateApiUrl should reject non-HTTP protocols" name="storage-manager validateApiUrl should reject non-HTTP protocols" time="0">
    </testcase>
    <testcase classname="storage-manager validateApiUrl should reject empty string" name="storage-manager validateApiUrl should reject empty string" time="0">
    </testcase>
    <testcase classname="storage-manager validateApiUrl should reject null" name="storage-manager validateApiUrl should reject null" time="0">
    </testcase>
    <testcase classname="storage-manager validateApiUrl should reject undefined" name="storage-manager validateApiUrl should reject undefined" time="0">
    </testcase>
    <testcase classname="storage-manager validateApiUrl should trim whitespace" name="storage-manager validateApiUrl should trim whitespace" time="0">
    </testcase>
    <testcase classname="storage-manager validateApiUrl should reject whitespace-only string" name="storage-manager validateApiUrl should reject whitespace-only string" time="0">
    </testcase>
    <testcase classname="storage-manager validateApiUrl should be case-insensitive for localhost" name="storage-manager validateApiUrl should be case-insensitive for localhost" time="0">
    </testcase>
    <testcase classname="storage-manager createStorageManager - basic operations should load notifications successfully" name="storage-manager createStorageManager - basic operations should load notifications successfully" time="0">
    </testcase>
    <testcase classname="storage-manager createStorageManager - basic operations should return empty array on load error" name="storage-manager createStorageManager - basic operations should return empty array on load error" time="0">
    </testcase>
    <testcase classname="storage-manager createStorageManager - basic operations should save notifications successfully" name="storage-manager createStorageManager - basic operations should save notifications successfully" time="0">
    </testcase>
    <testcase classname="storage-manager createStorageManager - basic operations should load empty array when storage is empty" name="storage-manager createStorageManager - basic operations should load empty array when storage is empty" time="0">
    </testcase>
    <testcase classname="storage-manager createStorageManager - basic operations should use custom storage key" name="storage-manager createStorageManager - basic operations should use custom storage key" time="0.001">
    </testcase>
    <testcase classname="storage-manager Retry logic should retry on storage errors" name="storage-manager Retry logic should retry on storage errors" time="0.001">
    </testcase>
    <testcase classname="storage-manager Retry logic should use exponential backoff" name="storage-manager Retry logic should use exponential backoff" time="0">
    </testcase>
    <testcase classname="storage-manager Retry logic should cap backoff at max value" name="storage-manager Retry logic should cap backoff at max value" time="0.001">
    </testcase>
    <testcase classname="storage-manager Retry logic should fail after max retries" name="storage-manager Retry logic should fail after max retries" time="0">
    </testcase>
    <testcase classname="storage-manager Retry logic should log retry attempts" name="storage-manager Retry logic should log retry attempts" time="0.001">
    </testcase>
    <testcase classname="storage-manager Error tracking and badge management should track consecutive failures" name="storage-manager Error tracking and badge management should track consecutive failures" time="0">
    </testcase>
    <testcase classname="storage-manager Error tracking and badge management should set error badge after threshold" name="storage-manager Error tracking and badge management should set error badge after threshold" time="0">
    </testcase>
    <testcase classname="storage-manager Error tracking and badge management should clear error badge on recovery" name="storage-manager Error tracking and badge management should clear error badge on recovery" time="0">
    </testcase>
    <testcase classname="storage-manager Error tracking and badge management should call updateBadge callback on recovery" name="storage-manager Error tracking and badge management should call updateBadge callback on recovery" time="0">
    </testcase>
    <testcase classname="storage-manager Error tracking and badge management should not set badge multiple times" name="storage-manager Error tracking and badge management should not set badge multiple times" time="0">
    </testcase>
    <testcase classname="storage-manager Error tracking and badge management should record error details" name="storage-manager Error tracking and badge management should record error details" time="0">
    </testcase>
    <testcase classname="storage-manager Error tracking and badge management should log QuotaExceededError specially" name="storage-manager Error tracking and badge management should log QuotaExceededError specially" time="0">
    </testcase>
    <testcase classname="storage-manager Error tracking and badge management should log recovery success" name="storage-manager Error tracking and badge management should log recovery success" time="0.021">
    </testcase>
    <testcase classname="storage-manager retryStorageOperation should return result on first success" name="storage-manager retryStorageOperation should return result on first success" time="0.001">
    </testcase>
    <testcase classname="storage-manager retryStorageOperation should retry failed operations" name="storage-manager retryStorageOperation should retry failed operations" time="0">
    </testcase>
    <testcase classname="storage-manager retryStorageOperation should throw after all retries exhausted" name="storage-manager retryStorageOperation should throw after all retries exhausted" time="0">
    </testcase>
    <testcase classname="storage-manager getErrorStatus should return error status" name="storage-manager getErrorStatus should return error status" time="0.001">
    </testcase>
    <testcase classname="storage-manager getErrorStatus should show active badge when threshold exceeded" name="storage-manager getErrorStatus should show active badge when threshold exceeded" time="0">
    </testcase>
    <testcase classname="storage-manager hasStorageError should return false initially" name="storage-manager hasStorageError should return false initially" time="0">
    </testcase>
    <testcase classname="storage-manager hasStorageError should return true after error threshold" name="storage-manager hasStorageError should return true after error threshold" time="0">
    </testcase>
    <testcase classname="storage-manager hasStorageError should return false after recovery" name="storage-manager hasStorageError should return false after recovery" time="0">
    </testcase>
  </testsuite>
  <testsuite name="Config Module - Absolute Path Validation (QUA-012)" errors="0" failures="0" skipped="0" timestamp="2025-12-20T07:16:36" time="0.146" tests="15">
    <testcase classname="Config Module - Absolute Path Validation (QUA-012) Valid Absolute Paths should accept POSIX absolute paths starting with /" name="Config Module - Absolute Path Validation (QUA-012) Valid Absolute Paths should accept POSIX absolute paths starting with /" time="0.004">
    </testcase>
    <testcase classname="Config Module - Absolute Path Validation (QUA-012) Valid Absolute Paths should accept single absolute path" name="Config Module - Absolute Path Validation (QUA-012) Valid Absolute Paths should accept single absolute path" time="0.003">
    </testcase>
    <testcase classname="Config Module - Absolute Path Validation (QUA-012) Valid Absolute Paths should accept absolute paths with trailing slashes" name="Config Module - Absolute Path Validation (QUA-012) Valid Absolute Paths should accept absolute paths with trailing slashes" time="0.002">
    </testcase>
    <testcase classname="Config Module - Absolute Path Validation (QUA-012) Valid Absolute Paths should accept absolute paths with spaces (trimmed)" name="Config Module - Absolute Path Validation (QUA-012) Valid Absolute Paths should accept absolute paths with spaces (trimmed)" time="0.002">
    </testcase>
    <testcase classname="Config Module - Absolute Path Validation (QUA-012) Valid Absolute Paths should accept root directory" name="Config Module - Absolute Path Validation (QUA-012) Valid Absolute Paths should accept root directory" time="0.003">
    </testcase>
    <testcase classname="Config Module - Absolute Path Validation (QUA-012) Invalid Relative Paths should reject simple relative paths" name="Config Module - Absolute Path Validation (QUA-012) Invalid Relative Paths should reject simple relative paths" time="0.003">
    </testcase>
    <testcase classname="Config Module - Absolute Path Validation (QUA-012) Invalid Relative Paths should reject multiple relative paths" name="Config Module - Absolute Path Validation (QUA-012) Invalid Relative Paths should reject multiple relative paths" time="0.003">
    </testcase>
    <testcase classname="Config Module - Absolute Path Validation (QUA-012) Invalid Relative Paths should reject relative paths with ./" name="Config Module - Absolute Path Validation (QUA-012) Invalid Relative Paths should reject relative paths with ./" time="0.002">
    </testcase>
    <testcase classname="Config Module - Absolute Path Validation (QUA-012) Invalid Relative Paths should reject relative paths with ../" name="Config Module - Absolute Path Validation (QUA-012) Invalid Relative Paths should reject relative paths with ../" time="0.003">
    </testcase>
    <testcase classname="Config Module - Absolute Path Validation (QUA-012) Invalid Relative Paths should reject mixed absolute and relative paths" name="Config Module - Absolute Path Validation (QUA-012) Invalid Relative Paths should reject mixed absolute and relative paths" time="0.003">
    </testcase>
    <testcase classname="Config Module - Absolute Path Validation (QUA-012) Invalid Relative Paths should provide clear error message for relative path" name="Config Module - Absolute Path Validation (QUA-012) Invalid Relative Paths should provide clear error message for relative path" time="0.001">
    </testcase>
    <testcase classname="Config Module - Absolute Path Validation (QUA-012) Edge Cases should handle empty path segments correctly" name="Config Module - Absolute Path Validation (QUA-012) Edge Cases should handle empty path segments correctly" time="0.001">
    </testcase>
    <testcase classname="Config Module - Absolute Path Validation (QUA-012) Edge Cases should reject empty relative path after trim" name="Config Module - Absolute Path Validation (QUA-012) Edge Cases should reject empty relative path after trim" time="0">
    </testcase>
    <testcase classname="Config Module - Absolute Path Validation (QUA-012) Security Implications should prevent path traversal attempts via relative paths" name="Config Module - Absolute Path Validation (QUA-012) Security Implications should prevent path traversal attempts via relative paths" time="0.002">
    </testcase>
    <testcase classname="Config Module - Absolute Path Validation (QUA-012) Security Implications should validate at startup, not at runtime" name="Config Module - Absolute Path Validation (QUA-012) Security Implications should validate at startup, not at runtime" time="0">
    </testcase>
  </testsuite>
  <testsuite name="SSE Concurrent Connection Limit Tests (SEC-006)" errors="0" failures="0" skipped="0" timestamp="2025-12-20T07:16:36" time="0.136" tests="17">
    <testcase classname="SSE Concurrent Connection Limit Tests (SEC-006) Atomic global limit enforcement should enforce global limit atomically under concurrent requests" name="SSE Concurrent Connection Limit Tests (SEC-006) Atomic global limit enforcement should enforce global limit atomically under concurrent requests" time="0.001">
    </testcase>
    <testcase classname="SSE Concurrent Connection Limit Tests (SEC-006) Atomic global limit enforcement should rollback global counter when per-IP limit is exceeded" name="SSE Concurrent Connection Limit Tests (SEC-006) Atomic global limit enforcement should rollback global counter when per-IP limit is exceeded" time="0.001">
    </testcase>
    <testcase classname="SSE Concurrent Connection Limit Tests (SEC-006) Atomic global limit enforcement should handle rapid alternating success and failure without counter drift" name="SSE Concurrent Connection Limit Tests (SEC-006) Atomic global limit enforcement should handle rapid alternating success and failure without counter drift" time="0.003">
    </testcase>
    <testcase classname="SSE Concurrent Connection Limit Tests (SEC-006) Atomic per-IP limit enforcement should enforce per-IP limit atomically under concurrent requests" name="SSE Concurrent Connection Limit Tests (SEC-006) Atomic per-IP limit enforcement should enforce per-IP limit atomically under concurrent requests" time="0.001">
    </testcase>
    <testcase classname="SSE Concurrent Connection Limit Tests (SEC-006) Atomic per-IP limit enforcement should handle multiple IPs approaching limit simultaneously" name="SSE Concurrent Connection Limit Tests (SEC-006) Atomic per-IP limit enforcement should handle multiple IPs approaching limit simultaneously" time="0">
    </testcase>
    <testcase classname="SSE Concurrent Connection Limit Tests (SEC-006) Combined limit enforcement should enforce global limit even when per-IP limits not reached" name="SSE Concurrent Connection Limit Tests (SEC-006) Combined limit enforcement should enforce global limit even when per-IP limits not reached" time="0">
    </testcase>
    <testcase classname="SSE Concurrent Connection Limit Tests (SEC-006) Combined limit enforcement should maintain correct counts when both limits interact" name="SSE Concurrent Connection Limit Tests (SEC-006) Combined limit enforcement should maintain correct counts when both limits interact" time="0.001">
    </testcase>
    <testcase classname="SSE Concurrent Connection Limit Tests (SEC-006) Stress test for race conditions should maintain consistency under extreme concurrent load" name="SSE Concurrent Connection Limit Tests (SEC-006) Stress test for race conditions should maintain consistency under extreme concurrent load" time="0">
    </testcase>
    <testcase classname="SSE Concurrent Connection Limit Tests (SEC-006) Stress test for race conditions should handle interleaved validations and cleanups without drift" name="SSE Concurrent Connection Limit Tests (SEC-006) Stress test for race conditions should handle interleaved validations and cleanups without drift" time="0">
    </testcase>
    <testcase classname="SSE Concurrent Connection Limit Tests (SEC-006) Rollback correctness should correctly rollback global counter on per-IP rejection" name="SSE Concurrent Connection Limit Tests (SEC-006) Rollback correctness should correctly rollback global counter on per-IP rejection" time="0.001">
    </testcase>
    <testcase classname="SSE Concurrent Connection Limit Tests (SEC-006) Rollback correctness should not increment per-IP counter when global limit is hit" name="SSE Concurrent Connection Limit Tests (SEC-006) Rollback correctness should not increment per-IP counter when global limit is hit" time="0">
    </testcase>
    <testcase classname="SSE Concurrent Connection Limit Tests (SEC-006) Edge cases should handle limit of 1 correctly" name="SSE Concurrent Connection Limit Tests (SEC-006) Edge cases should handle limit of 1 correctly" time="0">
    </testcase>
    <testcase classname="SSE Concurrent Connection Limit Tests (SEC-006) Edge cases should handle limit of 0 correctly (reject all)" name="SSE Concurrent Connection Limit Tests (SEC-006) Edge cases should handle limit of 0 correctly (reject all)" time="0">
    </testcase>
    <testcase classname="SSE Concurrent Connection Limit Tests (SEC-006) Edge cases should handle very large limits" name="SSE Concurrent Connection Limit Tests (SEC-006) Edge cases should handle very large limits" time="0.002">
    </testcase>
    <testcase classname="SSE Concurrent Connection Limit Tests (SEC-006) Counter invariants global counter should never exceed global limit" name="SSE Concurrent Connection Limit Tests (SEC-006) Counter invariants global counter should never exceed global limit" time="0.001">
    </testcase>
    <testcase classname="SSE Concurrent Connection Limit Tests (SEC-006) Counter invariants per-IP counter should never exceed per-IP limit" name="SSE Concurrent Connection Limit Tests (SEC-006) Counter invariants per-IP counter should never exceed per-IP limit" time="0">
    </testcase>
    <testcase classname="SSE Concurrent Connection Limit Tests (SEC-006) Counter invariants global counter should equal sum of per-IP counters" name="SSE Concurrent Connection Limit Tests (SEC-006) Counter invariants global counter should equal sum of per-IP counters" time="0">
    </testcase>
  </testsuite>
  <testsuite name="Grayscale Functionality" errors="0" failures="0" skipped="0" timestamp="2025-12-20T07:16:36" time="0.142" tests="43">
    <testcase classname="Grayscale Functionality toGrayscale() - Luminosity Conversion should convert red to grayscale using luminosity formula" name="Grayscale Functionality toGrayscale() - Luminosity Conversion should convert red to grayscale using luminosity formula" time="0">
    </testcase>
    <testcase classname="Grayscale Functionality toGrayscale() - Luminosity Conversion should convert green to grayscale (brightest)" name="Grayscale Functionality toGrayscale() - Luminosity Conversion should convert green to grayscale (brightest)" time="0">
    </testcase>
    <testcase classname="Grayscale Functionality toGrayscale() - Luminosity Conversion should convert blue to grayscale (darkest)" name="Grayscale Functionality toGrayscale() - Luminosity Conversion should convert blue to grayscale (darkest)" time="0">
    </testcase>
    <testcase classname="Grayscale Functionality toGrayscale() - Luminosity Conversion should preserve white" name="Grayscale Functionality toGrayscale() - Luminosity Conversion should preserve white" time="0">
    </testcase>
    <testcase classname="Grayscale Functionality toGrayscale() - Luminosity Conversion should preserve black" name="Grayscale Functionality toGrayscale() - Luminosity Conversion should preserve black" time="0.001">
    </testcase>
    <testcase classname="Grayscale Functionality toGrayscale() - Luminosity Conversion should convert dev color (#4ECDC4) to grayscale" name="Grayscale Functionality toGrayscale() - Luminosity Conversion should convert dev color (#4ECDC4) to grayscale" time="0">
    </testcase>
    <testcase classname="Grayscale Functionality toGrayscale() - Luminosity Conversion should convert prod color (#FF6B6B) to grayscale" name="Grayscale Functionality toGrayscale() - Luminosity Conversion should convert prod color (#FF6B6B) to grayscale" time="0">
    </testcase>
    <testcase classname="Grayscale Functionality toGrayscale() - Luminosity Conversion should convert staging color (#FFEAA7) to grayscale" name="Grayscale Functionality toGrayscale() - Luminosity Conversion should convert staging color (#FFEAA7) to grayscale" time="0">
    </testcase>
    <testcase classname="Grayscale Functionality toGrayscale() - Luminosity Conversion should convert test color (#A29BFE) to grayscale" name="Grayscale Functionality toGrayscale() - Luminosity Conversion should convert test color (#A29BFE) to grayscale" time="0">
    </testcase>
    <testcase classname="Grayscale Functionality toGrayscale() - Luminosity Conversion should handle hex colors without # prefix" name="Grayscale Functionality toGrayscale() - Luminosity Conversion should handle hex colors without # prefix" time="0">
    </testcase>
    <testcase classname="Grayscale Functionality toGrayscale() - Luminosity Conversion should handle lowercase hex colors" name="Grayscale Functionality toGrayscale() - Luminosity Conversion should handle lowercase hex colors" time="0">
    </testcase>
    <testcase classname="Grayscale Functionality toGrayscale() - Luminosity Conversion should handle mixed case hex colors" name="Grayscale Functionality toGrayscale() - Luminosity Conversion should handle mixed case hex colors" time="0">
    </testcase>
    <testcase classname="Grayscale Functionality toGrayscale() - Luminosity Conversion should return valid hex color format" name="Grayscale Functionality toGrayscale() - Luminosity Conversion should return valid hex color format" time="0">
    </testcase>
    <testcase classname="Grayscale Functionality toGrayscale() - Luminosity Conversion should produce same grayscale value for all RGB components" name="Grayscale Functionality toGrayscale() - Luminosity Conversion should produce same grayscale value for all RGB components" time="0.001">
    </testcase>
    <testcase classname="Grayscale Functionality toGrayscale() - Luminosity Conversion should handle mid-range gray colors (idempotent)" name="Grayscale Functionality toGrayscale() - Luminosity Conversion should handle mid-range gray colors (idempotent)" time="0">
    </testcase>
    <testcase classname="Grayscale Functionality toGrayscale() - Luminosity Conversion should convert all default colors to valid grayscale" name="Grayscale Functionality toGrayscale() - Luminosity Conversion should convert all default colors to valid grayscale" time="0">
    </testcase>
    <testcase classname="Grayscale Functionality generateSvgFavicon() with grayscale option should generate colored SVG by default (grayscale: false)" name="Grayscale Functionality generateSvgFavicon() with grayscale option should generate colored SVG by default (grayscale: false)" time="0.001">
    </testcase>
    <testcase classname="Grayscale Functionality generateSvgFavicon() with grayscale option should generate grayscale SVG when grayscale: true" name="Grayscale Functionality generateSvgFavicon() with grayscale option should generate grayscale SVG when grayscale: true" time="0">
    </testcase>
    <testcase classname="Grayscale Functionality generateSvgFavicon() with grayscale option should convert prod color to grayscale when grayscale: true" name="Grayscale Functionality generateSvgFavicon() with grayscale option should convert prod color to grayscale when grayscale: true" time="0">
    </testcase>
    <testcase classname="Grayscale Functionality generateSvgFavicon() with grayscale option should convert staging color to grayscale when grayscale: true" name="Grayscale Functionality generateSvgFavicon() with grayscale option should convert staging color to grayscale when grayscale: true" time="0">
    </testcase>
    <testcase classname="Grayscale Functionality generateSvgFavicon() with grayscale option should preserve initials when converting to grayscale" name="Grayscale Functionality generateSvgFavicon() with grayscale option should preserve initials when converting to grayscale" time="0">
    </testcase>
    <testcase classname="Grayscale Functionality generateSvgFavicon() with grayscale option should preserve port text when converting to grayscale" name="Grayscale Functionality generateSvgFavicon() with grayscale option should preserve port text when converting to grayscale" time="0">
    </testcase>
    <testcase classname="Grayscale Functionality generateSvgFavicon() with grayscale option should handle grayscale: false explicitly" name="Grayscale Functionality generateSvgFavicon() with grayscale option should handle grayscale: false explicitly" time="0">
    </testcase>
    <testcase classname="Grayscale Functionality generateSvgFavicon() with grayscale option should handle empty options object (default to colored)" name="Grayscale Functionality generateSvgFavicon() with grayscale option should handle empty options object (default to colored)" time="0">
    </testcase>
    <testcase classname="Grayscale Functionality generateSvgFavicon() with grayscale option should handle undefined options (default to colored)" name="Grayscale Functionality generateSvgFavicon() with grayscale option should handle undefined options (default to colored)" time="0.001">
    </testcase>
    <testcase classname="Grayscale Functionality generateSvgFavicon() with grayscale option should convert hash-based colors to grayscale" name="Grayscale Functionality generateSvgFavicon() with grayscale option should convert hash-based colors to grayscale" time="0">
    </testcase>
    <testcase classname="Grayscale Functionality generateSvgFavicon() with grayscale option should generate valid SVG structure with grayscale" name="Grayscale Functionality generateSvgFavicon() with grayscale option should generate valid SVG structure with grayscale" time="0">
    </testcase>
    <testcase classname="Grayscale Functionality getFavicon() with grayscale option should use separate cache keys for colored and grayscale versions" name="Grayscale Functionality getFavicon() with grayscale option should use separate cache keys for colored and grayscale versions" time="0.003">
    </testcase>
    <testcase classname="Grayscale Functionality getFavicon() with grayscale option should cache grayscale favicons separately" name="Grayscale Functionality getFavicon() with grayscale option should cache grayscale favicons separately" time="0.001">
    </testcase>
    <testcase classname="Grayscale Functionality getFavicon() with grayscale option should generate grayscale SVG when grayscale: true" name="Grayscale Functionality getFavicon() with grayscale option should generate grayscale SVG when grayscale: true" time="0.002">
    </testcase>
    <testcase classname="Grayscale Functionality getFavicon() with grayscale option should generate colored SVG when grayscale: false" name="Grayscale Functionality getFavicon() with grayscale option should generate colored SVG when grayscale: false" time="0.001">
    </testcase>
    <testcase classname="Grayscale Functionality getFavicon() with grayscale option should default to colored when options not provided" name="Grayscale Functionality getFavicon() with grayscale option should default to colored when options not provided" time="0.002">
    </testcase>
    <testcase classname="Grayscale Functionality getFavicon() with grayscale option should return cached grayscale favicon if available" name="Grayscale Functionality getFavicon() with grayscale option should return cached grayscale favicon if available" time="0">
    </testcase>
    <testcase classname="Grayscale Functionality getFavicon() with grayscale option should handle prod project with grayscale" name="Grayscale Functionality getFavicon() with grayscale option should handle prod project with grayscale" time="0.001">
    </testcase>
    <testcase classname="Grayscale Functionality getFavicon() with grayscale option should preserve project initials in grayscale mode" name="Grayscale Functionality getFavicon() with grayscale option should preserve project initials in grayscale mode" time="0.002">
    </testcase>
    <testcase classname="Grayscale Functionality Grayscale Edge Cases should handle very bright colors (near white)" name="Grayscale Functionality Grayscale Edge Cases should handle very bright colors (near white)" time="0">
    </testcase>
    <testcase classname="Grayscale Functionality Grayscale Edge Cases should handle very dark colors (near black)" name="Grayscale Functionality Grayscale Edge Cases should handle very dark colors (near black)" time="0">
    </testcase>
    <testcase classname="Grayscale Functionality Grayscale Edge Cases should handle mid-range colors" name="Grayscale Functionality Grayscale Edge Cases should handle mid-range colors" time="0">
    </testcase>
    <testcase classname="Grayscale Functionality Grayscale Edge Cases should handle primary colors consistently" name="Grayscale Functionality Grayscale Edge Cases should handle primary colors consistently" time="0">
    </testcase>
    <testcase classname="Grayscale Functionality Grayscale Edge Cases should handle grayscale option with null project info" name="Grayscale Functionality Grayscale Edge Cases should handle grayscale option with null project info" time="0.001">
    </testcase>
    <testcase classname="Grayscale Functionality Grayscale Edge Cases should handle grayscale option with empty project name" name="Grayscale Functionality Grayscale Edge Cases should handle grayscale option with empty project name" time="0.001">
    </testcase>
    <testcase classname="Grayscale Functionality Luminosity Formula Validation should use correct ITU-R BT.601 coefficients" name="Grayscale Functionality Luminosity Formula Validation should use correct ITU-R BT.601 coefficients" time="0">
    </testcase>
    <testcase classname="Grayscale Functionality Luminosity Formula Validation should sum coefficients to 1.0" name="Grayscale Functionality Luminosity Formula Validation should sum coefficients to 1.0" time="0">
    </testcase>
  </testsuite>
  <testsuite name="Input Validators" errors="0" failures="0" skipped="0" timestamp="2025-12-20T07:16:36" time="0.132" tests="27">
    <testcase classname="Input Validators Timestamp Validation should accept timestamp at exact boundary: now + 24 hours" name="Input Validators Timestamp Validation should accept timestamp at exact boundary: now + 24 hours" time="0.001">
    </testcase>
    <testcase classname="Input Validators Timestamp Validation should accept timestamp near boundary: now - 1 year + 100ms" name="Input Validators Timestamp Validation should accept timestamp near boundary: now - 1 year + 100ms" time="0">
    </testcase>
    <testcase classname="Input Validators Timestamp Validation should reject timestamp just outside: now + 24h + 100ms" name="Input Validators Timestamp Validation should reject timestamp just outside: now + 24h + 100ms" time="0.001">
    </testcase>
    <testcase classname="Input Validators Timestamp Validation should reject timestamp just outside: now - 1y - 100ms" name="Input Validators Timestamp Validation should reject timestamp just outside: now - 1y - 100ms" time="0">
    </testcase>
    <testcase classname="Input Validators Timestamp Validation should reject extreme future value: year 2100" name="Input Validators Timestamp Validation should reject extreme future value: year 2100" time="0">
    </testcase>
    <testcase classname="Input Validators Timestamp Validation should reject extreme past value: year 1970" name="Input Validators Timestamp Validation should reject extreme past value: year 1970" time="0">
    </testcase>
    <testcase classname="Input Validators Timestamp Validation should reject non-numeric string value" name="Input Validators Timestamp Validation should reject non-numeric string value" time="0.001">
    </testcase>
    <testcase classname="Input Validators Timestamp Validation should reject negative timestamp" name="Input Validators Timestamp Validation should reject negative timestamp" time="0">
    </testcase>
    <testcase classname="Input Validators Timestamp Validation should reject boolean value" name="Input Validators Timestamp Validation should reject boolean value" time="0">
    </testcase>
    <testcase classname="Input Validators Timestamp Validation should reject null value" name="Input Validators Timestamp Validation should reject null value" time="0">
    </testcase>
    <testcase classname="Input Validators Timestamp Validation should reject object value" name="Input Validators Timestamp Validation should reject object value" time="0">
    </testcase>
    <testcase classname="Input Validators Timestamp Validation should reject array value" name="Input Validators Timestamp Validation should reject array value" time="0.001">
    </testcase>
    <testcase classname="Input Validators Timestamp Validation should accept valid timestamp within range" name="Input Validators Timestamp Validation should accept valid timestamp within range" time="0">
    </testcase>
    <testcase classname="Input Validators Timestamp Validation should allow timestamp to be optional (omitted)" name="Input Validators Timestamp Validation should allow timestamp to be optional (omitted)" time="0">
    </testcase>
    <testcase classname="Input Validators Timestamp Validation should accept current timestamp" name="Input Validators Timestamp Validation should accept current timestamp" time="0">
    </testcase>
    <testcase classname="Input Validators Timestamp Validation should reject floating point timestamp outside range" name="Input Validators Timestamp Validation should reject floating point timestamp outside range" time="0">
    </testcase>
    <testcase classname="Input Validators Message Validation should accept valid message" name="Input Validators Message Validation should accept valid message" time="0">
    </testcase>
    <testcase classname="Input Validators Message Validation should reject message exceeding 500 characters" name="Input Validators Message Validation should reject message exceeding 500 characters" time="0.001">
    </testcase>
    <testcase classname="Input Validators Message Validation should accept message with exactly 500 characters" name="Input Validators Message Validation should accept message with exactly 500 characters" time="0">
    </testcase>
    <testcase classname="Input Validators Message Validation should reject message with invalid characters" name="Input Validators Message Validation should reject message with invalid characters" time="0">
    </testcase>
    <testcase classname="Input Validators Message Validation should accept message with allowed special characters" name="Input Validators Message Validation should accept message with allowed special characters" time="0">
    </testcase>
    <testcase classname="Input Validators Message Validation should allow message to be optional" name="Input Validators Message Validation should allow message to be optional" time="0">
    </testcase>
    <testcase classname="Input Validators Message Validation should reject non-string message" name="Input Validators Message Validation should reject non-string message" time="0">
    </testcase>
    <testcase classname="Input Validators handleValidationErrors Middleware should call next() when no validation errors" name="Input Validators handleValidationErrors Middleware should call next() when no validation errors" time="0.001">
    </testcase>
    <testcase classname="Input Validators handleValidationErrors Middleware should return 400 with error details when validation fails" name="Input Validators handleValidationErrors Middleware should return 400 with error details when validation fails" time="0">
    </testcase>
    <testcase classname="Input Validators handleValidationErrors Middleware should handle multiple validation errors" name="Input Validators handleValidationErrors Middleware should handle multiple validation errors" time="0">
    </testcase>
    <testcase classname="Input Validators handleValidationErrors Middleware should use req.log if available" name="Input Validators handleValidationErrors Middleware should use req.log if available" time="0">
    </testcase>
  </testsuite>
  <testsuite name="File Content Validators" errors="0" failures="0" skipped="0" timestamp="2025-12-20T07:16:36" time="0.138" tests="38">
    <testcase classname="File Content Validators validateTextFile() should accept text/plain without magic byte validation" name="File Content Validators validateTextFile() should accept text/plain without magic byte validation" time="0">
    </testcase>
    <testcase classname="File Content Validators validateTextFile() should accept text/markdown without magic byte validation" name="File Content Validators validateTextFile() should accept text/markdown without magic byte validation" time="0">
    </testcase>
    <testcase classname="File Content Validators validateTextFile() should accept text/csv without magic byte validation" name="File Content Validators validateTextFile() should accept text/csv without magic byte validation" time="0.001">
    </testcase>
    <testcase classname="File Content Validators validateTextFile() should accept application/json without magic byte validation" name="File Content Validators validateTextFile() should accept application/json without magic byte validation" time="0">
    </testcase>
    <testcase classname="File Content Validators validateTextFile() should accept empty text file" name="File Content Validators validateTextFile() should accept empty text file" time="0">
    </testcase>
    <testcase classname="File Content Validators validateImageFile() should accept valid PNG with matching magic bytes" name="File Content Validators validateImageFile() should accept valid PNG with matching magic bytes" time="0">
    </testcase>
    <testcase classname="File Content Validators validateImageFile() should accept valid JPEG with matching magic bytes" name="File Content Validators validateImageFile() should accept valid JPEG with matching magic bytes" time="0">
    </testcase>
    <testcase classname="File Content Validators validateImageFile() should accept valid WebP with matching magic bytes" name="File Content Validators validateImageFile() should accept valid WebP with matching magic bytes" time="0.001">
    </testcase>
    <testcase classname="File Content Validators validateImageFile() should accept valid GIF with matching magic bytes" name="File Content Validators validateImageFile() should accept valid GIF with matching magic bytes" time="0">
    </testcase>
    <testcase classname="File Content Validators validateImageFile() should reject image with no detectable magic bytes" name="File Content Validators validateImageFile() should reject image with no detectable magic bytes" time="0">
    </testcase>
    <testcase classname="File Content Validators validateImageFile() should reject image with mismatched MIME type" name="File Content Validators validateImageFile() should reject image with mismatched MIME type" time="0">
    </testcase>
    <testcase classname="File Content Validators validateImageFile() should reject image detected as non-allowed type" name="File Content Validators validateImageFile() should reject image detected as non-allowed type" time="0">
    </testcase>
    <testcase classname="File Content Validators validateImageFile() should handle fileType library errors gracefully" name="File Content Validators validateImageFile() should handle fileType library errors gracefully" time="0.001">
    </testcase>
    <testcase classname="File Content Validators validateBinaryFile() should accept valid PDF with matching magic bytes" name="File Content Validators validateBinaryFile() should accept valid PDF with matching magic bytes" time="0">
    </testcase>
    <testcase classname="File Content Validators validateBinaryFile() should accept valid ZIP with matching magic bytes" name="File Content Validators validateBinaryFile() should accept valid ZIP with matching magic bytes" time="0">
    </testcase>
    <testcase classname="File Content Validators validateBinaryFile() should accept DOCX detected as ZIP (Office XML format)" name="File Content Validators validateBinaryFile() should accept DOCX detected as ZIP (Office XML format)" time="0.001">
    </testcase>
    <testcase classname="File Content Validators validateBinaryFile() should accept XLSX detected as ZIP (Office XML format)" name="File Content Validators validateBinaryFile() should accept XLSX detected as ZIP (Office XML format)" time="0">
    </testcase>
    <testcase classname="File Content Validators validateBinaryFile() should accept PPTX detected as ZIP (Office XML format)" name="File Content Validators validateBinaryFile() should accept PPTX detected as ZIP (Office XML format)" time="0">
    </testcase>
    <testcase classname="File Content Validators validateBinaryFile() should reject binary file with no detectable magic bytes" name="File Content Validators validateBinaryFile() should reject binary file with no detectable magic bytes" time="0">
    </testcase>
    <testcase classname="File Content Validators validateBinaryFile() should reject binary file with mismatched MIME type" name="File Content Validators validateBinaryFile() should reject binary file with mismatched MIME type" time="0">
    </testcase>
    <testcase classname="File Content Validators validateBinaryFile() should reject binary file detected as non-allowed type" name="File Content Validators validateBinaryFile() should reject binary file detected as non-allowed type" time="0">
    </testcase>
    <testcase classname="File Content Validators validateBinaryFile() should NOT accept ZIP when DOCX is declared and detected as non-ZIP" name="File Content Validators validateBinaryFile() should NOT accept ZIP when DOCX is declared and detected as non-ZIP" time="0">
    </testcase>
    <testcase classname="File Content Validators validateBinaryFile() should handle fileType library errors gracefully" name="File Content Validators validateBinaryFile() should handle fileType library errors gracefully" time="0">
    </testcase>
    <testcase classname="File Content Validators validateFileContent() - Routing Logic should route text/plain to validateTextFile" name="File Content Validators validateFileContent() - Routing Logic should route text/plain to validateTextFile" time="0">
    </testcase>
    <testcase classname="File Content Validators validateFileContent() - Routing Logic should route text/markdown to validateTextFile" name="File Content Validators validateFileContent() - Routing Logic should route text/markdown to validateTextFile" time="0">
    </testcase>
    <testcase classname="File Content Validators validateFileContent() - Routing Logic should route text/csv to validateTextFile" name="File Content Validators validateFileContent() - Routing Logic should route text/csv to validateTextFile" time="0">
    </testcase>
    <testcase classname="File Content Validators validateFileContent() - Routing Logic should route application/json to validateTextFile" name="File Content Validators validateFileContent() - Routing Logic should route application/json to validateTextFile" time="0.001">
    </testcase>
    <testcase classname="File Content Validators validateFileContent() - Routing Logic should route image/png to validateImageFile" name="File Content Validators validateFileContent() - Routing Logic should route image/png to validateImageFile" time="0">
    </testcase>
    <testcase classname="File Content Validators validateFileContent() - Routing Logic should route image/jpeg to validateImageFile" name="File Content Validators validateFileContent() - Routing Logic should route image/jpeg to validateImageFile" time="0">
    </testcase>
    <testcase classname="File Content Validators validateFileContent() - Routing Logic should route image/webp to validateImageFile" name="File Content Validators validateFileContent() - Routing Logic should route image/webp to validateImageFile" time="0">
    </testcase>
    <testcase classname="File Content Validators validateFileContent() - Routing Logic should route image/gif to validateImageFile" name="File Content Validators validateFileContent() - Routing Logic should route image/gif to validateImageFile" time="0">
    </testcase>
    <testcase classname="File Content Validators validateFileContent() - Routing Logic should route application/pdf to validateBinaryFile" name="File Content Validators validateFileContent() - Routing Logic should route application/pdf to validateBinaryFile" time="0">
    </testcase>
    <testcase classname="File Content Validators validateFileContent() - Routing Logic should route application/zip to validateBinaryFile" name="File Content Validators validateFileContent() - Routing Logic should route application/zip to validateBinaryFile" time="0">
    </testcase>
    <testcase classname="File Content Validators validateFileContent() - Routing Logic should route DOCX to validateBinaryFile" name="File Content Validators validateFileContent() - Routing Logic should route DOCX to validateBinaryFile" time="0">
    </testcase>
    <testcase classname="File Content Validators validateFileContent() - Routing Logic should handle unknown MIME type gracefully" name="File Content Validators validateFileContent() - Routing Logic should handle unknown MIME type gracefully" time="0">
    </testcase>
    <testcase classname="File Content Validators validateFileContent() - Integration Tests should correctly validate all allowed image types" name="File Content Validators validateFileContent() - Integration Tests should correctly validate all allowed image types" time="0.001">
    </testcase>
    <testcase classname="File Content Validators validateFileContent() - Integration Tests should correctly validate all allowed text types" name="File Content Validators validateFileContent() - Integration Tests should correctly validate all allowed text types" time="0">
    </testcase>
    <testcase classname="File Content Validators validateFileContent() - Integration Tests should correctly validate Office XML formats" name="File Content Validators validateFileContent() - Integration Tests should correctly validate Office XML formats" time="0">
    </testcase>
  </testsuite>
  <testsuite name="Metadata Validation (QUA-008)" errors="0" failures="0" skipped="0" timestamp="2025-12-20T07:16:36" time="0.137" tests="50">
    <testcase classname="Metadata Validation (QUA-008) Helper Functions isPlainObject should return true for plain object" name="Metadata Validation (QUA-008) Helper Functions isPlainObject should return true for plain object" time="0">
    </testcase>
    <testcase classname="Metadata Validation (QUA-008) Helper Functions isPlainObject should return false for null" name="Metadata Validation (QUA-008) Helper Functions isPlainObject should return false for null" time="0">
    </testcase>
    <testcase classname="Metadata Validation (QUA-008) Helper Functions isPlainObject should return false for arrays" name="Metadata Validation (QUA-008) Helper Functions isPlainObject should return false for arrays" time="0">
    </testcase>
    <testcase classname="Metadata Validation (QUA-008) Helper Functions isPlainObject should return false for primitives" name="Metadata Validation (QUA-008) Helper Functions isPlainObject should return false for primitives" time="0">
    </testcase>
    <testcase classname="Metadata Validation (QUA-008) Helper Functions isPlainObject should return false for Date objects" name="Metadata Validation (QUA-008) Helper Functions isPlainObject should return false for Date objects" time="0">
    </testcase>
    <testcase classname="Metadata Validation (QUA-008) Helper Functions isPlainObject should return false for RegExp objects" name="Metadata Validation (QUA-008) Helper Functions isPlainObject should return false for RegExp objects" time="0.001">
    </testcase>
    <testcase classname="Metadata Validation (QUA-008) Helper Functions isPlainObject should return false for class instances" name="Metadata Validation (QUA-008) Helper Functions isPlainObject should return false for class instances" time="0">
    </testcase>
    <testcase classname="Metadata Validation (QUA-008) Helper Functions getObjectDepth should return 0 for flat object" name="Metadata Validation (QUA-008) Helper Functions getObjectDepth should return 0 for flat object" time="0">
    </testcase>
    <testcase classname="Metadata Validation (QUA-008) Helper Functions getObjectDepth should return 1 for one level of nesting" name="Metadata Validation (QUA-008) Helper Functions getObjectDepth should return 1 for one level of nesting" time="0">
    </testcase>
    <testcase classname="Metadata Validation (QUA-008) Helper Functions getObjectDepth should return 2 for two levels of nesting" name="Metadata Validation (QUA-008) Helper Functions getObjectDepth should return 2 for two levels of nesting" time="0">
    </testcase>
    <testcase classname="Metadata Validation (QUA-008) Helper Functions getObjectDepth should return 3 for three levels of nesting" name="Metadata Validation (QUA-008) Helper Functions getObjectDepth should return 3 for three levels of nesting" time="0">
    </testcase>
    <testcase classname="Metadata Validation (QUA-008) Helper Functions getObjectDepth should handle multiple branches and return max depth" name="Metadata Validation (QUA-008) Helper Functions getObjectDepth should handle multiple branches and return max depth" time="0">
    </testcase>
    <testcase classname="Metadata Validation (QUA-008) Helper Functions getObjectDepth should return 0 for empty object" name="Metadata Validation (QUA-008) Helper Functions getObjectDepth should return 0 for empty object" time="0">
    </testcase>
    <testcase classname="Metadata Validation (QUA-008) Helper Functions getObjectDepth should handle arrays as non-objects (not count as depth)" name="Metadata Validation (QUA-008) Helper Functions getObjectDepth should handle arrays as non-objects (not count as depth)" time="0">
    </testcase>
    <testcase classname="Metadata Validation (QUA-008) Metadata Field Validation Valid Metadata should accept valid metadata with allowed keys" name="Metadata Validation (QUA-008) Metadata Field Validation Valid Metadata should accept valid metadata with allowed keys" time="0.001">
    </testcase>
    <testcase classname="Metadata Validation (QUA-008) Metadata Field Validation Valid Metadata should accept null metadata" name="Metadata Validation (QUA-008) Metadata Field Validation Valid Metadata should accept null metadata" time="0">
    </testcase>
    <testcase classname="Metadata Validation (QUA-008) Metadata Field Validation Valid Metadata should accept undefined metadata (omitted)" name="Metadata Validation (QUA-008) Metadata Field Validation Valid Metadata should accept undefined metadata (omitted)" time="0.001">
    </testcase>
    <testcase classname="Metadata Validation (QUA-008) Metadata Field Validation Valid Metadata should accept empty object metadata" name="Metadata Validation (QUA-008) Metadata Field Validation Valid Metadata should accept empty object metadata" time="0">
    </testcase>
    <testcase classname="Metadata Validation (QUA-008) Metadata Field Validation Valid Metadata should accept metadata with nested object at depth 1" name="Metadata Validation (QUA-008) Metadata Field Validation Valid Metadata should accept metadata with nested object at depth 1" time="0">
    </testcase>
    <testcase classname="Metadata Validation (QUA-008) Metadata Field Validation Valid Metadata should accept metadata with nested object at depth 2" name="Metadata Validation (QUA-008) Metadata Field Validation Valid Metadata should accept metadata with nested object at depth 2" time="0">
    </testcase>
    <testcase classname="Metadata Validation (QUA-008) Metadata Field Validation Valid Metadata should accept metadata at exact max depth of 3" name="Metadata Validation (QUA-008) Metadata Field Validation Valid Metadata should accept metadata at exact max depth of 3" time="0">
    </testcase>
    <testcase classname="Metadata Validation (QUA-008) Metadata Field Validation Valid Metadata should accept metadata near max size" name="Metadata Validation (QUA-008) Metadata Field Validation Valid Metadata should accept metadata near max size" time="0">
    </testcase>
    <testcase classname="Metadata Validation (QUA-008) Metadata Field Validation Invalid Metadata - Type Validation should reject array metadata" name="Metadata Validation (QUA-008) Metadata Field Validation Invalid Metadata - Type Validation should reject array metadata" time="0">
    </testcase>
    <testcase classname="Metadata Validation (QUA-008) Metadata Field Validation Invalid Metadata - Type Validation should reject string metadata" name="Metadata Validation (QUA-008) Metadata Field Validation Invalid Metadata - Type Validation should reject string metadata" time="0.001">
    </testcase>
    <testcase classname="Metadata Validation (QUA-008) Metadata Field Validation Invalid Metadata - Type Validation should reject number metadata" name="Metadata Validation (QUA-008) Metadata Field Validation Invalid Metadata - Type Validation should reject number metadata" time="0">
    </testcase>
    <testcase classname="Metadata Validation (QUA-008) Metadata Field Validation Invalid Metadata - Type Validation should reject boolean metadata" name="Metadata Validation (QUA-008) Metadata Field Validation Invalid Metadata - Type Validation should reject boolean metadata" time="0">
    </testcase>
    <testcase classname="Metadata Validation (QUA-008) Metadata Field Validation Invalid Metadata - Type Validation should reject Date object metadata" name="Metadata Validation (QUA-008) Metadata Field Validation Invalid Metadata - Type Validation should reject Date object metadata" time="0">
    </testcase>
    <testcase classname="Metadata Validation (QUA-008) Metadata Field Validation Invalid Metadata - Size Validation should reject metadata exceeding 5KB" name="Metadata Validation (QUA-008) Metadata Field Validation Invalid Metadata - Size Validation should reject metadata exceeding 5KB" time="0">
    </testcase>
    <testcase classname="Metadata Validation (QUA-008) Metadata Field Validation Invalid Metadata - Size Validation should reject metadata exactly at 5KB + 1 byte" name="Metadata Validation (QUA-008) Metadata Field Validation Invalid Metadata - Size Validation should reject metadata exactly at 5KB + 1 byte" time="0">
    </testcase>
    <testcase classname="Metadata Validation (QUA-008) Metadata Field Validation Invalid Metadata - Size Validation should reject multiple large fields totaling over 5KB" name="Metadata Validation (QUA-008) Metadata Field Validation Invalid Metadata - Size Validation should reject multiple large fields totaling over 5KB" time="0.001">
    </testcase>
    <testcase classname="Metadata Validation (QUA-008) Metadata Field Validation Invalid Metadata - Nesting Depth Validation should reject metadata with depth 4 (exceeds max of 3)" name="Metadata Validation (QUA-008) Metadata Field Validation Invalid Metadata - Nesting Depth Validation should reject metadata with depth 4 (exceeds max of 3)" time="0">
    </testcase>
    <testcase classname="Metadata Validation (QUA-008) Metadata Field Validation Invalid Metadata - Nesting Depth Validation should reject deeply nested metadata (depth 5)" name="Metadata Validation (QUA-008) Metadata Field Validation Invalid Metadata - Nesting Depth Validation should reject deeply nested metadata (depth 5)" time="0">
    </testcase>
    <testcase classname="Metadata Validation (QUA-008) Metadata Field Validation Invalid Metadata - Nesting Depth Validation should handle multiple branches and reject if any exceeds depth" name="Metadata Validation (QUA-008) Metadata Field Validation Invalid Metadata - Nesting Depth Validation should handle multiple branches and reject if any exceeds depth" time="0">
    </testcase>
    <testcase classname="Metadata Validation (QUA-008) Metadata Field Validation Invalid Metadata - Key Whitelist Validation should reject metadata with invalid keys" name="Metadata Validation (QUA-008) Metadata Field Validation Invalid Metadata - Key Whitelist Validation should reject metadata with invalid keys" time="0">
    </testcase>
    <testcase classname="Metadata Validation (QUA-008) Metadata Field Validation Invalid Metadata - Key Whitelist Validation should reject metadata with multiple invalid keys" name="Metadata Validation (QUA-008) Metadata Field Validation Invalid Metadata - Key Whitelist Validation should reject metadata with multiple invalid keys" time="0">
    </testcase>
    <testcase classname="Metadata Validation (QUA-008) Metadata Field Validation Invalid Metadata - Key Whitelist Validation should accept all whitelisted keys" name="Metadata Validation (QUA-008) Metadata Field Validation Invalid Metadata - Key Whitelist Validation should accept all whitelisted keys" time="0">
    </testcase>
    <testcase classname="Metadata Validation (QUA-008) Metadata Field Validation Invalid Metadata - Key Whitelist Validation should reject case-sensitive invalid keys" name="Metadata Validation (QUA-008) Metadata Field Validation Invalid Metadata - Key Whitelist Validation should reject case-sensitive invalid keys" time="0">
    </testcase>
    <testcase classname="Metadata Validation (QUA-008) Metadata Field Validation Combined Validation Scenarios should validate all metadata constraints together" name="Metadata Validation (QUA-008) Metadata Field Validation Combined Validation Scenarios should validate all metadata constraints together" time="0">
    </testcase>
    <testcase classname="Metadata Validation (QUA-008) Metadata Field Validation Combined Validation Scenarios should report multiple validation errors" name="Metadata Validation (QUA-008) Metadata Field Validation Combined Validation Scenarios should report multiple validation errors" time="0">
    </testcase>
    <testcase classname="Metadata Validation (QUA-008) Metadata Field Validation Combined Validation Scenarios should validate metadata alongside message and timestamp" name="Metadata Validation (QUA-008) Metadata Field Validation Combined Validation Scenarios should validate metadata alongside message and timestamp" time="0.001">
    </testcase>
    <testcase classname="Metadata Validation (QUA-008) Metadata Field Validation Combined Validation Scenarios should reject invalid metadata even with valid message and timestamp" name="Metadata Validation (QUA-008) Metadata Field Validation Combined Validation Scenarios should reject invalid metadata even with valid message and timestamp" time="0">
    </testcase>
    <testcase classname="Metadata Validation (QUA-008) Metadata Field Validation Edge Cases should handle metadata with special characters in keys" name="Metadata Validation (QUA-008) Metadata Field Validation Edge Cases should handle metadata with special characters in keys" time="0">
    </testcase>
    <testcase classname="Metadata Validation (QUA-008) Metadata Field Validation Edge Cases should handle metadata with numeric values" name="Metadata Validation (QUA-008) Metadata Field Validation Edge Cases should handle metadata with numeric values" time="0">
    </testcase>
    <testcase classname="Metadata Validation (QUA-008) Metadata Field Validation Edge Cases should handle metadata with boolean values" name="Metadata Validation (QUA-008) Metadata Field Validation Edge Cases should handle metadata with boolean values" time="0">
    </testcase>
    <testcase classname="Metadata Validation (QUA-008) Metadata Field Validation Edge Cases should handle metadata with null values" name="Metadata Validation (QUA-008) Metadata Field Validation Edge Cases should handle metadata with null values" time="0">
    </testcase>
    <testcase classname="Metadata Validation (QUA-008) Metadata Field Validation Edge Cases should handle metadata with array values (not rejected by type check)" name="Metadata Validation (QUA-008) Metadata Field Validation Edge Cases should handle metadata with array values (not rejected by type check)" time="0">
    </testcase>
    <testcase classname="Metadata Validation (QUA-008) Metadata Field Validation Edge Cases should handle metadata with mixed value types" name="Metadata Validation (QUA-008) Metadata Field Validation Edge Cases should handle metadata with mixed value types" time="0.001">
    </testcase>
    <testcase classname="Metadata Validation (QUA-008) Metadata Field Validation Performance and DoS Prevention should quickly reject extremely nested metadata" name="Metadata Validation (QUA-008) Metadata Field Validation Performance and DoS Prevention should quickly reject extremely nested metadata" time="0">
    </testcase>
    <testcase classname="Metadata Validation (QUA-008) Metadata Field Validation Performance and DoS Prevention should quickly reject extremely large metadata" name="Metadata Validation (QUA-008) Metadata Field Validation Performance and DoS Prevention should quickly reject extremely large metadata" time="0">
    </testcase>
    <testcase classname="Metadata Validation (QUA-008) Metadata Field Validation Performance and DoS Prevention should handle metadata with many keys efficiently" name="Metadata Validation (QUA-008) Metadata Field Validation Performance and DoS Prevention should handle metadata with many keys efficiently" time="0">
    </testcase>
  </testsuite>
  <testsuite name="Health Check Rate Limiting Tests" errors="0" failures="0" skipped="15" timestamp="2025-12-20T07:16:36" time="0.138" tests="17">
    <testcase classname="Health Check Rate Limiting Tests Rate Limiting Behavior should allow legitimate monitoring probe frequency (10 req/min)" name="Health Check Rate Limiting Tests Rate Limiting Behavior should allow legitimate monitoring probe frequency (10 req/min)" time="0">
      <skipped/>
    </testcase>
    <testcase classname="Health Check Rate Limiting Tests Rate Limiting Behavior should allow burst traffic up to limit" name="Health Check Rate Limiting Tests Rate Limiting Behavior should allow burst traffic up to limit" time="0">
      <skipped/>
    </testcase>
    <testcase classname="Health Check Rate Limiting Tests Rate Limiting Behavior should enforce rate limit after max requests" name="Health Check Rate Limiting Tests Rate Limiting Behavior should enforce rate limit after max requests" time="0">
      <skipped/>
    </testcase>
    <testcase classname="Health Check Rate Limiting Tests Rate Limiting Behavior should include rate limit headers in responses" name="Health Check Rate Limiting Tests Rate Limiting Behavior should include rate limit headers in responses" time="0">
      <skipped/>
    </testcase>
    <testcase classname="Health Check Rate Limiting Tests Rate Limiting Behavior should include retryAfter in 429 response" name="Health Check Rate Limiting Tests Rate Limiting Behavior should include retryAfter in 429 response" time="0">
      <skipped/>
    </testcase>
    <testcase classname="Health Check Rate Limiting Tests Rate Limiting Behavior should include Retry-After header in 429 response" name="Health Check Rate Limiting Tests Rate Limiting Behavior should include Retry-After header in 429 response" time="0">
      <skipped/>
    </testcase>
    <testcase classname="Health Check Rate Limiting Tests All Health Endpoints Rate Limited /health endpoint should be rate limited" name="Health Check Rate Limiting Tests All Health Endpoints Rate Limited /health endpoint should be rate limited" time="0">
      <skipped/>
    </testcase>
    <testcase classname="Health Check Rate Limiting Tests All Health Endpoints Rate Limited /health/live endpoint should be rate limited" name="Health Check Rate Limiting Tests All Health Endpoints Rate Limited /health/live endpoint should be rate limited" time="0">
      <skipped/>
    </testcase>
    <testcase classname="Health Check Rate Limiting Tests All Health Endpoints Rate Limited /health/ready endpoint should be rate limited" name="Health Check Rate Limiting Tests All Health Endpoints Rate Limited /health/ready endpoint should be rate limited" time="0">
      <skipped/>
    </testcase>
    <testcase classname="Health Check Rate Limiting Tests Kubernetes Probe Compatibility should support typical Kubernetes liveness probe frequency" name="Health Check Rate Limiting Tests Kubernetes Probe Compatibility should support typical Kubernetes liveness probe frequency" time="0">
      <skipped/>
    </testcase>
    <testcase classname="Health Check Rate Limiting Tests Kubernetes Probe Compatibility should support typical Kubernetes readiness probe frequency" name="Health Check Rate Limiting Tests Kubernetes Probe Compatibility should support typical Kubernetes readiness probe frequency" time="0">
      <skipped/>
    </testcase>
    <testcase classname="Health Check Rate Limiting Tests Kubernetes Probe Compatibility should support multiple monitoring systems simultaneously" name="Health Check Rate Limiting Tests Kubernetes Probe Compatibility should support multiple monitoring systems simultaneously" time="0">
      <skipped/>
    </testcase>
    <testcase classname="Health Check Rate Limiting Tests DoS Prevention should prevent malicious high-frequency polling" name="Health Check Rate Limiting Tests DoS Prevention should prevent malicious high-frequency polling" time="0">
      <skipped/>
    </testcase>
    <testcase classname="Health Check Rate Limiting Tests Response Format Consistency should return JSON error for rate limited requests" name="Health Check Rate Limiting Tests Response Format Consistency should return JSON error for rate limited requests" time="0">
      <skipped/>
    </testcase>
    <testcase classname="Health Check Rate Limiting Tests Response Format Consistency should maintain normal response format when not rate limited" name="Health Check Rate Limiting Tests Response Format Consistency should maintain normal response format when not rate limited" time="0">
      <skipped/>
    </testcase>
    <testcase classname="Health Check Rate Limiting Tests Production Configuration Validation should document production rate limit is 200 req/min" name="Health Check Rate Limiting Tests Production Configuration Validation should document production rate limit is 200 req/min" time="0.001">
    </testcase>
    <testcase classname="Health Check Rate Limiting Tests Production Configuration Validation should allow normal monitoring traffic patterns" name="Health Check Rate Limiting Tests Production Configuration Validation should allow normal monitoring traffic patterns" time="0.001">
    </testcase>
  </testsuite>
  <testsuite name="Notification Store - JSON Serialization (PERF-029)" errors="0" failures="0" skipped="0" timestamp="2025-12-20T07:16:36" time="0.131" tests="3">
    <testcase classname="Notification Store - JSON Serialization (PERF-029) should reduce file size by at least 15% with compact JSON" name="Notification Store - JSON Serialization (PERF-029) should reduce file size by at least 15% with compact JSON" time="0.013">
    </testcase>
    <testcase classname="Notification Store - JSON Serialization (PERF-029) compact JSON should be valid and parseable" name="Notification Store - JSON Serialization (PERF-029) compact JSON should be valid and parseable" time="0">
    </testcase>
    <testcase classname="Notification Store - JSON Serialization (PERF-029) pretty-printed JSON should have indentation" name="Notification Store - JSON Serialization (PERF-029) pretty-printed JSON should have indentation" time="0">
    </testcase>
  </testsuite>
  <testsuite name="makeCacheKey - FIX REF-026" errors="0" failures="0" skipped="0" timestamp="2025-12-20T07:16:36" time="0.139" tests="46">
    <testcase classname="makeCacheKey - FIX REF-026 Static method - basic functionality should generate cache key with version prefix" name="makeCacheKey - FIX REF-026 Static method - basic functionality should generate cache key with version prefix" time="0">
    </testcase>
    <testcase classname="makeCacheKey - FIX REF-026 Static method - basic functionality should handle multiple parts" name="makeCacheKey - FIX REF-026 Static method - basic functionality should handle multiple parts" time="0">
    </testcase>
    <testcase classname="makeCacheKey - FIX REF-026 Static method - basic functionality should handle single part" name="makeCacheKey - FIX REF-026 Static method - basic functionality should handle single part" time="0">
    </testcase>
    <testcase classname="makeCacheKey - FIX REF-026 Static method - basic functionality should filter out empty string parts" name="makeCacheKey - FIX REF-026 Static method - basic functionality should filter out empty string parts" time="0">
    </testcase>
    <testcase classname="makeCacheKey - FIX REF-026 Static method - basic functionality should filter out null parts" name="makeCacheKey - FIX REF-026 Static method - basic functionality should filter out null parts" time="0">
    </testcase>
    <testcase classname="makeCacheKey - FIX REF-026 Static method - basic functionality should filter out undefined parts" name="makeCacheKey - FIX REF-026 Static method - basic functionality should filter out undefined parts" time="0">
    </testcase>
    <testcase classname="makeCacheKey - FIX REF-026 Static method - basic functionality should handle mix of valid and invalid parts" name="makeCacheKey - FIX REF-026 Static method - basic functionality should handle mix of valid and invalid parts" time="0.001">
    </testcase>
    <testcase classname="makeCacheKey - FIX REF-026 Static method - basic functionality should preserve zero as valid part" name="makeCacheKey - FIX REF-026 Static method - basic functionality should preserve zero as valid part" time="0">
    </testcase>
    <testcase classname="makeCacheKey - FIX REF-026 Static method - validation should throw error for missing type" name="makeCacheKey - FIX REF-026 Static method - validation should throw error for missing type" time="0.002">
    </testcase>
    <testcase classname="makeCacheKey - FIX REF-026 Static method - validation should throw error for empty string type" name="makeCacheKey - FIX REF-026 Static method - validation should throw error for empty string type" time="0">
    </testcase>
    <testcase classname="makeCacheKey - FIX REF-026 Static method - validation should throw error for null type" name="makeCacheKey - FIX REF-026 Static method - validation should throw error for null type" time="0">
    </testcase>
    <testcase classname="makeCacheKey - FIX REF-026 Static method - validation should throw error for non-string type" name="makeCacheKey - FIX REF-026 Static method - validation should throw error for non-string type" time="0">
    </testcase>
    <testcase classname="makeCacheKey - FIX REF-026 Static method - validation should throw error for undefined type" name="makeCacheKey - FIX REF-026 Static method - validation should throw error for undefined type" time="0">
    </testcase>
    <testcase classname="makeCacheKey - FIX REF-026 Input validation for parts parameter should throw TypeError for object in parts array" name="makeCacheKey - FIX REF-026 Input validation for parts parameter should throw TypeError for object in parts array" time="0">
    </testcase>
    <testcase classname="makeCacheKey - FIX REF-026 Input validation for parts parameter should throw TypeError for array in parts array" name="makeCacheKey - FIX REF-026 Input validation for parts parameter should throw TypeError for array in parts array" time="0">
    </testcase>
    <testcase classname="makeCacheKey - FIX REF-026 Input validation for parts parameter should throw TypeError for function in parts array" name="makeCacheKey - FIX REF-026 Input validation for parts parameter should throw TypeError for function in parts array" time="0">
    </testcase>
    <testcase classname="makeCacheKey - FIX REF-026 Input validation for parts parameter should throw TypeError for Date object in parts array" name="makeCacheKey - FIX REF-026 Input validation for parts parameter should throw TypeError for Date object in parts array" time="0">
    </testcase>
    <testcase classname="makeCacheKey - FIX REF-026 Input validation for parts parameter should throw TypeError for RegExp in parts array" name="makeCacheKey - FIX REF-026 Input validation for parts parameter should throw TypeError for RegExp in parts array" time="0">
    </testcase>
    <testcase classname="makeCacheKey - FIX REF-026 Input validation for parts parameter should allow numbers in parts array" name="makeCacheKey - FIX REF-026 Input validation for parts parameter should allow numbers in parts array" time="0.001">
    </testcase>
    <testcase classname="makeCacheKey - FIX REF-026 Input validation for parts parameter should allow booleans in parts array" name="makeCacheKey - FIX REF-026 Input validation for parts parameter should allow booleans in parts array" time="0">
    </testcase>
    <testcase classname="makeCacheKey - FIX REF-026 Input validation for parts parameter should allow mixed primitives in parts array" name="makeCacheKey - FIX REF-026 Input validation for parts parameter should allow mixed primitives in parts array" time="0">
    </testcase>
    <testcase classname="makeCacheKey - FIX REF-026 Input validation for parts parameter should allow null and undefined in parts (filtered out)" name="makeCacheKey - FIX REF-026 Input validation for parts parameter should allow null and undefined in parts (filtered out)" time="0">
    </testcase>
    <testcase classname="makeCacheKey - FIX REF-026 Input validation for parts parameter should prevent cache collision from stringified objects" name="makeCacheKey - FIX REF-026 Input validation for parts parameter should prevent cache collision from stringified objects" time="0">
    </testcase>
    <testcase classname="makeCacheKey - FIX REF-026 Input validation for parts parameter should prevent cache collision from stringified arrays" name="makeCacheKey - FIX REF-026 Input validation for parts parameter should prevent cache collision from stringified arrays" time="0">
    </testcase>
    <testcase classname="makeCacheKey - FIX REF-026 Input validation for parts parameter should provide descriptive error message for objects" name="makeCacheKey - FIX REF-026 Input validation for parts parameter should provide descriptive error message for objects" time="0.001">
    </testcase>
    <testcase classname="makeCacheKey - FIX REF-026 Input validation for parts parameter should provide descriptive error message for arrays" name="makeCacheKey - FIX REF-026 Input validation for parts parameter should provide descriptive error message for arrays" time="0">
    </testcase>
    <testcase classname="makeCacheKey - FIX REF-026 Input validation for parts parameter should handle symbols correctly" name="makeCacheKey - FIX REF-026 Input validation for parts parameter should handle symbols correctly" time="0">
    </testcase>
    <testcase classname="makeCacheKey - FIX REF-026 Input validation for parts parameter should handle BigInt correctly" name="makeCacheKey - FIX REF-026 Input validation for parts parameter should handle BigInt correctly" time="0">
    </testcase>
    <testcase classname="makeCacheKey - FIX REF-026 Static method - collision resistance should generate different keys for different types" name="makeCacheKey - FIX REF-026 Static method - collision resistance should generate different keys for different types" time="0">
    </testcase>
    <testcase classname="makeCacheKey - FIX REF-026 Static method - collision resistance should generate different keys for different paths" name="makeCacheKey - FIX REF-026 Static method - collision resistance should generate different keys for different paths" time="0">
    </testcase>
    <testcase classname="makeCacheKey - FIX REF-026 Static method - collision resistance should generate different keys for grayscale vs color" name="makeCacheKey - FIX REF-026 Static method - collision resistance should generate different keys for grayscale vs color" time="0">
    </testcase>
    <testcase classname="makeCacheKey - FIX REF-026 Static method - collision resistance should generate same key for same inputs" name="makeCacheKey - FIX REF-026 Static method - collision resistance should generate same key for same inputs" time="0">
    </testcase>
    <testcase classname="makeCacheKey - FIX REF-026 Static method - collision resistance should handle special characters in paths" name="makeCacheKey - FIX REF-026 Static method - collision resistance should handle special characters in paths" time="0">
    </testcase>
    <testcase classname="makeCacheKey - FIX REF-026 Static method - collision resistance should handle Unicode characters" name="makeCacheKey - FIX REF-026 Static method - collision resistance should handle Unicode characters" time="0">
    </testcase>
    <testcase classname="makeCacheKey - FIX REF-026 Integration with FaviconService - favicon cache should use makeCacheKey for favicon cache - regular" name="makeCacheKey - FIX REF-026 Integration with FaviconService - favicon cache should use makeCacheKey for favicon cache - regular" time="0.003">
    </testcase>
    <testcase classname="makeCacheKey - FIX REF-026 Integration with FaviconService - favicon cache should use makeCacheKey for favicon cache - grayscale" name="makeCacheKey - FIX REF-026 Integration with FaviconService - favicon cache should use makeCacheKey for favicon cache - grayscale" time="0.002">
    </testcase>
    <testcase classname="makeCacheKey - FIX REF-026 Integration with FaviconService - favicon cache should maintain separate cache entries for grayscale and regular" name="makeCacheKey - FIX REF-026 Integration with FaviconService - favicon cache should maintain separate cache entries for grayscale and regular" time="0.002">
    </testcase>
    <testcase classname="makeCacheKey - FIX REF-026 Integration with FaviconService - color cache should use makeCacheKey for color cache" name="makeCacheKey - FIX REF-026 Integration with FaviconService - color cache should use makeCacheKey for color cache" time="0">
    </testcase>
    <testcase classname="makeCacheKey - FIX REF-026 Integration with FaviconService - color cache should return cached color on second call" name="makeCacheKey - FIX REF-026 Integration with FaviconService - color cache should return cached color on second call" time="0">
    </testcase>
    <testcase classname="makeCacheKey - FIX REF-026 Integration with FaviconService - color cache should maintain separate cache entries for different projects" name="makeCacheKey - FIX REF-026 Integration with FaviconService - color cache should maintain separate cache entries for different projects" time="0">
    </testcase>
    <testcase classname="makeCacheKey - FIX REF-026 Integration with FaviconService - color cache should not cache type colors (only computed colors)" name="makeCacheKey - FIX REF-026 Integration with FaviconService - color cache should not cache type colors (only computed colors)" time="0">
    </testcase>
    <testcase classname="makeCacheKey - FIX REF-026 Cache key format stability should maintain consistent format across different executions" name="makeCacheKey - FIX REF-026 Cache key format stability should maintain consistent format across different executions" time="0">
    </testcase>
    <testcase classname="makeCacheKey - FIX REF-026 Cache key format stability should use colon as delimiter consistently" name="makeCacheKey - FIX REF-026 Cache key format stability should use colon as delimiter consistently" time="0">
    </testcase>
    <testcase classname="makeCacheKey - FIX REF-026 Cache key format stability should always start with version prefix" name="makeCacheKey - FIX REF-026 Cache key format stability should always start with version prefix" time="0.001">
    </testcase>
    <testcase classname="makeCacheKey - FIX REF-026 Version prefix behavior should include v1 version prefix" name="makeCacheKey - FIX REF-026 Version prefix behavior should include v1 version prefix" time="0">
    </testcase>
    <testcase classname="makeCacheKey - FIX REF-026 Version prefix behavior should allow future version changes by using prefix" name="makeCacheKey - FIX REF-026 Version prefix behavior should allow future version changes by using prefix" time="0">
    </testcase>
  </testsuite>
  <testsuite name="SVG Sanitizer - XSS Protection" errors="0" failures="0" skipped="0" timestamp="2025-12-20T07:16:36" time="0.126" tests="41">
    <testcase classname="SVG Sanitizer - XSS Protection sanitizeForSVG() should escape HTML special characters" name="SVG Sanitizer - XSS Protection sanitizeForSVG() should escape HTML special characters" time="0">
    </testcase>
    <testcase classname="SVG Sanitizer - XSS Protection sanitizeForSVG() should prevent XSS via tag injection" name="SVG Sanitizer - XSS Protection sanitizeForSVG() should prevent XSS via tag injection" time="0">
    </testcase>
    <testcase classname="SVG Sanitizer - XSS Protection sanitizeForSVG() should prevent XSS via SVG event handlers" name="SVG Sanitizer - XSS Protection sanitizeForSVG() should prevent XSS via SVG event handlers" time="0">
    </testcase>
    <testcase classname="SVG Sanitizer - XSS Protection sanitizeForSVG() should prevent XSS via closing tag injection" name="SVG Sanitizer - XSS Protection sanitizeForSVG() should prevent XSS via closing tag injection" time="0">
    </testcase>
    <testcase classname="SVG Sanitizer - XSS Protection sanitizeForSVG() should handle ampersand encoding first to prevent double-encoding" name="SVG Sanitizer - XSS Protection sanitizeForSVG() should handle ampersand encoding first to prevent double-encoding" time="0">
    </testcase>
    <testcase classname="SVG Sanitizer - XSS Protection sanitizeForSVG() should handle null/undefined input safely" name="SVG Sanitizer - XSS Protection sanitizeForSVG() should handle null/undefined input safely" time="0">
    </testcase>
    <testcase classname="SVG Sanitizer - XSS Protection sanitizeForSVG() should handle non-string input" name="SVG Sanitizer - XSS Protection sanitizeForSVG() should handle non-string input" time="0">
    </testcase>
    <testcase classname="SVG Sanitizer - XSS Protection sanitizeForSVG() should preserve safe text content" name="SVG Sanitizer - XSS Protection sanitizeForSVG() should preserve safe text content" time="0">
    </testcase>
    <testcase classname="SVG Sanitizer - XSS Protection validateProjectName() should allow safe characters only" name="SVG Sanitizer - XSS Protection validateProjectName() should allow safe characters only" time="0">
    </testcase>
    <testcase classname="SVG Sanitizer - XSS Protection validateProjectName() should remove dangerous characters" name="SVG Sanitizer - XSS Protection validateProjectName() should remove dangerous characters" time="0">
    </testcase>
    <testcase classname="SVG Sanitizer - XSS Protection validateProjectName() should limit length to 100 characters" name="SVG Sanitizer - XSS Protection validateProjectName() should limit length to 100 characters" time="0.001">
    </testcase>
    <testcase classname="SVG Sanitizer - XSS Protection validateProjectName() should handle empty/null input" name="SVG Sanitizer - XSS Protection validateProjectName() should handle empty/null input" time="0">
    </testcase>
    <testcase classname="SVG Sanitizer - XSS Protection getCleanInitials() should generate safe initials from project name" name="SVG Sanitizer - XSS Protection getCleanInitials() should generate safe initials from project name" time="0">
    </testcase>
    <testcase classname="SVG Sanitizer - XSS Protection getCleanInitials() should prevent XSS in initials generation" name="SVG Sanitizer - XSS Protection getCleanInitials() should prevent XSS in initials generation" time="0">
    </testcase>
    <testcase classname="SVG Sanitizer - XSS Protection getCleanInitials() should return default VS for empty names" name="SVG Sanitizer - XSS Protection getCleanInitials() should return default VS for empty names" time="0">
    </testcase>
    <testcase classname="SVG Sanitizer - XSS Protection getCleanInitials() should limit to 2 characters" name="SVG Sanitizer - XSS Protection getCleanInitials() should limit to 2 characters" time="0">
    </testcase>
    <testcase classname="SVG Sanitizer - XSS Protection getCleanInitials() should handle Unicode and special characters safely" name="SVG Sanitizer - XSS Protection getCleanInitials() should handle Unicode and special characters safely" time="0">
    </testcase>
    <testcase classname="SVG Sanitizer - XSS Protection sanitizePort() should allow valid port numbers" name="SVG Sanitizer - XSS Protection sanitizePort() should allow valid port numbers" time="0.001">
    </testcase>
    <testcase classname="SVG Sanitizer - XSS Protection sanitizePort() should reject out-of-range ports" name="SVG Sanitizer - XSS Protection sanitizePort() should reject out-of-range ports" time="0">
    </testcase>
    <testcase classname="SVG Sanitizer - XSS Protection sanitizePort() should reject non-numeric ports" name="SVG Sanitizer - XSS Protection sanitizePort() should reject non-numeric ports" time="0">
    </testcase>
    <testcase classname="SVG Sanitizer - XSS Protection sanitizePort() should handle null/undefined" name="SVG Sanitizer - XSS Protection sanitizePort() should handle null/undefined" time="0">
    </testcase>
    <testcase classname="SVG Sanitizer - XSS Protection sanitizePort() should reject injection attempts in port" name="SVG Sanitizer - XSS Protection sanitizePort() should reject injection attempts in port" time="0">
    </testcase>
    <testcase classname="SVG Sanitizer - XSS Protection sanitizeColor() should allow valid hex colors" name="SVG Sanitizer - XSS Protection sanitizeColor() should allow valid hex colors" time="0">
    </testcase>
    <testcase classname="SVG Sanitizer - XSS Protection sanitizeColor() should reject invalid color formats" name="SVG Sanitizer - XSS Protection sanitizeColor() should reject invalid color formats" time="0">
    </testcase>
    <testcase classname="SVG Sanitizer - XSS Protection sanitizeColor() should prevent injection via color parameter" name="SVG Sanitizer - XSS Protection sanitizeColor() should prevent injection via color parameter" time="0">
    </testcase>
    <testcase classname="SVG Sanitizer - XSS Protection sanitizeColor() should handle null/undefined" name="SVG Sanitizer - XSS Protection sanitizeColor() should handle null/undefined" time="0">
    </testcase>
    <testcase classname="SVG Sanitizer - XSS Protection sanitizeColor() should be case-insensitive for hex colors" name="SVG Sanitizer - XSS Protection sanitizeColor() should be case-insensitive for hex colors" time="0">
    </testcase>
    <testcase classname="SVG Sanitizer - XSS Protection createSafeSVGText() should create safe SVG text content" name="SVG Sanitizer - XSS Protection createSafeSVGText() should create safe SVG text content" time="0">
    </testcase>
    <testcase classname="SVG Sanitizer - XSS Protection createSafeSVGText() should reject XSS patterns in text" name="SVG Sanitizer - XSS Protection createSafeSVGText() should reject XSS patterns in text" time="0">
    </testcase>
    <testcase classname="SVG Sanitizer - XSS Protection createSafeSVGText() should apply multiple layers of protection" name="SVG Sanitizer - XSS Protection createSafeSVGText() should apply multiple layers of protection" time="0">
    </testcase>
    <testcase classname="SVG Sanitizer - XSS Protection createSafeSVGText() should handle data URI attacks" name="SVG Sanitizer - XSS Protection createSafeSVGText() should handle data URI attacks" time="0">
    </testcase>
    <testcase classname="SVG Sanitizer - XSS Protection createSafeSVGText() should allow safe text after pattern check" name="SVG Sanitizer - XSS Protection createSafeSVGText() should allow safe text after pattern check" time="0">
    </testcase>
    <testcase classname="Integration Tests - Real XSS Payloads should block OWASP XSS examples" name="Integration Tests - Real XSS Payloads should block OWASP XSS examples" time="0.001">
    </testcase>
    <testcase classname="Integration Tests - Real XSS Payloads should handle encoded XSS attempts" name="Integration Tests - Real XSS Payloads should handle encoded XSS attempts" time="0">
    </testcase>
    <testcase classname="Integration Tests - Real XSS Payloads should prevent polyglot payloads" name="Integration Tests - Real XSS Payloads should prevent polyglot payloads" time="0.001">
    </testcase>
    <testcase classname="Defense-in-Depth Validation should validate → sanitize → encode in correct order" name="Defense-in-Depth Validation should validate → sanitize → encode in correct order" time="0">
    </testcase>
    <testcase classname="Defense-in-Depth Validation should protect against double-encoding bypass" name="Defense-in-Depth Validation should protect against double-encoding bypass" time="0">
    </testcase>
    <testcase classname="Defense-in-Depth Validation createSafeSVGText should reject before filtering" name="Defense-in-Depth Validation createSafeSVGText should reject before filtering" time="0">
    </testcase>
    <testcase classname="Practical Usage Scenarios should handle typical project names safely" name="Practical Usage Scenarios should handle typical project names safely" time="0">
    </testcase>
    <testcase classname="Practical Usage Scenarios should handle edge cases gracefully" name="Practical Usage Scenarios should handle edge cases gracefully" time="0.001">
    </testcase>
    <testcase classname="Practical Usage Scenarios should sanitize complete SVG generation flow" name="Practical Usage Scenarios should sanitize complete SVG generation flow" time="0">
    </testcase>
  </testsuite>
  <testsuite name="Health Routes Module" errors="0" failures="0" skipped="0" timestamp="2025-12-20T07:16:36" time="0.137" tests="22">
    <testcase classname="Health Routes Module getStatusCode() Healthy states return 200 should return 200 for &quot;healthy&quot; status" name="Health Routes Module getStatusCode() Healthy states return 200 should return 200 for &quot;healthy&quot; status" time="0">
    </testcase>
    <testcase classname="Health Routes Module getStatusCode() Healthy states return 200 should return 200 for &quot;ok&quot; status" name="Health Routes Module getStatusCode() Healthy states return 200 should return 200 for &quot;ok&quot; status" time="0">
    </testcase>
    <testcase classname="Health Routes Module getStatusCode() Healthy states return 200 should return 200 for &quot;ready&quot; status" name="Health Routes Module getStatusCode() Healthy states return 200 should return 200 for &quot;ready&quot; status" time="0">
    </testcase>
    <testcase classname="Health Routes Module getStatusCode() Healthy states return 200 should return 200 for &quot;alive&quot; status" name="Health Routes Module getStatusCode() Healthy states return 200 should return 200 for &quot;alive&quot; status" time="0">
    </testcase>
    <testcase classname="Health Routes Module getStatusCode() Degraded state returns 200 should return 200 for &quot;degraded&quot; status" name="Health Routes Module getStatusCode() Degraded state returns 200 should return 200 for &quot;degraded&quot; status" time="0.001">
    </testcase>
    <testcase classname="Health Routes Module getStatusCode() Unhealthy states return 503 should return 503 for &quot;unhealthy&quot; status" name="Health Routes Module getStatusCode() Unhealthy states return 503 should return 503 for &quot;unhealthy&quot; status" time="0">
    </testcase>
    <testcase classname="Health Routes Module getStatusCode() Unhealthy states return 503 should return 503 for &quot;not_ready&quot; status" name="Health Routes Module getStatusCode() Unhealthy states return 503 should return 503 for &quot;not_ready&quot; status" time="0">
    </testcase>
    <testcase classname="Health Routes Module getStatusCode() Unhealthy states return 503 should return 503 for &quot;error&quot; status" name="Health Routes Module getStatusCode() Unhealthy states return 503 should return 503 for &quot;error&quot; status" time="0">
    </testcase>
    <testcase classname="Health Routes Module getStatusCode() Unhealthy states return 503 should return 503 for unknown status" name="Health Routes Module getStatusCode() Unhealthy states return 503 should return 503 for unknown status" time="0">
    </testcase>
    <testcase classname="Health Routes Module getStatusCode() Unhealthy states return 503 should return 503 for null status" name="Health Routes Module getStatusCode() Unhealthy states return 503 should return 503 for null status" time="0">
    </testcase>
    <testcase classname="Health Routes Module getStatusCode() Unhealthy states return 503 should return 503 for undefined status" name="Health Routes Module getStatusCode() Unhealthy states return 503 should return 503 for undefined status" time="0">
    </testcase>
    <testcase classname="Health Routes Module getStatusCode() Unhealthy states return 503 should return 503 for empty string status" name="Health Routes Module getStatusCode() Unhealthy states return 503 should return 503 for empty string status" time="0">
    </testcase>
    <testcase classname="Health Routes Module getStatusCode() Case insensitivity should handle uppercase &quot;HEALTHY&quot;" name="Health Routes Module getStatusCode() Case insensitivity should handle uppercase &quot;HEALTHY&quot;" time="0">
    </testcase>
    <testcase classname="Health Routes Module getStatusCode() Case insensitivity should handle mixed case &quot;Ok&quot;" name="Health Routes Module getStatusCode() Case insensitivity should handle mixed case &quot;Ok&quot;" time="0">
    </testcase>
    <testcase classname="Health Routes Module getStatusCode() Case insensitivity should handle uppercase &quot;READY&quot;" name="Health Routes Module getStatusCode() Case insensitivity should handle uppercase &quot;READY&quot;" time="0">
    </testcase>
    <testcase classname="Health Routes Module getStatusCode() Case insensitivity should handle mixed case &quot;Degraded&quot;" name="Health Routes Module getStatusCode() Case insensitivity should handle mixed case &quot;Degraded&quot;" time="0">
    </testcase>
    <testcase classname="Health Routes Module getStatusCode() Case insensitivity should handle uppercase &quot;NOT_READY&quot;" name="Health Routes Module getStatusCode() Case insensitivity should handle uppercase &quot;NOT_READY&quot;" time="0">
    </testcase>
    <testcase classname="Health Routes Module getStatusCode() Edge cases should handle status with leading/trailing spaces" name="Health Routes Module getStatusCode() Edge cases should handle status with leading/trailing spaces" time="0">
    </testcase>
    <testcase classname="Health Routes Module getStatusCode() Edge cases should handle numeric input" name="Health Routes Module getStatusCode() Edge cases should handle numeric input" time="0">
    </testcase>
    <testcase classname="Health Routes Module getStatusCode() Edge cases should handle object input" name="Health Routes Module getStatusCode() Edge cases should handle object input" time="0.001">
    </testcase>
    <testcase classname="Health Routes Module getStatusCode() Edge cases should handle array input that stringifies to valid status" name="Health Routes Module getStatusCode() Edge cases should handle array input that stringifies to valid status" time="0">
    </testcase>
    <testcase classname="Health Routes Module getStatusCode() Edge cases should handle array input that stringifies to invalid status" name="Health Routes Module getStatusCode() Edge cases should handle array input that stringifies to invalid status" time="0">
    </testcase>
  </testsuite>
  <testsuite name="notification-poller" errors="0" failures="0" skipped="0" timestamp="2025-12-20T07:16:36" time="0.128" tests="36">
    <testcase classname="notification-poller setupPolling should create chrome alarm" name="notification-poller setupPolling should create chrome alarm" time="0">
    </testcase>
    <testcase classname="notification-poller setupPolling should use custom poll interval" name="notification-poller setupPolling should use custom poll interval" time="0.001">
    </testcase>
    <testcase classname="notification-poller setupPolling should log polling setup" name="notification-poller setupPolling should log polling setup" time="0">
    </testcase>
    <testcase classname="notification-poller fetchNotifications should fetch and update notifications on success" name="notification-poller fetchNotifications should fetch and update notifications on success" time="0">
    </testcase>
    <testcase classname="notification-poller fetchNotifications should record failure on non-OK response" name="notification-poller fetchNotifications should record failure on non-OK response" time="0.001">
    </testcase>
    <testcase classname="notification-poller fetchNotifications should record failure on fetch error" name="notification-poller fetchNotifications should record failure on fetch error" time="0">
    </testcase>
    <testcase classname="notification-poller fetchNotifications should respect circuit breaker" name="notification-poller fetchNotifications should respect circuit breaker" time="0">
    </testcase>
    <testcase classname="notification-poller fetchNotifications should log when probing in half-open state" name="notification-poller fetchNotifications should log when probing in half-open state" time="0">
    </testcase>
    <testcase classname="notification-poller fetchNotifications should not save if notifications unchanged" name="notification-poller fetchNotifications should not save if notifications unchanged" time="0.001">
    </testcase>
    <testcase classname="notification-poller fetchNotifications should handle AbortError specially" name="notification-poller fetchNotifications should handle AbortError specially" time="0">
    </testcase>
    <testcase classname="notification-poller fetchNotifications should use AbortController with timeout" name="notification-poller fetchNotifications should use AbortController with timeout" time="0">
    </testcase>
    <testcase classname="notification-poller fetchNotifications should abort request on timeout" name="notification-poller fetchNotifications should abort request on timeout" time="0.001">
    </testcase>
    <testcase classname="notification-poller fetchNotifications should handle empty notifications response" name="notification-poller fetchNotifications should handle empty notifications response" time="0">
    </testcase>
    <testcase classname="notification-poller fetchNotifications should handle response without notifications property" name="notification-poller fetchNotifications should handle response without notifications property" time="0">
    </testcase>
    <testcase classname="notification-poller fetchNotifications should detect notification changes correctly" name="notification-poller fetchNotifications should detect notification changes correctly" time="0">
    </testcase>
    <testcase classname="notification-poller fetchNotifications should log notification updates" name="notification-poller fetchNotifications should log notification updates" time="0">
    </testcase>
    <testcase classname="notification-poller handleAlarm should trigger fetch on pollNotifications alarm" name="notification-poller handleAlarm should trigger fetch on pollNotifications alarm" time="0.001">
    </testcase>
    <testcase classname="notification-poller handleAlarm should ignore other alarms" name="notification-poller handleAlarm should ignore other alarms" time="0">
    </testcase>
    <testcase classname="notification-poller handleAlarm should handle null alarm" name="notification-poller handleAlarm should handle null alarm" time="0">
    </testcase>
    <testcase classname="notification-poller handleAlarm should handle alarm without name" name="notification-poller handleAlarm should handle alarm without name" time="0">
    </testcase>
    <testcase classname="notification-poller markRead should mark notification as read and update" name="notification-poller markRead should mark notification as read and update" time="0">
    </testcase>
    <testcase classname="notification-poller markRead should return error on failure" name="notification-poller markRead should return error on failure" time="0">
    </testcase>
    <testcase classname="notification-poller markRead should broadcast after marking read" name="notification-poller markRead should broadcast after marking read" time="0.001">
    </testcase>
    <testcase classname="notification-poller markRead should save notifications after marking read" name="notification-poller markRead should save notifications after marking read" time="0">
    </testcase>
    <testcase classname="notification-poller markRead should handle marking non-existent notification" name="notification-poller markRead should handle marking non-existent notification" time="0">
    </testcase>
    <testcase classname="notification-poller markAllRead should clear all notifications" name="notification-poller markAllRead should clear all notifications" time="0">
    </testcase>
    <testcase classname="notification-poller markAllRead should return error on failure" name="notification-poller markAllRead should return error on failure" time="0">
    </testcase>
    <testcase classname="notification-poller markAllRead should broadcast after marking all read" name="notification-poller markAllRead should broadcast after marking all read" time="0">
    </testcase>
    <testcase classname="notification-poller markAllRead should save empty notifications after marking all read" name="notification-poller markAllRead should save empty notifications after marking all read" time="0.001">
    </testcase>
    <testcase classname="notification-poller getNotifications and setNotifications should get and set notifications" name="notification-poller getNotifications and setNotifications should get and set notifications" time="0">
    </testcase>
    <testcase classname="notification-poller getNotifications and setNotifications should initialize with empty notifications" name="notification-poller getNotifications and setNotifications should initialize with empty notifications" time="0">
    </testcase>
    <testcase classname="notification-poller getNotifications and setNotifications should track notification version" name="notification-poller getNotifications and setNotifications should track notification version" time="0.001">
    </testcase>
    <testcase classname="notification-poller Custom configuration should use custom API timeout" name="notification-poller Custom configuration should use custom API timeout" time="0">
    </testcase>
    <testcase classname="notification-poller Custom configuration should use custom poll interval" name="notification-poller Custom configuration should use custom poll interval" time="0">
    </testcase>
    <testcase classname="notification-poller Integration scenarios should handle complete polling cycle" name="notification-poller Integration scenarios should handle complete polling cycle" time="0.001">
    </testcase>
    <testcase classname="notification-poller Integration scenarios should handle API failure and recovery" name="notification-poller Integration scenarios should handle API failure and recovery" time="0">
    </testcase>
  </testsuite>
  <testsuite name="LRUCache" errors="0" failures="0" skipped="0" timestamp="2025-12-20T07:16:36" time="0.134" tests="29">
    <testcase classname="LRUCache Constructor should create cache with default maxSize" name="LRUCache Constructor should create cache with default maxSize" time="0">
    </testcase>
    <testcase classname="LRUCache Constructor should create cache with custom maxSize" name="LRUCache Constructor should create cache with custom maxSize" time="0.001">
    </testcase>
    <testcase classname="LRUCache Constructor should throw error for invalid maxSize" name="LRUCache Constructor should throw error for invalid maxSize" time="0.003">
    </testcase>
    <testcase classname="LRUCache Basic Operations should set and get values" name="LRUCache Basic Operations should set and get values" time="0">
    </testcase>
    <testcase classname="LRUCache Basic Operations should return undefined for missing keys" name="LRUCache Basic Operations should return undefined for missing keys" time="0.001">
    </testcase>
    <testcase classname="LRUCache Basic Operations should update existing keys" name="LRUCache Basic Operations should update existing keys" time="0">
    </testcase>
    <testcase classname="LRUCache Basic Operations should check if key exists" name="LRUCache Basic Operations should check if key exists" time="0">
    </testcase>
    <testcase classname="LRUCache Basic Operations should delete keys" name="LRUCache Basic Operations should delete keys" time="0">
    </testcase>
    <testcase classname="LRUCache Basic Operations should handle different value types" name="LRUCache Basic Operations should handle different value types" time="0">
    </testcase>
    <testcase classname="LRUCache LRU Eviction Policy should evict least recently used item when full" name="LRUCache LRU Eviction Policy should evict least recently used item when full" time="0.001">
    </testcase>
    <testcase classname="LRUCache LRU Eviction Policy should update LRU position on get" name="LRUCache LRU Eviction Policy should update LRU position on get" time="0">
    </testcase>
    <testcase classname="LRUCache LRU Eviction Policy should update LRU position on set of existing key" name="LRUCache LRU Eviction Policy should update LRU position on set of existing key" time="0">
    </testcase>
    <testcase classname="LRUCache LRU Eviction Policy should maintain correct order with mixed operations" name="LRUCache LRU Eviction Policy should maintain correct order with mixed operations" time="0">
    </testcase>
    <testcase classname="LRUCache Statistics Tracking should track hits and misses" name="LRUCache Statistics Tracking should track hits and misses" time="0">
    </testcase>
    <testcase classname="LRUCache Statistics Tracking should track evictions" name="LRUCache Statistics Tracking should track evictions" time="0">
    </testcase>
    <testcase classname="LRUCache Statistics Tracking should track sets" name="LRUCache Statistics Tracking should track sets" time="0">
    </testcase>
    <testcase classname="LRUCache Statistics Tracking should calculate utilization percentage" name="LRUCache Statistics Tracking should calculate utilization percentage" time="0">
    </testcase>
    <testcase classname="LRUCache Statistics Tracking should return N/A for hit rate when no operations" name="LRUCache Statistics Tracking should return N/A for hit rate when no operations" time="0">
    </testcase>
    <testcase classname="LRUCache Statistics Tracking should reset statistics on clear" name="LRUCache Statistics Tracking should reset statistics on clear" time="0">
    </testcase>
    <testcase classname="LRUCache Utility Methods should return all keys in LRU order" name="LRUCache Utility Methods should return all keys in LRU order" time="0">
    </testcase>
    <testcase classname="LRUCache Utility Methods should return all values in LRU order" name="LRUCache Utility Methods should return all values in LRU order" time="0">
    </testcase>
    <testcase classname="LRUCache Utility Methods should return all entries in LRU order" name="LRUCache Utility Methods should return all entries in LRU order" time="0">
    </testcase>
    <testcase classname="LRUCache Utility Methods should clear all items" name="LRUCache Utility Methods should clear all items" time="0">
    </testcase>
    <testcase classname="LRUCache Edge Cases should handle maxSize of 1" name="LRUCache Edge Cases should handle maxSize of 1" time="0">
    </testcase>
    <testcase classname="LRUCache Edge Cases should handle large number of items" name="LRUCache Edge Cases should handle large number of items" time="0">
    </testcase>
    <testcase classname="LRUCache Edge Cases should handle rapid successive operations" name="LRUCache Edge Cases should handle rapid successive operations" time="0.001">
    </testcase>
    <testcase classname="LRUCache Edge Cases should handle empty string keys and values" name="LRUCache Edge Cases should handle empty string keys and values" time="0">
    </testcase>
    <testcase classname="LRUCache Edge Cases should handle undefined and null values" name="LRUCache Edge Cases should handle undefined and null values" time="0">
    </testcase>
    <testcase classname="LRUCache Performance Characteristics should maintain O(1) performance for get/set" name="LRUCache Performance Characteristics should maintain O(1) performance for get/set" time="0.005">
    </testcase>
  </testsuite>
  <testsuite name="File Operations Utility" errors="0" failures="0" skipped="0" timestamp="2025-12-20T07:16:37" time="0.126" tests="21">
    <testcase classname="File Operations Utility RETRYABLE_FS_ERRORS should include all retryable error codes" name="File Operations Utility RETRYABLE_FS_ERRORS should include all retryable error codes" time="0">
    </testcase>
    <testcase classname="File Operations Utility DEFAULT_RETRY_CONFIG should have correct default configuration" name="File Operations Utility DEFAULT_RETRY_CONFIG should have correct default configuration" time="0">
    </testcase>
    <testcase classname="File Operations Utility isRetryableError() should return true for EAGAIN error" name="File Operations Utility isRetryableError() should return true for EAGAIN error" time="0">
    </testcase>
    <testcase classname="File Operations Utility isRetryableError() should return true for EBUSY error" name="File Operations Utility isRetryableError() should return true for EBUSY error" time="0">
    </testcase>
    <testcase classname="File Operations Utility isRetryableError() should return true for ETIMEDOUT error" name="File Operations Utility isRetryableError() should return true for ETIMEDOUT error" time="0">
    </testcase>
    <testcase classname="File Operations Utility isRetryableError() should return true for EMFILE error" name="File Operations Utility isRetryableError() should return true for EMFILE error" time="0.001">
    </testcase>
    <testcase classname="File Operations Utility isRetryableError() should return true for ENFILE error" name="File Operations Utility isRetryableError() should return true for ENFILE error" time="0">
    </testcase>
    <testcase classname="File Operations Utility isRetryableError() should return false for ENOENT error" name="File Operations Utility isRetryableError() should return false for ENOENT error" time="0">
    </testcase>
    <testcase classname="File Operations Utility isRetryableError() should return false for EACCES error" name="File Operations Utility isRetryableError() should return false for EACCES error" time="0">
    </testcase>
    <testcase classname="File Operations Utility isRetryableError() should return false for error without code" name="File Operations Utility isRetryableError() should return false for error without code" time="0">
    </testcase>
    <testcase classname="File Operations Utility isRetryableError() should return false for null" name="File Operations Utility isRetryableError() should return false for null" time="0">
    </testcase>
    <testcase classname="File Operations Utility isRetryableError() should return false for undefined" name="File Operations Utility isRetryableError() should return false for undefined" time="0">
    </testcase>
    <testcase classname="File Operations Utility retryFileOperation() should execute successful operation without retry" name="File Operations Utility retryFileOperation() should execute successful operation without retry" time="0">
    </testcase>
    <testcase classname="File Operations Utility retryFileOperation() should retry EAGAIN error and succeed" name="File Operations Utility retryFileOperation() should retry EAGAIN error and succeed" time="0.001">
    </testcase>
    <testcase classname="File Operations Utility retryFileOperation() should retry EMFILE error and succeed" name="File Operations Utility retryFileOperation() should retry EMFILE error and succeed" time="0">
    </testcase>
    <testcase classname="File Operations Utility retryFileOperation() should not retry ENOENT error" name="File Operations Utility retryFileOperation() should not retry ENOENT error" time="0.001">
    </testcase>
    <testcase classname="File Operations Utility retryFileOperation() should throw after max retries exhausted" name="File Operations Utility retryFileOperation() should throw after max retries exhausted" time="0">
    </testcase>
    <testcase classname="File Operations Utility retryFileOperation() should use exponential backoff with max delay cap" name="File Operations Utility retryFileOperation() should use exponential backoff with max delay cap" time="0.005">
    </testcase>
    <testcase classname="File Operations Utility retryFileOperation() should respect custom retry configuration" name="File Operations Utility retryFileOperation() should respect custom retry configuration" time="0">
    </testcase>
    <testcase classname="File Operations Utility retryFileOperation() should handle operation returning null" name="File Operations Utility retryFileOperation() should handle operation returning null" time="0">
    </testcase>
    <testcase classname="File Operations Utility retryFileOperation() should handle operation returning undefined" name="File Operations Utility retryFileOperation() should handle operation returning undefined" time="0">
    </testcase>
  </testsuite>
  <testsuite name="DomUtils" errors="0" failures="0" skipped="0" timestamp="2025-12-20T07:16:37" time="0.135" tests="34">
    <testcase classname="DomUtils createElementWithText should create element with tag and text" name="DomUtils createElementWithText should create element with tag and text" time="0.001">
    </testcase>
    <testcase classname="DomUtils createElementWithText should create element with tag, text, and className" name="DomUtils createElementWithText should create element with tag, text, and className" time="0">
    </testcase>
    <testcase classname="DomUtils createElementWithText should create element without className when not provided" name="DomUtils createElementWithText should create element without className when not provided" time="0.001">
    </testcase>
    <testcase classname="DomUtils createElementWithText should handle empty text" name="DomUtils createElementWithText should handle empty text" time="0">
    </testcase>
    <testcase classname="DomUtils createElementWithText should handle null text by not setting textContent" name="DomUtils createElementWithText should handle null text by not setting textContent" time="0">
    </testcase>
    <testcase classname="DomUtils createElementWithText should handle undefined text by not setting textContent" name="DomUtils createElementWithText should handle undefined text by not setting textContent" time="0">
    </testcase>
    <testcase classname="DomUtils createElementWithText should convert numeric text to string" name="DomUtils createElementWithText should convert numeric text to string" time="0">
    </testcase>
    <testcase classname="DomUtils createElementWithText should create button with text" name="DomUtils createElementWithText should create button with text" time="0">
    </testcase>
    <testcase classname="DomUtils createElementWithText XSS safety should safely escape HTML tags in text" name="DomUtils createElementWithText XSS safety should safely escape HTML tags in text" time="0">
    </testcase>
    <testcase classname="DomUtils createElementWithText XSS safety should safely handle malicious event handlers" name="DomUtils createElementWithText XSS safety should safely handle malicious event handlers" time="0.001">
    </testcase>
    <testcase classname="DomUtils createElementWithText XSS safety should safely handle iframe injection attempts" name="DomUtils createElementWithText XSS safety should safely handle iframe injection attempts" time="0">
    </testcase>
    <testcase classname="DomUtils createElementWithText XSS safety should not execute javascript: protocol" name="DomUtils createElementWithText XSS safety should not execute javascript: protocol" time="0">
    </testcase>
    <testcase classname="DomUtils createNotificationItem should create notification item with all fields" name="DomUtils createNotificationItem should create notification item with all fields" time="0">
    </testcase>
    <testcase classname="DomUtils createNotificationItem should create icon element" name="DomUtils createNotificationItem should create icon element" time="0.012">
    </testcase>
    <testcase classname="DomUtils createNotificationItem should create project name element" name="DomUtils createNotificationItem should create project name element" time="0.001">
    </testcase>
    <testcase classname="DomUtils createNotificationItem should create message element" name="DomUtils createNotificationItem should create message element" time="0">
    </testcase>
    <testcase classname="DomUtils createNotificationItem should use default message when not provided" name="DomUtils createNotificationItem should use default message when not provided" time="0">
    </testcase>
    <testcase classname="DomUtils createNotificationItem should create time element with formatTimeAgo" name="DomUtils createNotificationItem should create time element with formatTimeAgo" time="0">
    </testcase>
    <testcase classname="DomUtils createNotificationItem should create time element without formatTimeAgo" name="DomUtils createNotificationItem should create time element without formatTimeAgo" time="0">
    </testcase>
    <testcase classname="DomUtils createNotificationItem should create dismiss button" name="DomUtils createNotificationItem should create dismiss button" time="0">
    </testcase>
    <testcase classname="DomUtils createNotificationItem should work without index option" name="DomUtils createNotificationItem should work without index option" time="0">
    </testcase>
    <testcase classname="DomUtils createNotificationItem should handle XSS in project name" name="DomUtils createNotificationItem should handle XSS in project name" time="0">
    </testcase>
    <testcase classname="DomUtils createNotificationItem should handle XSS in message" name="DomUtils createNotificationItem should handle XSS in message" time="0.001">
    </testcase>
    <testcase classname="DomUtils createNotificationElement should create notification element with popup-specific classes" name="DomUtils createNotificationElement should create notification element with popup-specific classes" time="0">
    </testcase>
    <testcase classname="DomUtils createNotificationElement should create icon element with popup class" name="DomUtils createNotificationElement should create icon element with popup class" time="0">
    </testcase>
    <testcase classname="DomUtils createNotificationElement should create project name element with popup class" name="DomUtils createNotificationElement should create project name element with popup class" time="0">
    </testcase>
    <testcase classname="DomUtils createNotificationElement should create message element with popup class" name="DomUtils createNotificationElement should create message element with popup class" time="0">
    </testcase>
    <testcase classname="DomUtils createNotificationElement should use default message when not provided" name="DomUtils createNotificationElement should use default message when not provided" time="0">
    </testcase>
    <testcase classname="DomUtils createNotificationElement should create time element with formatTimeAgo" name="DomUtils createNotificationElement should create time element with formatTimeAgo" time="0">
    </testcase>
    <testcase classname="DomUtils createNotificationElement should create time element without formatTimeAgo" name="DomUtils createNotificationElement should create time element without formatTimeAgo" time="0">
    </testcase>
    <testcase classname="DomUtils createNotificationElement should create dismiss button with popup class" name="DomUtils createNotificationElement should create dismiss button with popup class" time="0">
    </testcase>
    <testcase classname="DomUtils createNotificationElement should handle XSS in project name" name="DomUtils createNotificationElement should handle XSS in project name" time="0.001">
    </testcase>
    <testcase classname="DomUtils createNotificationElement should handle XSS in message" name="DomUtils createNotificationElement should handle XSS in message" time="0">
    </testcase>
    <testcase classname="DomUtils Module exports should export DomUtils with all methods" name="DomUtils Module exports should export DomUtils with all methods" time="0">
    </testcase>
  </testsuite>
  <testsuite name="Color Cache Memoization (PERF-009)" errors="0" failures="0" skipped="0" timestamp="2025-12-20T07:16:37" time="0.128" tests="13">
    <testcase classname="Color Cache Memoization (PERF-009) Hash-based color memoization should return same color for repeated calls with same project name" name="Color Cache Memoization (PERF-009) Hash-based color memoization should return same color for repeated calls with same project name" time="0.001">
    </testcase>
    <testcase classname="Color Cache Memoization (PERF-009) Hash-based color memoization should cache computed colors to avoid rehashing" name="Color Cache Memoization (PERF-009) Hash-based color memoization should cache computed colors to avoid rehashing" time="0">
    </testcase>
    <testcase classname="Color Cache Memoization (PERF-009) Hash-based color memoization should not cache known type colors" name="Color Cache Memoization (PERF-009) Hash-based color memoization should not cache known type colors" time="0">
    </testcase>
    <testcase classname="Color Cache Memoization (PERF-009) Hash-based color memoization should cache different colors for different project names" name="Color Cache Memoization (PERF-009) Hash-based color memoization should cache different colors for different project names" time="0.001">
    </testcase>
    <testcase classname="Color Cache Memoization (PERF-009) Hash-based color memoization should handle empty project name" name="Color Cache Memoization (PERF-009) Hash-based color memoization should handle empty project name" time="0">
    </testcase>
    <testcase classname="Color Cache Memoization (PERF-009) Hash-based color memoization should improve performance with repeated calls" name="Color Cache Memoization (PERF-009) Hash-based color memoization should improve performance with repeated calls" time="0">
    </testcase>
    <testcase classname="Color Cache Memoization (PERF-009) Hash-based color memoization should maintain cache size limit" name="Color Cache Memoization (PERF-009) Hash-based color memoization should maintain cache size limit" time="0.001">
    </testcase>
    <testcase classname="Color Cache Memoization (PERF-009) Hash-based color memoization should provide accurate cache statistics" name="Color Cache Memoization (PERF-009) Hash-based color memoization should provide accurate cache statistics" time="0">
    </testcase>
    <testcase classname="Color Cache Memoization (PERF-009) Hash-based color memoization should include color cache stats in combined stats" name="Color Cache Memoization (PERF-009) Hash-based color memoization should include color cache stats in combined stats" time="0">
    </testcase>
    <testcase classname="Color Cache Memoization (PERF-009) Hash-based color memoization should handle deterministic hash collisions gracefully" name="Color Cache Memoization (PERF-009) Hash-based color memoization should handle deterministic hash collisions gracefully" time="0">
    </testcase>
    <testcase classname="Color Cache Memoization (PERF-009) Hash-based color memoization should not modify hash output when using cache" name="Color Cache Memoization (PERF-009) Hash-based color memoization should not modify hash output when using cache" time="0">
    </testcase>
    <testcase classname="Color Cache Memoization (PERF-009) Memory management should not grow cache indefinitely" name="Color Cache Memoization (PERF-009) Memory management should not grow cache indefinitely" time="0">
    </testcase>
    <testcase classname="Color Cache Memoization (PERF-009) Memory management should evict least recently used entries" name="Color Cache Memoization (PERF-009) Memory management should evict least recently used entries" time="0.001">
    </testcase>
  </testsuite>
  <testsuite name="Background Service Worker - Initialization Gate" errors="0" failures="0" skipped="0" timestamp="2025-12-20T07:16:37" time="0.128" tests="15">
    <testcase classname="Background Service Worker - Initialization Gate should prevent Node.js detection false positives in modules" name="Background Service Worker - Initialization Gate should prevent Node.js detection false positives in modules" time="0.003">
    </testcase>
    <testcase classname="Background Service Worker - Initialization Gate should use proper require() guards in all modules" name="Background Service Worker - Initialization Gate should use proper require() guards in all modules" time="0.001">
    </testcase>
    <testcase classname="Background Service Worker - Initialization Gate should have initialization gate pattern in background.js" name="Background Service Worker - Initialization Gate should have initialization gate pattern in background.js" time="0">
    </testcase>
    <testcase classname="Background Service Worker - Initialization Gate should wrap async initialize() call in promise" name="Background Service Worker - Initialization Gate should wrap async initialize() call in promise" time="0.001">
    </testcase>
    <testcase classname="Background Service Worker - Initialization Gate should handle initialization errors gracefully" name="Background Service Worker - Initialization Gate should handle initialization errors gracefully" time="0">
    </testcase>
    <testcase classname="Background Service Worker - Initialization Gate should check if module instances are null before use" name="Background Service Worker - Initialization Gate should check if module instances are null before use" time="0.001">
    </testcase>
    <testcase classname="Background Service Worker - Initialization Gate PathUtils should detect Node.js correctly" name="Background Service Worker - Initialization Gate PathUtils should detect Node.js correctly" time="0">
    </testcase>
    <testcase classname="Background Service Worker - Initialization Gate CircuitBreaker should be available in Node.js context" name="Background Service Worker - Initialization Gate CircuitBreaker should be available in Node.js context" time="0">
    </testcase>
    <testcase classname="Background Service Worker - Initialization Gate StorageManager should export createStorageManager in Node.js" name="Background Service Worker - Initialization Gate StorageManager should export createStorageManager in Node.js" time="0">
    </testcase>
    <testcase classname="Background Service Worker - Initialization Gate DomainManager should export utilities in Node.js" name="Background Service Worker - Initialization Gate DomainManager should export utilities in Node.js" time="0.001">
    </testcase>
    <testcase classname="Background Service Worker - Initialization Gate TabManager should export createTabManager in Node.js" name="Background Service Worker - Initialization Gate TabManager should export createTabManager in Node.js" time="0">
    </testcase>
    <testcase classname="Background Service Worker - Initialization Gate NotificationPoller should export createNotificationPoller in Node.js" name="Background Service Worker - Initialization Gate NotificationPoller should export createNotificationPoller in Node.js" time="0">
    </testcase>
    <testcase classname="Background Service Worker - Initialization Gate MessageRouter should export createMessageRouter in Node.js" name="Background Service Worker - Initialization Gate MessageRouter should export createMessageRouter in Node.js" time="0">
    </testcase>
    <testcase classname="Background Service Worker - Initialization Gate should not have any bare module.exports assignments" name="Background Service Worker - Initialization Gate should not have any bare module.exports assignments" time="0.001">
    </testcase>
    <testcase classname="Background Service Worker - Initialization Gate regression: verify Status code 15 fix - initialization before event handlers" name="Background Service Worker - Initialization Gate regression: verify Status code 15 fix - initialization before event handlers" time="0">
    </testcase>
  </testsuite>
  <testsuite name="Extension Utils" errors="0" failures="0" skipped="0" timestamp="2025-12-20T07:16:37" time="0.125" tests="37">
    <testcase classname="Extension Utils normalizeFolder should remove trailing slashes" name="Extension Utils normalizeFolder should remove trailing slashes" time="0">
    </testcase>
    <testcase classname="Extension Utils normalizeFolder should convert to lowercase" name="Extension Utils normalizeFolder should convert to lowercase" time="0">
    </testcase>
    <testcase classname="Extension Utils normalizeFolder should handle empty and null values" name="Extension Utils normalizeFolder should handle empty and null values" time="0">
    </testcase>
    <testcase classname="Extension Utils normalizeFolder should handle non-string values" name="Extension Utils normalizeFolder should handle non-string values" time="0">
    </testcase>
    <testcase classname="Extension Utils normalizeFolder should handle paths without trailing slashes" name="Extension Utils normalizeFolder should handle paths without trailing slashes" time="0.001">
    </testcase>
    <testcase classname="Extension Utils normalizeFolder should handle whitespace-only strings" name="Extension Utils normalizeFolder should handle whitespace-only strings" time="0">
    </testcase>
    <testcase classname="Extension Utils normalizeFolder should trim leading/trailing whitespace" name="Extension Utils normalizeFolder should trim leading/trailing whitespace" time="0">
    </testcase>
    <testcase classname="Extension Utils normalizeFolder should normalize backslashes to forward slashes" name="Extension Utils normalizeFolder should normalize backslashes to forward slashes" time="0">
    </testcase>
    <testcase classname="Extension Utils normalizeFolder should URL decode encoded paths" name="Extension Utils normalizeFolder should URL decode encoded paths" time="0">
    </testcase>
    <testcase classname="Extension Utils normalizeFolder should handle already decoded paths" name="Extension Utils normalizeFolder should handle already decoded paths" time="0">
    </testcase>
    <testcase classname="Extension Utils normalizeFolder should handle invalid URL encoding gracefully" name="Extension Utils normalizeFolder should handle invalid URL encoding gracefully" time="0">
    </testcase>
    <testcase classname="Extension Utils normalizeFolder should be idempotent" name="Extension Utils normalizeFolder should be idempotent" time="0">
    </testcase>
    <testcase classname="Extension Utils normalizeFolder should match server normalization behavior" name="Extension Utils normalizeFolder should match server normalization behavior" time="0">
    </testcase>
    <testcase classname="Extension Utils normalizeFolder should handle mixed separators and case" name="Extension Utils normalizeFolder should handle mixed separators and case" time="0">
    </testcase>
    <testcase classname="Extension Utils getNotificationId should generate stable ID from folder and timestamp" name="Extension Utils getNotificationId should generate stable ID from folder and timestamp" time="0.001">
    </testcase>
    <testcase classname="Extension Utils getNotificationId should handle missing folder" name="Extension Utils getNotificationId should handle missing folder" time="0">
    </testcase>
    <testcase classname="Extension Utils getNotificationId should handle null or undefined notification" name="Extension Utils getNotificationId should handle null or undefined notification" time="0">
    </testcase>
    <testcase classname="Extension Utils getNotificationId should produce same ID regardless of property order" name="Extension Utils getNotificationId should produce same ID regardless of property order" time="0">
    </testcase>
    <testcase classname="Extension Utils getNotificationsVersion should return empty string for empty array" name="Extension Utils getNotificationsVersion should return empty string for empty array" time="0">
    </testcase>
    <testcase classname="Extension Utils getNotificationsVersion should generate version string from single notification" name="Extension Utils getNotificationsVersion should generate version string from single notification" time="0">
    </testcase>
    <testcase classname="Extension Utils getNotificationsVersion should sort notification IDs alphabetically" name="Extension Utils getNotificationsVersion should sort notification IDs alphabetically" time="0">
    </testcase>
    <testcase classname="Extension Utils getNotificationsVersion should produce same version regardless of input order" name="Extension Utils getNotificationsVersion should produce same version regardless of input order" time="0">
    </testcase>
    <testcase classname="Extension Utils getNotificationsVersion should filter out notifications with missing folder" name="Extension Utils getNotificationsVersion should filter out notifications with missing folder" time="0">
    </testcase>
    <testcase classname="Extension Utils getNotificationsVersion should detect changes in notification set" name="Extension Utils getNotificationsVersion should detect changes in notification set" time="0">
    </testcase>
    <testcase classname="Extension Utils validateApiUrl valid URLs should accept HTTPS URLs" name="Extension Utils validateApiUrl valid URLs should accept HTTPS URLs" time="0">
    </testcase>
    <testcase classname="Extension Utils validateApiUrl valid URLs should accept HTTP localhost" name="Extension Utils validateApiUrl valid URLs should accept HTTP localhost" time="0.001">
    </testcase>
    <testcase classname="Extension Utils validateApiUrl valid URLs should accept localhost without port" name="Extension Utils validateApiUrl valid URLs should accept localhost without port" time="0">
    </testcase>
    <testcase classname="Extension Utils validateApiUrl invalid URLs should reject empty or non-string values" name="Extension Utils validateApiUrl invalid URLs should reject empty or non-string values" time="0">
    </testcase>
    <testcase classname="Extension Utils validateApiUrl invalid URLs should reject malformed URLs" name="Extension Utils validateApiUrl invalid URLs should reject malformed URLs" time="0">
    </testcase>
    <testcase classname="Extension Utils validateApiUrl invalid URLs should reject HTTP for non-localhost domains" name="Extension Utils validateApiUrl invalid URLs should reject HTTP for non-localhost domains" time="0">
    </testcase>
    <testcase classname="Extension Utils validateApiUrl invalid URLs should reject non-HTTP(S) protocols" name="Extension Utils validateApiUrl invalid URLs should reject non-HTTP(S) protocols" time="0">
    </testcase>
    <testcase classname="Extension Utils validateApiUrl security considerations should be case-insensitive for localhost" name="Extension Utils validateApiUrl security considerations should be case-insensitive for localhost" time="0">
    </testcase>
    <testcase classname="Extension Utils validateApiUrl security considerations should enforce HTTPS for remote domains" name="Extension Utils validateApiUrl security considerations should enforce HTTPS for remote domains" time="0">
    </testcase>
    <testcase classname="Extension Utils message router integration should route GET_NOTIFICATIONS message" name="Extension Utils message router integration should route GET_NOTIFICATIONS message" time="0.001">
    </testcase>
    <testcase classname="Extension Utils message router integration should handle unknown message type" name="Extension Utils message router integration should handle unknown message type" time="0">
    </testcase>
    <testcase classname="Extension Utils message router integration should route SWITCH_TO_TAB message" name="Extension Utils message router integration should route SWITCH_TO_TAB message" time="0">
    </testcase>
    <testcase classname="Extension Utils message router integration should route TERMINAL_STATE_CHANGE message" name="Extension Utils message router integration should route TERMINAL_STATE_CHANGE message" time="0">
    </testcase>
  </testsuite>
  <testsuite name="message-router" errors="0" failures="0" skipped="0" timestamp="2025-12-20T07:16:37" time="0.125" tests="48">
    <testcase classname="message-router handleMessage - Basic routing should handle GET_NOTIFICATIONS message" name="message-router handleMessage - Basic routing should handle GET_NOTIFICATIONS message" time="0">
    </testcase>
    <testcase classname="message-router handleMessage - Basic routing should handle TERMINAL_STATE_CHANGE message" name="message-router handleMessage - Basic routing should handle TERMINAL_STATE_CHANGE message" time="0.001">
    </testcase>
    <testcase classname="message-router handleMessage - Basic routing should handle GET_NOTIFICATION_STATUS message" name="message-router handleMessage - Basic routing should handle GET_NOTIFICATION_STATUS message" time="0">
    </testcase>
    <testcase classname="message-router handleMessage - Basic routing should handle GET_NOTIFICATION_STATUS when notification not found" name="message-router handleMessage - Basic routing should handle GET_NOTIFICATION_STATUS when notification not found" time="0">
    </testcase>
    <testcase classname="message-router handleMessage - Basic routing should normalize folder paths when finding notifications" name="message-router handleMessage - Basic routing should normalize folder paths when finding notifications" time="0">
    </testcase>
    <testcase classname="message-router handleMessage - Basic routing should handle SWITCH_TO_TAB message" name="message-router handleMessage - Basic routing should handle SWITCH_TO_TAB message" time="0">
    </testcase>
    <testcase classname="message-router handleMessage - Basic routing should handle MARK_READ message" name="message-router handleMessage - Basic routing should handle MARK_READ message" time="0.001">
    </testcase>
    <testcase classname="message-router handleMessage - Basic routing should handle MARK_ALL_READ message" name="message-router handleMessage - Basic routing should handle MARK_ALL_READ message" time="0">
    </testcase>
    <testcase classname="message-router handleMessage - Basic routing should handle REFRESH_NOTIFICATIONS message" name="message-router handleMessage - Basic routing should handle REFRESH_NOTIFICATIONS message" time="0">
    </testcase>
    <testcase classname="message-router handleMessage - Basic routing should handle GET_CIRCUIT_BREAKER_STATUS message" name="message-router handleMessage - Basic routing should handle GET_CIRCUIT_BREAKER_STATUS message" time="0">
    </testcase>
    <testcase classname="message-router handleMessage - Basic routing should handle unknown message type" name="message-router handleMessage - Basic routing should handle unknown message type" time="0">
    </testcase>
    <testcase classname="message-router handleMessage - Domain management should handle GET_VSCODE_DOMAINS message" name="message-router handleMessage - Domain management should handle GET_VSCODE_DOMAINS message" time="0">
    </testcase>
    <testcase classname="message-router handleMessage - Domain management should handle ADD_VSCODE_DOMAIN message" name="message-router handleMessage - Domain management should handle ADD_VSCODE_DOMAIN message" time="0">
    </testcase>
    <testcase classname="message-router handleMessage - Domain management should handle REMOVE_VSCODE_DOMAIN message" name="message-router handleMessage - Domain management should handle REMOVE_VSCODE_DOMAIN message" time="0.001">
    </testcase>
    <testcase classname="message-router handleMessage - Domain management should handle REQUEST_DOMAIN_PERMISSION message" name="message-router handleMessage - Domain management should handle REQUEST_DOMAIN_PERMISSION message" time="0">
    </testcase>
    <testcase classname="message-router handleMessage - Domain management should handle GET_AUTO_DETECT_SETTING message" name="message-router handleMessage - Domain management should handle GET_AUTO_DETECT_SETTING message" time="0">
    </testcase>
    <testcase classname="message-router handleMessage - Domain management should handle SET_AUTO_DETECT_SETTING message" name="message-router handleMessage - Domain management should handle SET_AUTO_DETECT_SETTING message" time="0">
    </testcase>
    <testcase classname="message-router handleMessage - API base URL management should handle GET_API_BASE_URL message" name="message-router handleMessage - API base URL management should handle GET_API_BASE_URL message" time="0">
    </testcase>
    <testcase classname="message-router handleMessage - API base URL management should handle SET_API_BASE_URL with valid HTTPS URL" name="message-router handleMessage - API base URL management should handle SET_API_BASE_URL with valid HTTPS URL" time="0">
    </testcase>
    <testcase classname="message-router handleMessage - API base URL management should handle SET_API_BASE_URL with valid localhost HTTP URL" name="message-router handleMessage - API base URL management should handle SET_API_BASE_URL with valid localhost HTTP URL" time="0">
    </testcase>
    <testcase classname="message-router handleMessage - API base URL management should reject SET_API_BASE_URL with invalid URL" name="message-router handleMessage - API base URL management should reject SET_API_BASE_URL with invalid URL" time="0.001">
    </testcase>
    <testcase classname="message-router handleMessage - API base URL management should reject SET_API_BASE_URL with HTTP for non-localhost" name="message-router handleMessage - API base URL management should reject SET_API_BASE_URL with HTTP for non-localhost" time="0">
    </testcase>
    <testcase classname="message-router handleMessage - API base URL management should handle SET_API_BASE_URL storage error" name="message-router handleMessage - API base URL management should handle SET_API_BASE_URL storage error" time="0">
    </testcase>
    <testcase classname="message-router handleMessage - API base URL management should trim whitespace in SET_API_BASE_URL" name="message-router handleMessage - API base URL management should trim whitespace in SET_API_BASE_URL" time="0">
    </testcase>
    <testcase classname="message-router Error handling should handle errors gracefully in async operations" name="message-router Error handling should handle errors gracefully in async operations" time="0">
    </testcase>
    <testcase classname="message-router Error handling should handle errors in terminal state change" name="message-router Error handling should handle errors in terminal state change" time="0">
    </testcase>
    <testcase classname="message-router Error handling should handle errors in switch to tab" name="message-router Error handling should handle errors in switch to tab" time="0">
    </testcase>
    <testcase classname="message-router Error handling should handle errors in mark read" name="message-router Error handling should handle errors in mark read" time="0.001">
    </testcase>
    <testcase classname="message-router Error handling should handle errors in mark all read" name="message-router Error handling should handle errors in mark all read" time="0">
    </testcase>
    <testcase classname="message-router Error handling should handle errors in domain management" name="message-router Error handling should handle errors in domain management" time="0">
    </testcase>
    <testcase classname="message-router Edge cases should handle missing sender tab in TERMINAL_STATE_CHANGE" name="message-router Edge cases should handle missing sender tab in TERMINAL_STATE_CHANGE" time="0">
    </testcase>
    <testcase classname="message-router Edge cases should handle empty folder in GET_NOTIFICATION_STATUS" name="message-router Edge cases should handle empty folder in GET_NOTIFICATION_STATUS" time="0">
    </testcase>
    <testcase classname="message-router Edge cases should handle null notification properties" name="message-router Edge cases should handle null notification properties" time="0">
    </testcase>
    <testcase classname="message-router handleMessage - UPLOAD_FILE should reject UPLOAD_FILE with missing fileData" name="message-router handleMessage - UPLOAD_FILE should reject UPLOAD_FILE with missing fileData" time="0">
    </testcase>
    <testcase classname="message-router handleMessage - UPLOAD_FILE should reject UPLOAD_FILE with missing folder" name="message-router handleMessage - UPLOAD_FILE should reject UPLOAD_FILE with missing folder" time="0">
    </testcase>
    <testcase classname="message-router handleMessage - UPLOAD_FILE should reject UPLOAD_FILE with missing fileName" name="message-router handleMessage - UPLOAD_FILE should reject UPLOAD_FILE with missing fileName" time="0">
    </testcase>
    <testcase classname="message-router handleMessage - UPLOAD_FILE should reject UPLOAD_FILE with missing fileType" name="message-router handleMessage - UPLOAD_FILE should reject UPLOAD_FILE with missing fileType" time="0.001">
    </testcase>
    <testcase classname="message-router handleMessage - UPLOAD_FILE should reject UPLOAD_FILE with non-string fileData" name="message-router handleMessage - UPLOAD_FILE should reject UPLOAD_FILE with non-string fileData" time="0">
    </testcase>
    <testcase classname="message-router handleMessage - UPLOAD_FILE should handle successful file upload" name="message-router handleMessage - UPLOAD_FILE should handle successful file upload" time="0">
    </testcase>
    <testcase classname="message-router handleMessage - UPLOAD_FILE should use localhost API for local origin + Mac paths (/opt/)" name="message-router handleMessage - UPLOAD_FILE should use localhost API for local origin + Mac paths (/opt/)" time="0">
    </testcase>
    <testcase classname="message-router handleMessage - UPLOAD_FILE should use localhost API for local origin (127.0.0.1) + Mac paths" name="message-router handleMessage - UPLOAD_FILE should use localhost API for local origin (127.0.0.1) + Mac paths" time="0">
    </testcase>
    <testcase classname="message-router handleMessage - UPLOAD_FILE should use mapped API for known origin (vs.noreika.lt)" name="message-router handleMessage - UPLOAD_FILE should use mapped API for known origin (vs.noreika.lt)" time="0">
    </testcase>
    <testcase classname="message-router handleMessage - UPLOAD_FILE should use default API for unknown remote origin" name="message-router handleMessage - UPLOAD_FILE should use default API for unknown remote origin" time="0.001">
    </testcase>
    <testcase classname="message-router handleMessage - UPLOAD_FILE should handle invalid base64 data" name="message-router handleMessage - UPLOAD_FILE should handle invalid base64 data" time="0">
    </testcase>
    <testcase classname="message-router handleMessage - UPLOAD_FILE should handle HTTP error response" name="message-router handleMessage - UPLOAD_FILE should handle HTTP error response" time="0">
    </testcase>
    <testcase classname="message-router handleMessage - UPLOAD_FILE should handle network error" name="message-router handleMessage - UPLOAD_FILE should handle network error" time="0">
    </testcase>
    <testcase classname="message-router handleMessage - UPLOAD_FILE should handle error without message property" name="message-router handleMessage - UPLOAD_FILE should handle error without message property" time="0">
    </testcase>
    <testcase classname="message-router handleMessage - UPLOAD_FILE should return path field if filename not in response" name="message-router handleMessage - UPLOAD_FILE should return path field if filename not in response" time="0">
    </testcase>
  </testsuite>
  <testsuite name="Registry Cache Error Handling Tests" errors="0" failures="0" skipped="0" timestamp="2025-12-20T07:16:37" time="0.128" tests="32">
    <testcase classname="Registry Cache Error Handling Tests File Reading Errors should return empty registry on file not found" name="Registry Cache Error Handling Tests File Reading Errors should return empty registry on file not found" time="0.001">
    </testcase>
    <testcase classname="Registry Cache Error Handling Tests File Reading Errors should return empty registry on permission denied" name="Registry Cache Error Handling Tests File Reading Errors should return empty registry on permission denied" time="0.001">
    </testcase>
    <testcase classname="Registry Cache Error Handling Tests File Reading Errors should return empty registry on disk read error" name="Registry Cache Error Handling Tests File Reading Errors should return empty registry on disk read error" time="0">
    </testcase>
    <testcase classname="Registry Cache Error Handling Tests File Reading Errors should handle timeout errors" name="Registry Cache Error Handling Tests File Reading Errors should handle timeout errors" time="0">
    </testcase>
    <testcase classname="Registry Cache Error Handling Tests File Reading Errors should handle unexpected errors" name="Registry Cache Error Handling Tests File Reading Errors should handle unexpected errors" time="0">
    </testcase>
    <testcase classname="Registry Cache Error Handling Tests JSON Parsing Errors should handle invalid JSON" name="Registry Cache Error Handling Tests JSON Parsing Errors should handle invalid JSON" time="0.001">
    </testcase>
    <testcase classname="Registry Cache Error Handling Tests JSON Parsing Errors should handle empty file" name="Registry Cache Error Handling Tests JSON Parsing Errors should handle empty file" time="0">
    </testcase>
    <testcase classname="Registry Cache Error Handling Tests JSON Parsing Errors should handle whitespace-only file" name="Registry Cache Error Handling Tests JSON Parsing Errors should handle whitespace-only file" time="0">
    </testcase>
    <testcase classname="Registry Cache Error Handling Tests JSON Parsing Errors should handle JSON with missing projects array" name="Registry Cache Error Handling Tests JSON Parsing Errors should handle JSON with missing projects array" time="0.001">
    </testcase>
    <testcase classname="Registry Cache Error Handling Tests JSON Parsing Errors should handle JSON with null projects" name="Registry Cache Error Handling Tests JSON Parsing Errors should handle JSON with null projects" time="0">
    </testcase>
    <testcase classname="Registry Cache Error Handling Tests JSON Parsing Errors should handle JSON with non-array projects" name="Registry Cache Error Handling Tests JSON Parsing Errors should handle JSON with non-array projects" time="0">
    </testcase>
    <testcase classname="Registry Cache Error Handling Tests JSON Parsing Errors should handle truncated JSON" name="Registry Cache Error Handling Tests JSON Parsing Errors should handle truncated JSON" time="0">
    </testcase>
    <testcase classname="Registry Cache Error Handling Tests JSON Parsing Errors should handle JSON with BOM" name="Registry Cache Error Handling Tests JSON Parsing Errors should handle JSON with BOM" time="0.001">
    </testcase>
    <testcase classname="Registry Cache Error Handling Tests Cache Behavior should cache successful registry reads" name="Registry Cache Error Handling Tests Cache Behavior should cache successful registry reads" time="0">
    </testcase>
    <testcase classname="Registry Cache Error Handling Tests Cache Behavior should not cache failed reads" name="Registry Cache Error Handling Tests Cache Behavior should not cache failed reads" time="0">
    </testcase>
    <testcase classname="Registry Cache Error Handling Tests Cache Behavior should invalidate cache on demand" name="Registry Cache Error Handling Tests Cache Behavior should invalidate cache on demand" time="0">
    </testcase>
    <testcase classname="Registry Cache Error Handling Tests Cache Behavior should return cache stats" name="Registry Cache Error Handling Tests Cache Behavior should return cache stats" time="0.001">
    </testcase>
    <testcase classname="Registry Cache Error Handling Tests Cache Behavior should handle concurrent getRegistry calls" name="Registry Cache Error Handling Tests Cache Behavior should handle concurrent getRegistry calls" time="0">
    </testcase>
    <testcase classname="Registry Cache Error Handling Tests File Watcher should handle watcher setup errors gracefully" name="Registry Cache Error Handling Tests File Watcher should handle watcher setup errors gracefully" time="0">
    </testcase>
    <testcase classname="Registry Cache Error Handling Tests File Watcher should close watcher successfully" name="Registry Cache Error Handling Tests File Watcher should close watcher successfully" time="0">
    </testcase>
    <testcase classname="Registry Cache Error Handling Tests File Watcher should handle watcher close errors" name="Registry Cache Error Handling Tests File Watcher should handle watcher close errors" time="0.001">
    </testcase>
    <testcase classname="Registry Cache Error Handling Tests Polling Fallback should fallback to polling when fs.watch throws" name="Registry Cache Error Handling Tests Polling Fallback should fallback to polling when fs.watch throws" time="0">
    </testcase>
    <testcase classname="Registry Cache Error Handling Tests Polling Fallback should fallback to polling when fs.watch is undefined" name="Registry Cache Error Handling Tests Polling Fallback should fallback to polling when fs.watch is undefined" time="0">
    </testcase>
    <testcase classname="Registry Cache Error Handling Tests Polling Fallback should show fs.watch mode when watcher works" name="Registry Cache Error Handling Tests Polling Fallback should show fs.watch mode when watcher works" time="0">
    </testcase>
    <testcase classname="Registry Cache Error Handling Tests Polling Fallback should cleanup polling interval on closeWatcher" name="Registry Cache Error Handling Tests Polling Fallback should cleanup polling interval on closeWatcher" time="0.001">
    </testcase>
    <testcase classname="Registry Cache Error Handling Tests Registry Path Validation should use config registry path" name="Registry Cache Error Handling Tests Registry Path Validation should use config registry path" time="0">
    </testcase>
    <testcase classname="Registry Cache Error Handling Tests Registry Path Validation should handle absolute paths" name="Registry Cache Error Handling Tests Registry Path Validation should handle absolute paths" time="0.001">
    </testcase>
    <testcase classname="Registry Cache Error Handling Tests Registry Path Validation should handle path with special characters" name="Registry Cache Error Handling Tests Registry Path Validation should handle path with special characters" time="0">
    </testcase>
    <testcase classname="Registry Cache Error Handling Tests Error Recovery should recover after temporary errors" name="Registry Cache Error Handling Tests Error Recovery should recover after temporary errors" time="0">
    </testcase>
    <testcase classname="Registry Cache Error Handling Tests Error Recovery should handle intermittent I/O errors" name="Registry Cache Error Handling Tests Error Recovery should handle intermittent I/O errors" time="0">
    </testcase>
    <testcase classname="Registry Cache Error Handling Tests Large Registry Handling should handle large registry files" name="Registry Cache Error Handling Tests Large Registry Handling should handle large registry files" time="0.002">
    </testcase>
    <testcase classname="Registry Cache Error Handling Tests Large Registry Handling should handle deeply nested project structures" name="Registry Cache Error Handling Tests Large Registry Handling should handle deeply nested project structures" time="0">
    </testcase>
  </testsuite>
  <testsuite name="Config Validation Failures - QUA-004" errors="0" failures="0" skipped="0" timestamp="2025-12-20T07:16:37" time="0.127" tests="39">
    <testcase classname="Config Validation Failures - QUA-004 Port Validation should throw error for port below 1" name="Config Validation Failures - QUA-004 Port Validation should throw error for port below 1" time="0.001">
    </testcase>
    <testcase classname="Config Validation Failures - QUA-004 Port Validation should throw error for port above 65535" name="Config Validation Failures - QUA-004 Port Validation should throw error for port above 65535" time="0">
    </testcase>
    <testcase classname="Config Validation Failures - QUA-004 Port Validation should throw error for negative port" name="Config Validation Failures - QUA-004 Port Validation should throw error for negative port" time="0.001">
    </testcase>
    <testcase classname="Config Validation Failures - QUA-004 Path Validation should throw error for empty ALLOWED_PATHS" name="Config Validation Failures - QUA-004 Path Validation should throw error for empty ALLOWED_PATHS" time="0">
    </testcase>
    <testcase classname="Config Validation Failures - QUA-004 Path Validation should throw error for non-absolute paths in ALLOWED_PATHS" name="Config Validation Failures - QUA-004 Path Validation should throw error for non-absolute paths in ALLOWED_PATHS" time="0">
    </testcase>
    <testcase classname="Config Validation Failures - QUA-004 Path Validation should throw error for empty REGISTRY_PATH" name="Config Validation Failures - QUA-004 Path Validation should throw error for empty REGISTRY_PATH" time="0.001">
    </testcase>
    <testcase classname="Config Validation Failures - QUA-004 Path Validation should throw error for whitespace-only REGISTRY_PATH" name="Config Validation Failures - QUA-004 Path Validation should throw error for whitespace-only REGISTRY_PATH" time="0">
    </testcase>
    <testcase classname="Config Validation Failures - QUA-004 Rate Limit Validation should throw error for RATE_LIMIT_WINDOW below 1000ms" name="Config Validation Failures - QUA-004 Rate Limit Validation should throw error for RATE_LIMIT_WINDOW below 1000ms" time="0">
    </testcase>
    <testcase classname="Config Validation Failures - QUA-004 Rate Limit Validation should throw error for RATE_LIMIT_MAX below 1" name="Config Validation Failures - QUA-004 Rate Limit Validation should throw error for RATE_LIMIT_MAX below 1" time="0">
    </testcase>
    <testcase classname="Config Validation Failures - QUA-004 Rate Limit Validation should throw error for RATE_LIMIT_NOTIFICATION_WINDOW below 1000ms" name="Config Validation Failures - QUA-004 Rate Limit Validation should throw error for RATE_LIMIT_NOTIFICATION_WINDOW below 1000ms" time="0">
    </testcase>
    <testcase classname="Config Validation Failures - QUA-004 Rate Limit Validation should throw error for RATE_LIMIT_NOTIFICATION_MAX below 1" name="Config Validation Failures - QUA-004 Rate Limit Validation should throw error for RATE_LIMIT_NOTIFICATION_MAX below 1" time="0">
    </testcase>
    <testcase classname="Config Validation Failures - QUA-004 Notification Validation should throw error for NOTIFICATION_MAX_COUNT below 1" name="Config Validation Failures - QUA-004 Notification Validation should throw error for NOTIFICATION_MAX_COUNT below 1" time="0">
    </testcase>
    <testcase classname="Config Validation Failures - QUA-004 Notification Validation should throw error for NOTIFICATION_TTL_MS below 1000ms" name="Config Validation Failures - QUA-004 Notification Validation should throw error for NOTIFICATION_TTL_MS below 1000ms" time="0">
    </testcase>
    <testcase classname="Config Validation Failures - QUA-004 Notification Validation should throw error for NOTIFICATION_CLEANUP_INTERVAL_MS below 1000ms" name="Config Validation Failures - QUA-004 Notification Validation should throw error for NOTIFICATION_CLEANUP_INTERVAL_MS below 1000ms" time="0">
    </testcase>
    <testcase classname="Config Validation Failures - QUA-004 SSE Validation should throw error for SSE_MAX_CONNECTIONS_PER_IP below 1" name="Config Validation Failures - QUA-004 SSE Validation should throw error for SSE_MAX_CONNECTIONS_PER_IP below 1" time="0.001">
    </testcase>
    <testcase classname="Config Validation Failures - QUA-004 SSE Validation should throw error for SSE_GLOBAL_LIMIT below 1" name="Config Validation Failures - QUA-004 SSE Validation should throw error for SSE_GLOBAL_LIMIT below 1" time="0">
    </testcase>
    <testcase classname="Config Validation Failures - QUA-004 SSE Validation should throw error for SSE_KEEPALIVE_INTERVAL below 1000ms" name="Config Validation Failures - QUA-004 SSE Validation should throw error for SSE_KEEPALIVE_INTERVAL below 1000ms" time="0">
    </testcase>
    <testcase classname="Config Validation Failures - QUA-004 Compression Validation should throw error for COMPRESSION_LEVEL below 0" name="Config Validation Failures - QUA-004 Compression Validation should throw error for COMPRESSION_LEVEL below 0" time="0">
    </testcase>
    <testcase classname="Config Validation Failures - QUA-004 Compression Validation should throw error for COMPRESSION_LEVEL above 9" name="Config Validation Failures - QUA-004 Compression Validation should throw error for COMPRESSION_LEVEL above 9" time="0">
    </testcase>
    <testcase classname="Config Validation Failures - QUA-004 Compression Validation should throw error for negative COMPRESSION_THRESHOLD" name="Config Validation Failures - QUA-004 Compression Validation should throw error for negative COMPRESSION_THRESHOLD" time="0">
    </testcase>
    <testcase classname="Config Validation Failures - QUA-004 Graceful Shutdown Validation should throw error for GRACEFUL_SHUTDOWN_TIMEOUT below 1000ms" name="Config Validation Failures - QUA-004 Graceful Shutdown Validation should throw error for GRACEFUL_SHUTDOWN_TIMEOUT below 1000ms" time="0.001">
    </testcase>
    <testcase classname="Config Validation Failures - QUA-004 Graceful Shutdown Validation should throw error for GRACEFUL_SHUTDOWN_TIMEOUT of 0" name="Config Validation Failures - QUA-004 Graceful Shutdown Validation should throw error for GRACEFUL_SHUTDOWN_TIMEOUT of 0" time="0">
    </testcase>
    <testcase classname="Config Validation Failures - QUA-004 Cache Validation should throw error for negative CACHE_MAX_SIZE" name="Config Validation Failures - QUA-004 Cache Validation should throw error for negative CACHE_MAX_SIZE" time="0">
    </testcase>
    <testcase classname="Config Validation Failures - QUA-004 Cache Validation should throw error for negative CACHE_TTL" name="Config Validation Failures - QUA-004 Cache Validation should throw error for negative CACHE_TTL" time="0">
    </testcase>
    <testcase classname="Config Validation Failures - QUA-004 Trust Proxy Validation should throw error for negative TRUST_PROXY" name="Config Validation Failures - QUA-004 Trust Proxy Validation should throw error for negative TRUST_PROXY" time="0.001">
    </testcase>
    <testcase classname="Config Validation Failures - QUA-004 Admin Authentication Validation should throw error with empty ADMIN_IPS array" name="Config Validation Failures - QUA-004 Admin Authentication Validation should throw error with empty ADMIN_IPS array" time="0">
    </testcase>
    <testcase classname="Config Validation Failures - QUA-004 Admin Authentication Validation should accept null ADMIN_API_KEY_HASH (IP-only auth)" name="Config Validation Failures - QUA-004 Admin Authentication Validation should accept null ADMIN_API_KEY_HASH (IP-only auth)" time="0">
    </testcase>
    <testcase classname="Config Validation Failures - QUA-004 Admin Authentication Validation should accept valid bcrypt hash for ADMIN_API_KEY_HASH" name="Config Validation Failures - QUA-004 Admin Authentication Validation should accept valid bcrypt hash for ADMIN_API_KEY_HASH" time="0">
    </testcase>
    <testcase classname="Config Validation Failures - QUA-004 Log Level Validation should throw error for invalid LOG_LEVEL" name="Config Validation Failures - QUA-004 Log Level Validation should throw error for invalid LOG_LEVEL" time="0">
    </testcase>
    <testcase classname="Config Validation Failures - QUA-004 Log Level Validation should accept valid log levels" name="Config Validation Failures - QUA-004 Log Level Validation should accept valid log levels" time="0.001">
    </testcase>
    <testcase classname="Config Validation Failures - QUA-004 Multiple Validation Errors should throw error listing all validation failures" name="Config Validation Failures - QUA-004 Multiple Validation Errors should throw error listing all validation failures" time="0">
    </testcase>
    <testcase classname="Config Validation Failures - QUA-004 Multiple Validation Errors should include all error messages in thrown error" name="Config Validation Failures - QUA-004 Multiple Validation Errors should include all error messages in thrown error" time="0">
    </testcase>
    <testcase classname="Config Validation Failures - QUA-004 initializeConfig Function should return false when validation fails" name="Config Validation Failures - QUA-004 initializeConfig Function should return false when validation fails" time="0">
    </testcase>
    <testcase classname="Config Validation Failures - QUA-004 initializeConfig Function should return true when validation passes" name="Config Validation Failures - QUA-004 initializeConfig Function should return true when validation passes" time="0.001">
    </testcase>
    <testcase classname="Config Validation Failures - QUA-004 Error Handling Without process.exit() should throw catchable Error object" name="Config Validation Failures - QUA-004 Error Handling Without process.exit() should throw catchable Error object" time="0">
    </testcase>
    <testcase classname="Config Validation Failures - QUA-004 Error Handling Without process.exit() should not call process.exit during validation" name="Config Validation Failures - QUA-004 Error Handling Without process.exit() should not call process.exit during validation" time="0">
    </testcase>
    <testcase classname="Config Validation Failures - QUA-004 Error Handling Without process.exit() should not call process.exit during initializeConfig" name="Config Validation Failures - QUA-004 Error Handling Without process.exit() should not call process.exit during initializeConfig" time="0">
    </testcase>
    <testcase classname="Config Validation Failures - QUA-004 Valid Configuration should pass validation with default config values" name="Config Validation Failures - QUA-004 Valid Configuration should pass validation with default config values" time="0">
    </testcase>
    <testcase classname="Config Validation Failures - QUA-004 Valid Configuration should pass validation at boundary values" name="Config Validation Failures - QUA-004 Valid Configuration should pass validation at boundary values" time="0">
    </testcase>
  </testsuite>
  <testsuite name="Circuit Breaker" errors="0" failures="0" skipped="0" timestamp="2025-12-20T07:16:37" time="0.124" tests="34">
    <testcase classname="Circuit Breaker Initial state should start with circuit closed" name="Circuit Breaker Initial state should start with circuit closed" time="0">
    </testcase>
    <testcase classname="Circuit Breaker Initial state should allow requests when closed" name="Circuit Breaker Initial state should allow requests when closed" time="0">
    </testcase>
    <testcase classname="Circuit Breaker Initial state should use custom config values" name="Circuit Breaker Initial state should use custom config values" time="0.001">
    </testcase>
    <testcase classname="Circuit Breaker State persistence should save state to storage on failure" name="Circuit Breaker State persistence should save state to storage on failure" time="0">
    </testcase>
    <testcase classname="Circuit Breaker State persistence should save state to storage on success" name="Circuit Breaker State persistence should save state to storage on success" time="0">
    </testcase>
    <testcase classname="Circuit Breaker State persistence should load state from storage" name="Circuit Breaker State persistence should load state from storage" time="0">
    </testcase>
    <testcase classname="Circuit Breaker State persistence should recover to half-open if recovery time passed" name="Circuit Breaker State persistence should recover to half-open if recovery time passed" time="0.001">
    </testcase>
    <testcase classname="Circuit Breaker State persistence should schedule recovery if still waiting" name="Circuit Breaker State persistence should schedule recovery if still waiting" time="0">
    </testcase>
    <testcase classname="Circuit Breaker State persistence should handle storage errors gracefully" name="Circuit Breaker State persistence should handle storage errors gracefully" time="0">
    </testcase>
    <testcase classname="Circuit Breaker State persistence should handle missing state in storage" name="Circuit Breaker State persistence should handle missing state in storage" time="0">
    </testcase>
    <testcase classname="Circuit Breaker State persistence should handle save errors gracefully" name="Circuit Breaker State persistence should handle save errors gracefully" time="0">
    </testcase>
    <testcase classname="Circuit Breaker Failure handling should track failures but stay closed for first 2 failures" name="Circuit Breaker Failure handling should track failures but stay closed for first 2 failures" time="0.001">
    </testcase>
    <testcase classname="Circuit Breaker Failure handling should open circuit after 3 consecutive failures" name="Circuit Breaker Failure handling should open circuit after 3 consecutive failures" time="0">
    </testcase>
    <testcase classname="Circuit Breaker Failure handling should block requests when circuit is open" name="Circuit Breaker Failure handling should block requests when circuit is open" time="0">
    </testcase>
    <testcase classname="Circuit Breaker Failure handling should record last failure timestamp" name="Circuit Breaker Failure handling should record last failure timestamp" time="0">
    </testcase>
    <testcase classname="Circuit Breaker Failure handling should not re-open if already open" name="Circuit Breaker Failure handling should not re-open if already open" time="0">
    </testcase>
    <testcase classname="Circuit Breaker Exponential backoff should start with 5s backoff delay" name="Circuit Breaker Exponential backoff should start with 5s backoff delay" time="0.001">
    </testcase>
    <testcase classname="Circuit Breaker Exponential backoff should double backoff after each circuit opening" name="Circuit Breaker Exponential backoff should double backoff after each circuit opening" time="0">
    </testcase>
    <testcase classname="Circuit Breaker Exponential backoff should cap backoff at 5 minutes" name="Circuit Breaker Exponential backoff should cap backoff at 5 minutes" time="0">
    </testcase>
    <testcase classname="Circuit Breaker Exponential backoff should respect custom max backoff" name="Circuit Breaker Exponential backoff should respect custom max backoff" time="0">
    </testcase>
    <testcase classname="Circuit Breaker Recovery mechanism should transition to half-open after backoff period" name="Circuit Breaker Recovery mechanism should transition to half-open after backoff period" time="0">
    </testcase>
    <testcase classname="Circuit Breaker Recovery mechanism should allow probe request in half-open state" name="Circuit Breaker Recovery mechanism should allow probe request in half-open state" time="0">
    </testcase>
    <testcase classname="Circuit Breaker Recovery mechanism should close circuit on successful probe" name="Circuit Breaker Recovery mechanism should close circuit on successful probe" time="0.001">
    </testcase>
    <testcase classname="Circuit Breaker Recovery mechanism should re-open circuit on failed probe" name="Circuit Breaker Recovery mechanism should re-open circuit on failed probe" time="0">
    </testcase>
    <testcase classname="Circuit Breaker Recovery mechanism should clear recovery timeout on success" name="Circuit Breaker Recovery mechanism should clear recovery timeout on success" time="0">
    </testcase>
    <testcase classname="Circuit Breaker Recovery mechanism should clear existing timeout when scheduling new recovery" name="Circuit Breaker Recovery mechanism should clear existing timeout when scheduling new recovery" time="0">
    </testcase>
    <testcase classname="Circuit Breaker getStats should return current statistics" name="Circuit Breaker getStats should return current statistics" time="0">
    </testcase>
    <testcase classname="Circuit Breaker getStats should return null timeSinceFailure when no failures" name="Circuit Breaker getStats should return null timeSinceFailure when no failures" time="0">
    </testcase>
    <testcase classname="Circuit Breaker getStats should calculate time since failure correctly" name="Circuit Breaker getStats should calculate time since failure correctly" time="0.001">
    </testcase>
    <testcase classname="Circuit Breaker Edge cases should handle unknown state in shouldAllowRequest" name="Circuit Breaker Edge cases should handle unknown state in shouldAllowRequest" time="0">
    </testcase>
    <testcase classname="Circuit Breaker Edge cases should handle missing lastFailureTime in open state" name="Circuit Breaker Edge cases should handle missing lastFailureTime in open state" time="0">
    </testcase>
    <testcase classname="Circuit Breaker Edge cases should handle custom failure threshold" name="Circuit Breaker Edge cases should handle custom failure threshold" time="0">
    </testcase>
    <testcase classname="Circuit Breaker Integration scenarios should demonstrate complete circuit breaker lifecycle" name="Circuit Breaker Integration scenarios should demonstrate complete circuit breaker lifecycle" time="0">
    </testcase>
    <testcase classname="Circuit Breaker Integration scenarios should persist and recover state across restarts" name="Circuit Breaker Integration scenarios should persist and recover state across restarts" time="0.001">
    </testcase>
  </testsuite>
  <testsuite name="Regression: Path Traversal Vulnerability (CVSS 9.1)" errors="0" failures="0" skipped="0" timestamp="2025-12-20T07:16:37" time="0.127" tests="49">
    <testcase classname="Regression: Path Traversal Vulnerability (CVSS 9.1) Original Exploitation Methods Basic traversal that was exploitable" name="Regression: Path Traversal Vulnerability (CVSS 9.1) Original Exploitation Methods Basic traversal that was exploitable" time="0">
    </testcase>
    <testcase classname="Regression: Path Traversal Vulnerability (CVSS 9.1) Original Exploitation Methods Multi-hop traversal" name="Regression: Path Traversal Vulnerability (CVSS 9.1) Original Exploitation Methods Multi-hop traversal" time="0">
    </testcase>
    <testcase classname="Regression: Path Traversal Vulnerability (CVSS 9.1) Original Exploitation Methods Encoded traversal bypass" name="Regression: Path Traversal Vulnerability (CVSS 9.1) Original Exploitation Methods Encoded traversal bypass" time="0">
    </testcase>
    <testcase classname="Regression: Path Traversal Vulnerability (CVSS 9.1) Original Exploitation Methods Double-encoded traversal" name="Regression: Path Traversal Vulnerability (CVSS 9.1) Original Exploitation Methods Double-encoded traversal" time="0">
    </testcase>
    <testcase classname="Regression: Path Traversal Vulnerability (CVSS 9.1) Real Attack Targets SSH private keys" name="Regression: Path Traversal Vulnerability (CVSS 9.1) Real Attack Targets SSH private keys" time="0">
    </testcase>
    <testcase classname="Regression: Path Traversal Vulnerability (CVSS 9.1) Real Attack Targets System configuration files" name="Regression: Path Traversal Vulnerability (CVSS 9.1) Real Attack Targets System configuration files" time="0">
    </testcase>
    <testcase classname="Regression: Path Traversal Vulnerability (CVSS 9.1) Real Attack Targets Environment variables and secrets" name="Regression: Path Traversal Vulnerability (CVSS 9.1) Real Attack Targets Environment variables and secrets" time="0">
    </testcase>
    <testcase classname="Regression: Path Traversal Vulnerability (CVSS 9.1) Real Attack Targets Docker socket access" name="Regression: Path Traversal Vulnerability (CVSS 9.1) Real Attack Targets Docker socket access" time="0">
    </testcase>
    <testcase classname="Regression: Path Traversal Vulnerability (CVSS 9.1) Real Attack Targets Application source code" name="Regression: Path Traversal Vulnerability (CVSS 9.1) Real Attack Targets Application source code" time="0.001">
    </testcase>
    <testcase classname="Regression: Path Traversal Vulnerability (CVSS 9.1) Advanced Bypass Attempts Null byte injection to bypass extension checks" name="Regression: Path Traversal Vulnerability (CVSS 9.1) Advanced Bypass Attempts Null byte injection to bypass extension checks" time="0">
    </testcase>
    <testcase classname="Regression: Path Traversal Vulnerability (CVSS 9.1) Advanced Bypass Attempts Unicode normalization attacks" name="Regression: Path Traversal Vulnerability (CVSS 9.1) Advanced Bypass Attempts Unicode normalization attacks" time="0">
    </testcase>
    <testcase classname="Regression: Path Traversal Vulnerability (CVSS 9.1) Advanced Bypass Attempts Overlong UTF-8 encoding" name="Regression: Path Traversal Vulnerability (CVSS 9.1) Advanced Bypass Attempts Overlong UTF-8 encoding" time="0">
    </testcase>
    <testcase classname="Regression: Path Traversal Vulnerability (CVSS 9.1) Advanced Bypass Attempts Windows vs Unix path confusion" name="Regression: Path Traversal Vulnerability (CVSS 9.1) Advanced Bypass Attempts Windows vs Unix path confusion" time="0">
    </testcase>
    <testcase classname="Regression: Path Traversal Vulnerability (CVSS 9.1) Validation Details validatePath provides detailed error information" name="Regression: Path Traversal Vulnerability (CVSS 9.1) Validation Details validatePath provides detailed error information" time="0">
    </testcase>
    <testcase classname="Regression: Path Traversal Vulnerability (CVSS 9.1) Validation Details Sanitization is consistent across multiple calls" name="Regression: Path Traversal Vulnerability (CVSS 9.1) Validation Details Sanitization is consistent across multiple calls" time="0">
    </testcase>
    <testcase classname="Regression: XSS in SVG Favicon (CVSS 8.8) Original Exploitation Methods Script tag injection in project name" name="Regression: XSS in SVG Favicon (CVSS 8.8) Original Exploitation Methods Script tag injection in project name" time="0">
    </testcase>
    <testcase classname="Regression: XSS in SVG Favicon (CVSS 8.8) Original Exploitation Methods Event handler via SVG manipulation" name="Regression: XSS in SVG Favicon (CVSS 8.8) Original Exploitation Methods Event handler via SVG manipulation" time="0">
    </testcase>
    <testcase classname="Regression: XSS in SVG Favicon (CVSS 8.8) Original Exploitation Methods JavaScript protocol in project name" name="Regression: XSS in SVG Favicon (CVSS 8.8) Original Exploitation Methods JavaScript protocol in project name" time="0">
    </testcase>
    <testcase classname="Regression: XSS in SVG Favicon (CVSS 8.8) Real Attack Scenarios Cookie theft via XSS" name="Regression: XSS in SVG Favicon (CVSS 8.8) Real Attack Scenarios Cookie theft via XSS" time="0.001">
    </testcase>
    <testcase classname="Regression: XSS in SVG Favicon (CVSS 8.8) Real Attack Scenarios Keylogger injection" name="Regression: XSS in SVG Favicon (CVSS 8.8) Real Attack Scenarios Keylogger injection" time="0">
    </testcase>
    <testcase classname="Regression: XSS in SVG Favicon (CVSS 8.8) Real Attack Scenarios Phishing via DOM manipulation" name="Regression: XSS in SVG Favicon (CVSS 8.8) Real Attack Scenarios Phishing via DOM manipulation" time="0">
    </testcase>
    <testcase classname="Regression: XSS in SVG Favicon (CVSS 8.8) Real Attack Scenarios Defacement attack" name="Regression: XSS in SVG Favicon (CVSS 8.8) Real Attack Scenarios Defacement attack" time="0">
    </testcase>
    <testcase classname="Regression: XSS in SVG Favicon (CVSS 8.8) Advanced XSS Bypass Attempts Mixed case to bypass filters" name="Regression: XSS in SVG Favicon (CVSS 8.8) Advanced XSS Bypass Attempts Mixed case to bypass filters" time="0">
    </testcase>
    <testcase classname="Regression: XSS in SVG Favicon (CVSS 8.8) Advanced XSS Bypass Attempts HTML entity encoding in payload" name="Regression: XSS in SVG Favicon (CVSS 8.8) Advanced XSS Bypass Attempts HTML entity encoding in payload" time="0">
    </testcase>
    <testcase classname="Regression: XSS in SVG Favicon (CVSS 8.8) Advanced XSS Bypass Attempts UTF-7 XSS (historical)" name="Regression: XSS in SVG Favicon (CVSS 8.8) Advanced XSS Bypass Attempts UTF-7 XSS (historical)" time="0">
    </testcase>
    <testcase classname="Regression: XSS in SVG Favicon (CVSS 8.8) Advanced XSS Bypass Attempts SVG-specific MIME confusion" name="Regression: XSS in SVG Favicon (CVSS 8.8) Advanced XSS Bypass Attempts SVG-specific MIME confusion" time="0">
    </testcase>
    <testcase classname="Regression: XSS in SVG Favicon (CVSS 8.8) Context-specific injection Attribute context injection" name="Regression: XSS in SVG Favicon (CVSS 8.8) Context-specific injection Attribute context injection" time="0">
    </testcase>
    <testcase classname="Regression: XSS in SVG Favicon (CVSS 8.8) Context-specific injection CSS expression injection (IE legacy)" name="Regression: XSS in SVG Favicon (CVSS 8.8) Context-specific injection CSS expression injection (IE legacy)" time="0">
    </testcase>
    <testcase classname="Regression: CORS Misconfiguration Wildcard origin prevention Literal wildcard should be rejected" name="Regression: CORS Misconfiguration Wildcard origin prevention Literal wildcard should be rejected" time="0">
    </testcase>
    <testcase classname="Regression: CORS Misconfiguration Wildcard origin prevention Asterisk in origin should be rejected" name="Regression: CORS Misconfiguration Wildcard origin prevention Asterisk in origin should be rejected" time="0">
    </testcase>
    <testcase classname="Regression: CORS Misconfiguration Origin confusion attacks Null origin should be rejected" name="Regression: CORS Misconfiguration Origin confusion attacks Null origin should be rejected" time="0.001">
    </testcase>
    <testcase classname="Regression: CORS Misconfiguration Origin confusion attacks Subdomain attacks" name="Regression: CORS Misconfiguration Origin confusion attacks Subdomain attacks" time="0">
    </testcase>
    <testcase classname="Regression: CORS Misconfiguration Origin confusion attacks Protocol downgrade" name="Regression: CORS Misconfiguration Origin confusion attacks Protocol downgrade" time="0">
    </testcase>
    <testcase classname="Regression: CORS Misconfiguration Origin confusion attacks Port manipulation" name="Regression: CORS Misconfiguration Origin confusion attacks Port manipulation" time="0">
    </testcase>
    <testcase classname="Regression: CORS Misconfiguration Cache poisoning prevention Vary header should be set for allowed origins" name="Regression: CORS Misconfiguration Cache poisoning prevention Vary header should be set for allowed origins" time="0">
    </testcase>
    <testcase classname="Defense-in-Depth Validation Path validation + input sanitization" name="Defense-in-Depth Validation Path validation + input sanitization" time="0">
    </testcase>
    <testcase classname="Defense-in-Depth Validation XSS prevention across multiple encoding layers" name="Defense-in-Depth Validation XSS prevention across multiple encoding layers" time="0">
    </testcase>
    <testcase classname="Defense-in-Depth Validation CORS + path validation combination" name="Defense-in-Depth Validation CORS + path validation combination" time="0">
    </testcase>
    <testcase classname="Security Test Coverage Report All critical attack vectors are covered" name="Security Test Coverage Report All critical attack vectors are covered" time="0.001">
    </testcase>
    <testcase classname="Security Test Coverage Report All OWASP Top 10 2021 relevant categories" name="Security Test Coverage Report All OWASP Top 10 2021 relevant categories" time="0">
    </testcase>
    <testcase classname="Historical Attack Payloads Database OWASP XSS Cheat Sheet Basic XSS Test" name="Historical Attack Payloads Database OWASP XSS Cheat Sheet Basic XSS Test" time="0">
    </testcase>
    <testcase classname="Historical Attack Payloads Database OWASP XSS Cheat Sheet IMG onerror" name="Historical Attack Payloads Database OWASP XSS Cheat Sheet IMG onerror" time="0">
    </testcase>
    <testcase classname="Historical Attack Payloads Database OWASP XSS Cheat Sheet SVG onload" name="Historical Attack Payloads Database OWASP XSS Cheat Sheet SVG onload" time="0">
    </testcase>
    <testcase classname="Historical Attack Payloads Database OWASP XSS Cheat Sheet Body onload" name="Historical Attack Payloads Database OWASP XSS Cheat Sheet Body onload" time="0">
    </testcase>
    <testcase classname="Historical Attack Payloads Database OWASP XSS Cheat Sheet JavaScript protocol" name="Historical Attack Payloads Database OWASP XSS Cheat Sheet JavaScript protocol" time="0">
    </testcase>
    <testcase classname="Historical Attack Payloads Database PortSwigger XSS Payloads Angle brackets and protocol" name="Historical Attack Payloads Database PortSwigger XSS Payloads Angle brackets and protocol" time="0">
    </testcase>
    <testcase classname="Historical Attack Payloads Database PortSwigger XSS Payloads Image tag variation" name="Historical Attack Payloads Database PortSwigger XSS Payloads Image tag variation" time="0">
    </testcase>
    <testcase classname="Historical Attack Payloads Database PortSwigger XSS Payloads SVG animate" name="Historical Attack Payloads Database PortSwigger XSS Payloads SVG animate" time="0.003">
    </testcase>
    <testcase classname="Historical Attack Payloads Database Path Traversal Payloads Database Standard traversal sequences" name="Historical Attack Payloads Database Path Traversal Payloads Database Standard traversal sequences" time="0">
    </testcase>
  </testsuite>
  <testsuite name="Metrics Module Tests" errors="0" failures="0" skipped="0" timestamp="2025-12-20T07:16:37" time="0.125" tests="56">
    <testcase classname="Metrics Module Tests normalizeRoute() should normalize favicon routes with query params" name="Metrics Module Tests normalizeRoute() should normalize favicon routes with query params" time="0">
    </testcase>
    <testcase classname="Metrics Module Tests normalizeRoute() should normalize claude-status routes" name="Metrics Module Tests normalizeRoute() should normalize claude-status routes" time="0">
    </testcase>
    <testcase classname="Metrics Module Tests normalizeRoute() should normalize favicon-api routes" name="Metrics Module Tests normalizeRoute() should normalize favicon-api routes" time="0">
    </testcase>
    <testcase classname="Metrics Module Tests normalizeRoute() should preserve health check routes" name="Metrics Module Tests normalizeRoute() should preserve health check routes" time="0">
    </testcase>
    <testcase classname="Metrics Module Tests normalizeRoute() should preserve admin routes" name="Metrics Module Tests normalizeRoute() should preserve admin routes" time="0.001">
    </testcase>
    <testcase classname="Metrics Module Tests normalizeRoute() should preserve notification routes" name="Metrics Module Tests normalizeRoute() should preserve notification routes" time="0">
    </testcase>
    <testcase classname="Metrics Module Tests normalizeRoute() should preserve paste routes" name="Metrics Module Tests normalizeRoute() should preserve paste routes" time="0">
    </testcase>
    <testcase classname="Metrics Module Tests normalizeRoute() should preserve download routes" name="Metrics Module Tests normalizeRoute() should preserve download routes" time="0">
    </testcase>
    <testcase classname="Metrics Module Tests normalizeRoute() should preserve metrics route" name="Metrics Module Tests normalizeRoute() should preserve metrics route" time="0">
    </testcase>
    <testcase classname="Metrics Module Tests normalizeRoute() should normalize project-info route" name="Metrics Module Tests normalizeRoute() should normalize project-info route" time="0">
    </testcase>
    <testcase classname="Metrics Module Tests normalizeRoute() should handle routes without query params" name="Metrics Module Tests normalizeRoute() should handle routes without query params" time="0">
    </testcase>
    <testcase classname="Metrics Module Tests normalizeRoute() should handle routes with trailing slashes" name="Metrics Module Tests normalizeRoute() should handle routes with trailing slashes" time="0">
    </testcase>
    <testcase classname="Metrics Module Tests normalizeRoute() should handle empty route" name="Metrics Module Tests normalizeRoute() should handle empty route" time="0">
    </testcase>
    <testcase classname="Metrics Module Tests normalizeRoute() should handle root route" name="Metrics Module Tests normalizeRoute() should handle root route" time="0">
    </testcase>
    <testcase classname="Metrics Module Tests normalizeRoute() should handle routes with multiple query params" name="Metrics Module Tests normalizeRoute() should handle routes with multiple query params" time="0">
    </testcase>
    <testcase classname="Metrics Module Tests normalizeRoute() should handle routes with hash fragments" name="Metrics Module Tests normalizeRoute() should handle routes with hash fragments" time="0">
    </testcase>
    <testcase classname="Metrics Module Tests normalizeRoute() should handle routes with both query and hash" name="Metrics Module Tests normalizeRoute() should handle routes with both query and hash" time="0">
    </testcase>
    <testcase classname="Metrics Module Tests normalizeRoute() should handle unknown routes" name="Metrics Module Tests normalizeRoute() should handle unknown routes" time="0">
    </testcase>
    <testcase classname="Metrics Module Tests normalizeRoute() should handle routes with special characters" name="Metrics Module Tests normalizeRoute() should handle routes with special characters" time="0.001">
    </testcase>
    <testcase classname="Metrics Module Tests normalizeRoute() should handle very long routes" name="Metrics Module Tests normalizeRoute() should handle very long routes" time="0">
    </testcase>
    <testcase classname="Metrics Module Tests normalizeRoute() should normalize SSE notification stream route" name="Metrics Module Tests normalizeRoute() should normalize SSE notification stream route" time="0">
    </testcase>
    <testcase classname="Metrics Module Tests Metrics Objects should export httpRequestDuration histogram" name="Metrics Module Tests Metrics Objects should export httpRequestDuration histogram" time="0">
    </testcase>
    <testcase classname="Metrics Module Tests Metrics Objects should export httpRequestsTotal counter" name="Metrics Module Tests Metrics Objects should export httpRequestsTotal counter" time="0">
    </testcase>
    <testcase classname="Metrics Module Tests Metrics Objects should export sseConnectionsActive gauge" name="Metrics Module Tests Metrics Objects should export sseConnectionsActive gauge" time="0">
    </testcase>
    <testcase classname="Metrics Module Tests Metrics Objects should allow histogram observations" name="Metrics Module Tests Metrics Objects should allow histogram observations" time="0">
    </testcase>
    <testcase classname="Metrics Module Tests Metrics Objects should allow counter increments" name="Metrics Module Tests Metrics Objects should allow counter increments" time="0">
    </testcase>
    <testcase classname="Metrics Module Tests Metrics Objects should allow gauge updates" name="Metrics Module Tests Metrics Objects should allow gauge updates" time="0">
    </testcase>
    <testcase classname="Metrics Module Tests Metrics Objects should allow gauge increments" name="Metrics Module Tests Metrics Objects should allow gauge increments" time="0.001">
    </testcase>
    <testcase classname="Metrics Module Tests Metrics Objects should allow gauge decrements" name="Metrics Module Tests Metrics Objects should allow gauge decrements" time="0">
    </testcase>
    <testcase classname="Metrics Module Tests Route Normalization Edge Cases should handle null route" name="Metrics Module Tests Route Normalization Edge Cases should handle null route" time="0">
    </testcase>
    <testcase classname="Metrics Module Tests Route Normalization Edge Cases should handle undefined route" name="Metrics Module Tests Route Normalization Edge Cases should handle undefined route" time="0">
    </testcase>
    <testcase classname="Metrics Module Tests Route Normalization Edge Cases should handle route with only query params" name="Metrics Module Tests Route Normalization Edge Cases should handle route with only query params" time="0">
    </testcase>
    <testcase classname="Metrics Module Tests Route Normalization Edge Cases should handle route with encoded characters" name="Metrics Module Tests Route Normalization Edge Cases should handle route with encoded characters" time="0">
    </testcase>
    <testcase classname="Metrics Module Tests Route Normalization Edge Cases should handle route with multiple slashes" name="Metrics Module Tests Route Normalization Edge Cases should handle route with multiple slashes" time="0">
    </testcase>
    <testcase classname="Metrics Module Tests Route Normalization Edge Cases should handle route with trailing question mark" name="Metrics Module Tests Route Normalization Edge Cases should handle route with trailing question mark" time="0">
    </testcase>
    <testcase classname="Metrics Module Tests Route Normalization Edge Cases should handle route with empty query param" name="Metrics Module Tests Route Normalization Edge Cases should handle route with empty query param" time="0">
    </testcase>
    <testcase classname="Metrics Module Tests Route Normalization Edge Cases should handle route with query param without value" name="Metrics Module Tests Route Normalization Edge Cases should handle route with query param without value" time="0">
    </testcase>
    <testcase classname="Metrics Module Tests Route Normalization Edge Cases should handle route with ampersand but no params" name="Metrics Module Tests Route Normalization Edge Cases should handle route with ampersand but no params" time="0">
    </testcase>
    <testcase classname="Metrics Module Tests Route Normalization Edge Cases should preserve case sensitivity" name="Metrics Module Tests Route Normalization Edge Cases should preserve case sensitivity" time="0">
    </testcase>
    <testcase classname="Metrics Module Tests Route Normalization Edge Cases should handle route with Unicode characters" name="Metrics Module Tests Route Normalization Edge Cases should handle route with Unicode characters" time="0">
    </testcase>
    <testcase classname="Metrics Module Tests Route Normalization Edge Cases should handle route with emoji" name="Metrics Module Tests Route Normalization Edge Cases should handle route with emoji" time="0">
    </testcase>
    <testcase classname="Metrics Module Tests Metrics Labels should support GET method label" name="Metrics Module Tests Metrics Labels should support GET method label" time="0">
    </testcase>
    <testcase classname="Metrics Module Tests Metrics Labels should support POST method label" name="Metrics Module Tests Metrics Labels should support POST method label" time="0">
    </testcase>
    <testcase classname="Metrics Module Tests Metrics Labels should support PUT method label" name="Metrics Module Tests Metrics Labels should support PUT method label" time="0">
    </testcase>
    <testcase classname="Metrics Module Tests Metrics Labels should support DELETE method label" name="Metrics Module Tests Metrics Labels should support DELETE method label" time="0">
    </testcase>
    <testcase classname="Metrics Module Tests Metrics Labels should support various status codes" name="Metrics Module Tests Metrics Labels should support various status codes" time="0">
    </testcase>
    <testcase classname="Metrics Module Tests Metrics Labels should track different routes separately" name="Metrics Module Tests Metrics Labels should track different routes separately" time="0">
    </testcase>
    <testcase classname="Metrics Module Tests Performance Metrics should record request durations in seconds" name="Metrics Module Tests Performance Metrics should record request durations in seconds" time="0">
    </testcase>
    <testcase classname="Metrics Module Tests Performance Metrics should handle very small durations" name="Metrics Module Tests Performance Metrics should handle very small durations" time="0">
    </testcase>
    <testcase classname="Metrics Module Tests Performance Metrics should handle very large durations" name="Metrics Module Tests Performance Metrics should handle very large durations" time="0">
    </testcase>
    <testcase classname="Metrics Module Tests Performance Metrics should track zero duration" name="Metrics Module Tests Performance Metrics should track zero duration" time="0.001">
    </testcase>
    <testcase classname="Metrics Module Tests SSE Connection Tracking should track connection increments" name="Metrics Module Tests SSE Connection Tracking should track connection increments" time="0">
    </testcase>
    <testcase classname="Metrics Module Tests SSE Connection Tracking should track connection decrements" name="Metrics Module Tests SSE Connection Tracking should track connection decrements" time="0">
    </testcase>
    <testcase classname="Metrics Module Tests SSE Connection Tracking should allow setting absolute connection count" name="Metrics Module Tests SSE Connection Tracking should allow setting absolute connection count" time="0">
    </testcase>
    <testcase classname="Metrics Module Tests SSE Connection Tracking should handle zero connections" name="Metrics Module Tests SSE Connection Tracking should handle zero connections" time="0">
    </testcase>
    <testcase classname="Metrics Module Tests SSE Connection Tracking should handle large connection counts" name="Metrics Module Tests SSE Connection Tracking should handle large connection counts" time="0">
    </testcase>
  </testsuite>
  <testsuite name="OWASP A01:2021 - Broken Access Control" errors="0" failures="0" skipped="0" timestamp="2025-12-20T07:16:37" time="0.125" tests="45">
    <testcase classname="OWASP A01:2021 - Broken Access Control Path Traversal Prevention (CWE-22) Basic directory traversal patterns" name="OWASP A01:2021 - Broken Access Control Path Traversal Prevention (CWE-22) Basic directory traversal patterns" time="0.001">
    </testcase>
    <testcase classname="OWASP A01:2021 - Broken Access Control Path Traversal Prevention (CWE-22) URL-encoded traversal attempts" name="OWASP A01:2021 - Broken Access Control Path Traversal Prevention (CWE-22) URL-encoded traversal attempts" time="0">
    </testcase>
    <testcase classname="OWASP A01:2021 - Broken Access Control Path Traversal Prevention (CWE-22) Null byte injection (CWE-158)" name="OWASP A01:2021 - Broken Access Control Path Traversal Prevention (CWE-22) Null byte injection (CWE-158)" time="0">
    </testcase>
    <testcase classname="OWASP A01:2021 - Broken Access Control Path Traversal Prevention (CWE-22) Path prefix confusion attacks" name="OWASP A01:2021 - Broken Access Control Path Traversal Prevention (CWE-22) Path prefix confusion attacks" time="0">
    </testcase>
    <testcase classname="OWASP A01:2021 - Broken Access Control Path Traversal Prevention (CWE-22) Critical system files should be blocked" name="OWASP A01:2021 - Broken Access Control Path Traversal Prevention (CWE-22) Critical system files should be blocked" time="0.001">
    </testcase>
    <testcase classname="OWASP A01:2021 - Broken Access Control Symlink Attack Prevention (CWE-61) Symlinks resolving outside allowed paths should be rejected" name="OWASP A01:2021 - Broken Access Control Symlink Attack Prevention (CWE-61) Symlinks resolving outside allowed paths should be rejected" time="0">
    </testcase>
    <testcase classname="OWASP A03:2021 - Injection Cross-Site Scripting (XSS) in SVG (CWE-79) Script tag injection prevention" name="OWASP A03:2021 - Injection Cross-Site Scripting (XSS) in SVG (CWE-79) Script tag injection prevention" time="0">
    </testcase>
    <testcase classname="OWASP A03:2021 - Injection Cross-Site Scripting (XSS) in SVG (CWE-79) Event handler injection prevention" name="OWASP A03:2021 - Injection Cross-Site Scripting (XSS) in SVG (CWE-79) Event handler injection prevention" time="0.001">
    </testcase>
    <testcase classname="OWASP A03:2021 - Injection Cross-Site Scripting (XSS) in SVG (CWE-79) JavaScript protocol injection prevention" name="OWASP A03:2021 - Injection Cross-Site Scripting (XSS) in SVG (CWE-79) JavaScript protocol injection prevention" time="0">
    </testcase>
    <testcase classname="OWASP A03:2021 - Injection Cross-Site Scripting (XSS) in SVG (CWE-79) Data URI XSS prevention" name="OWASP A03:2021 - Injection Cross-Site Scripting (XSS) in SVG (CWE-79) Data URI XSS prevention" time="0">
    </testcase>
    <testcase classname="OWASP A03:2021 - Injection Cross-Site Scripting (XSS) in SVG (CWE-79) Polyglot XSS prevention" name="OWASP A03:2021 - Injection Cross-Site Scripting (XSS) in SVG (CWE-79) Polyglot XSS prevention" time="0">
    </testcase>
    <testcase classname="OWASP A03:2021 - Injection Cross-Site Scripting (XSS) in SVG (CWE-79) Entity encoding bypass prevention" name="OWASP A03:2021 - Injection Cross-Site Scripting (XSS) in SVG (CWE-79) Entity encoding bypass prevention" time="0">
    </testcase>
    <testcase classname="OWASP A03:2021 - Injection Cross-Site Scripting (XSS) in SVG (CWE-79) OWASP XSS Filter Evasion cheatsheet examples" name="OWASP A03:2021 - Injection Cross-Site Scripting (XSS) in SVG (CWE-79) OWASP XSS Filter Evasion cheatsheet examples" time="0.001">
    </testcase>
    <testcase classname="OWASP A03:2021 - Injection SVG-specific injection vectors SVG tag manipulation" name="OWASP A03:2021 - Injection SVG-specific injection vectors SVG tag manipulation" time="0">
    </testcase>
    <testcase classname="OWASP A03:2021 - Injection SVG-specific injection vectors Color injection prevention" name="OWASP A03:2021 - Injection SVG-specific injection vectors Color injection prevention" time="0">
    </testcase>
    <testcase classname="OWASP A05:2021 - Security Misconfiguration CORS Misconfiguration Prevention (CWE-942) Wildcard origin should be rejected" name="OWASP A05:2021 - Security Misconfiguration CORS Misconfiguration Prevention (CWE-942) Wildcard origin should be rejected" time="0">
    </testcase>
    <testcase classname="OWASP A05:2021 - Security Misconfiguration CORS Misconfiguration Prevention (CWE-942) Null origin should be rejected" name="OWASP A05:2021 - Security Misconfiguration CORS Misconfiguration Prevention (CWE-942) Null origin should be rejected" time="0">
    </testcase>
    <testcase classname="OWASP A05:2021 - Security Misconfiguration CORS Misconfiguration Prevention (CWE-942) File protocol should be rejected" name="OWASP A05:2021 - Security Misconfiguration CORS Misconfiguration Prevention (CWE-942) File protocol should be rejected" time="0.001">
    </testcase>
    <testcase classname="OWASP A05:2021 - Security Misconfiguration CORS Misconfiguration Prevention (CWE-942) Subdomain confusion attacks" name="OWASP A05:2021 - Security Misconfiguration CORS Misconfiguration Prevention (CWE-942) Subdomain confusion attacks" time="0">
    </testcase>
    <testcase classname="OWASP A05:2021 - Security Misconfiguration CORS Misconfiguration Prevention (CWE-942) Protocol confusion attacks" name="OWASP A05:2021 - Security Misconfiguration CORS Misconfiguration Prevention (CWE-942) Protocol confusion attacks" time="0">
    </testcase>
    <testcase classname="OWASP A05:2021 - Security Misconfiguration CORS Misconfiguration Prevention (CWE-942) Port variation attacks" name="OWASP A05:2021 - Security Misconfiguration CORS Misconfiguration Prevention (CWE-942) Port variation attacks" time="0">
    </testcase>
    <testcase classname="OWASP A05:2021 - Security Misconfiguration CORS Misconfiguration Prevention (CWE-942) URL encoding bypass attempts" name="OWASP A05:2021 - Security Misconfiguration CORS Misconfiguration Prevention (CWE-942) URL encoding bypass attempts" time="0">
    </testcase>
    <testcase classname="OWASP A08:2021 - Software and Data Integrity Failures Input validation and sanitization integrity Defense-in-depth: Multiple layers of validation" name="OWASP A08:2021 - Software and Data Integrity Failures Input validation and sanitization integrity Defense-in-depth: Multiple layers of validation" time="0">
    </testcase>
    <testcase classname="OWASP A08:2021 - Software and Data Integrity Failures Input validation and sanitization integrity Type coercion attacks" name="OWASP A08:2021 - Software and Data Integrity Failures Input validation and sanitization integrity Type coercion attacks" time="0">
    </testcase>
    <testcase classname="OWASP A08:2021 - Software and Data Integrity Failures Input validation and sanitization integrity Length limits prevent DoS" name="OWASP A08:2021 - Software and Data Integrity Failures Input validation and sanitization integrity Length limits prevent DoS" time="0">
    </testcase>
    <testcase classname="OWASP A08:2021 - Software and Data Integrity Failures Unrestricted File Upload Prevention (CWE-434) Documentation: File upload security requirements" name="OWASP A08:2021 - Software and Data Integrity Failures Unrestricted File Upload Prevention (CWE-434) Documentation: File upload security requirements" time="0">
    </testcase>
    <testcase classname="OWASP A08:2021 - Software and Data Integrity Failures Unrestricted File Upload Prevention (CWE-434) Magic byte validation prevents MIME type spoofing" name="OWASP A08:2021 - Software and Data Integrity Failures Unrestricted File Upload Prevention (CWE-434) Magic byte validation prevents MIME type spoofing" time="0">
    </testcase>
    <testcase classname="OWASP A08:2021 - Software and Data Integrity Failures Unrestricted File Upload Prevention (CWE-434) File extension determined by detected content, not client input" name="OWASP A08:2021 - Software and Data Integrity Failures Unrestricted File Upload Prevention (CWE-434) File extension determined by detected content, not client input" time="0">
    </testcase>
    <testcase classname="OWASP A08:2021 - Software and Data Integrity Failures Unrestricted File Upload Prevention (CWE-434) No full path disclosure in API responses" name="OWASP A08:2021 - Software and Data Integrity Failures Unrestricted File Upload Prevention (CWE-434) No full path disclosure in API responses" time="0">
    </testcase>
    <testcase classname="Regression Tests - Fixed Vulnerabilities CVE-YYYY-XXXX: Path Traversal (CVSS 9.1) Original exploit should be blocked" name="Regression Tests - Fixed Vulnerabilities CVE-YYYY-XXXX: Path Traversal (CVSS 9.1) Original exploit should be blocked" time="0.001">
    </testcase>
    <testcase classname="Regression Tests - Fixed Vulnerabilities CVE-YYYY-XXXX: Path Traversal (CVSS 9.1) Variations of original exploit" name="Regression Tests - Fixed Vulnerabilities CVE-YYYY-XXXX: Path Traversal (CVSS 9.1) Variations of original exploit" time="0">
    </testcase>
    <testcase classname="Regression Tests - Fixed Vulnerabilities CVE-YYYY-XXXY: XSS in SVG favicon (CVSS 8.8) Original exploit should be prevented" name="Regression Tests - Fixed Vulnerabilities CVE-YYYY-XXXY: XSS in SVG favicon (CVSS 8.8) Original exploit should be prevented" time="0">
    </testcase>
    <testcase classname="Regression Tests - Fixed Vulnerabilities CVE-YYYY-XXXY: XSS in SVG favicon (CVSS 8.8) SVG event handler exploit should be prevented" name="Regression Tests - Fixed Vulnerabilities CVE-YYYY-XXXY: XSS in SVG favicon (CVSS 8.8) SVG event handler exploit should be prevented" time="0">
    </testcase>
    <testcase classname="Regression Tests - Fixed Vulnerabilities CVE-YYYY-XXXZ: Unrestricted File Upload (CVSS 9.1) MIME type spoofing attack should be prevented" name="Regression Tests - Fixed Vulnerabilities CVE-YYYY-XXXZ: Unrestricted File Upload (CVSS 9.1) MIME type spoofing attack should be prevented" time="0">
    </testcase>
    <testcase classname="Regression Tests - Fixed Vulnerabilities CVE-YYYY-XXXZ: Unrestricted File Upload (CVSS 9.1) Information disclosure via full path should be prevented" name="Regression Tests - Fixed Vulnerabilities CVE-YYYY-XXXZ: Unrestricted File Upload (CVSS 9.1) Information disclosure via full path should be prevented" time="0">
    </testcase>
    <testcase classname="Regression Tests - Fixed Vulnerabilities CORS misconfiguration regression Wildcard was never allowed, should stay blocked" name="Regression Tests - Fixed Vulnerabilities CORS misconfiguration regression Wildcard was never allowed, should stay blocked" time="0">
    </testcase>
    <testcase classname="Regression Tests - Fixed Vulnerabilities CORS misconfiguration regression Unknown origins should never receive CORS headers" name="Regression Tests - Fixed Vulnerabilities CORS misconfiguration regression Unknown origins should never receive CORS headers" time="0">
    </testcase>
    <testcase classname="Security Headers and Response Validation Content-Type enforcement SVG response should have correct content type" name="Security Headers and Response Validation Content-Type enforcement SVG response should have correct content type" time="0">
    </testcase>
    <testcase classname="Security Headers and Response Validation Cache control for dynamic content Dynamic SVGs should not be cached insecurely" name="Security Headers and Response Validation Cache control for dynamic content Dynamic SVGs should not be cached insecurely" time="0">
    </testcase>
    <testcase classname="Edge Cases and Boundary Conditions Empty inputs should be handled safely" name="Edge Cases and Boundary Conditions Empty inputs should be handled safely" time="0">
    </testcase>
    <testcase classname="Edge Cases and Boundary Conditions Very long inputs should not cause DoS" name="Edge Cases and Boundary Conditions Very long inputs should not cause DoS" time="0.001">
    </testcase>
    <testcase classname="Edge Cases and Boundary Conditions Unicode and special characters" name="Edge Cases and Boundary Conditions Unicode and special characters" time="0">
    </testcase>
    <testcase classname="Edge Cases and Boundary Conditions Whitespace variations" name="Edge Cases and Boundary Conditions Whitespace variations" time="0">
    </testcase>
    <testcase classname="Integration: Full Request Flow End-to-end security validation" name="Integration: Full Request Flow End-to-end security validation" time="0">
    </testcase>
    <testcase classname="Integration: Full Request Flow Valid inputs should pass all checks" name="Integration: Full Request Flow Valid inputs should pass all checks" time="0">
    </testcase>
  </testsuite>
  <testsuite name="tab-manager" errors="0" failures="0" skipped="0" timestamp="2025-12-20T07:16:37" time="0.121" tests="24">
    <testcase classname="tab-manager getNotificationId should generate stable ID from notification" name="tab-manager getNotificationId should generate stable ID from notification" time="0">
    </testcase>
    <testcase classname="tab-manager getNotificationId should return empty string for invalid notification" name="tab-manager getNotificationId should return empty string for invalid notification" time="0">
    </testcase>
    <testcase classname="tab-manager getNotificationsVersion should generate version string from notifications" name="tab-manager getNotificationsVersion should generate version string from notifications" time="0.001">
    </testcase>
    <testcase classname="tab-manager getNotificationsVersion should return same version for same notifications" name="tab-manager getNotificationsVersion should return same version for same notifications" time="0">
    </testcase>
    <testcase classname="tab-manager getNotificationsVersion should return different version for different notifications" name="tab-manager getNotificationsVersion should return different version for different notifications" time="0">
    </testcase>
    <testcase classname="tab-manager getNotificationsVersion should sort notifications for consistency" name="tab-manager getNotificationsVersion should sort notifications for consistency" time="0">
    </testcase>
    <testcase classname="tab-manager getNotificationsVersion should return empty string for empty array" name="tab-manager getNotificationsVersion should return empty string for empty array" time="0">
    </testcase>
    <testcase classname="tab-manager createTabManager updateIconBadge should set badge text for notifications" name="tab-manager createTabManager updateIconBadge should set badge text for notifications" time="0">
    </testcase>
    <testcase classname="tab-manager createTabManager updateIconBadge should clear badge when no notifications" name="tab-manager createTabManager updateIconBadge should clear badge when no notifications" time="0">
    </testcase>
    <testcase classname="tab-manager createTabManager handleTerminalStateChange should track terminal opened" name="tab-manager createTabManager handleTerminalStateChange should track terminal opened" time="0.001">
    </testcase>
    <testcase classname="tab-manager createTabManager handleTerminalStateChange should track terminal closed" name="tab-manager createTabManager handleTerminalStateChange should track terminal closed" time="0">
    </testcase>
    <testcase classname="tab-manager createTabManager handleTerminalStateChange should track multiple terminals" name="tab-manager createTabManager handleTerminalStateChange should track multiple terminals" time="0">
    </testcase>
    <testcase classname="tab-manager createTabManager getFilteredNotifications should return empty when no active terminals" name="tab-manager createTabManager getFilteredNotifications should return empty when no active terminals" time="0">
    </testcase>
    <testcase classname="tab-manager createTabManager getFilteredNotifications should return notifications for active terminals" name="tab-manager createTabManager getFilteredNotifications should return notifications for active terminals" time="0">
    </testcase>
    <testcase classname="tab-manager createTabManager getFilteredNotifications should normalize folder paths for matching" name="tab-manager createTabManager getFilteredNotifications should normalize folder paths for matching" time="0.001">
    </testcase>
    <testcase classname="tab-manager createTabManager switchToTab should switch to tab with exact folder match" name="tab-manager createTabManager switchToTab should switch to tab with exact folder match" time="0">
    </testcase>
    <testcase classname="tab-manager createTabManager switchToTab should switch to tab with partial folder match" name="tab-manager createTabManager switchToTab should switch to tab with partial folder match" time="0">
    </testcase>
    <testcase classname="tab-manager createTabManager switchToTab should return error when tab not found" name="tab-manager createTabManager switchToTab should return error when tab not found" time="0">
    </testcase>
    <testcase classname="tab-manager createTabManager switchToTab should normalize folder paths for matching" name="tab-manager createTabManager switchToTab should normalize folder paths for matching" time="0">
    </testcase>
    <testcase classname="tab-manager createTabManager switchToTab should efficiently handle multiple tabs with single-pass indexing" name="tab-manager createTabManager switchToTab should efficiently handle multiple tabs with single-pass indexing" time="0">
    </testcase>
    <testcase classname="tab-manager createTabManager switchToTab should skip tabs without folder parameter" name="tab-manager createTabManager switchToTab should skip tabs without folder parameter" time="0">
    </testcase>
    <testcase classname="tab-manager createTabManager handleTabRemoved should remove terminal tracking for closed tab" name="tab-manager createTabManager handleTabRemoved should remove terminal tracking for closed tab" time="0">
    </testcase>
    <testcase classname="tab-manager createTabManager broadcastNotifications should send messages to all VS Code tabs" name="tab-manager createTabManager broadcastNotifications should send messages to all VS Code tabs" time="0">
    </testcase>
    <testcase classname="tab-manager createTabManager broadcastNotifications should handle sendMessage errors gracefully" name="tab-manager createTabManager broadcastNotifications should handle sendMessage errors gracefully" time="0">
    </testcase>
  </testsuite>
  <testsuite name="Extension Notification Deduplication" errors="0" failures="0" skipped="0" timestamp="2025-12-20T07:16:37" time="0.116" tests="20">
    <testcase classname="Extension Notification Deduplication getNotificationId should generate stable ID from folder and timestamp" name="Extension Notification Deduplication getNotificationId should generate stable ID from folder and timestamp" time="0">
    </testcase>
    <testcase classname="Extension Notification Deduplication getNotificationId should return empty string for null notification" name="Extension Notification Deduplication getNotificationId should return empty string for null notification" time="0">
    </testcase>
    <testcase classname="Extension Notification Deduplication getNotificationId should return empty string for notification without folder" name="Extension Notification Deduplication getNotificationId should return empty string for notification without folder" time="0">
    </testcase>
    <testcase classname="Extension Notification Deduplication getNotificationId should generate same ID for notifications with same folder and timestamp" name="Extension Notification Deduplication getNotificationId should generate same ID for notifications with same folder and timestamp" time="0">
    </testcase>
    <testcase classname="Extension Notification Deduplication getNotificationId should generate different IDs for different folders" name="Extension Notification Deduplication getNotificationId should generate different IDs for different folders" time="0">
    </testcase>
    <testcase classname="Extension Notification Deduplication getNotificationId should generate different IDs for different timestamps" name="Extension Notification Deduplication getNotificationId should generate different IDs for different timestamps" time="0">
    </testcase>
    <testcase classname="Extension Notification Deduplication getNotificationsVersion should return empty string for empty array" name="Extension Notification Deduplication getNotificationsVersion should return empty string for empty array" time="0">
    </testcase>
    <testcase classname="Extension Notification Deduplication getNotificationsVersion should return empty string for null" name="Extension Notification Deduplication getNotificationsVersion should return empty string for null" time="0">
    </testcase>
    <testcase classname="Extension Notification Deduplication getNotificationsVersion should generate version string for single notification" name="Extension Notification Deduplication getNotificationsVersion should generate version string for single notification" time="0">
    </testcase>
    <testcase classname="Extension Notification Deduplication getNotificationsVersion should generate version string for multiple notifications" name="Extension Notification Deduplication getNotificationsVersion should generate version string for multiple notifications" time="0">
    </testcase>
    <testcase classname="Extension Notification Deduplication getNotificationsVersion should generate same version regardless of array order (QUA-020 fix)" name="Extension Notification Deduplication getNotificationsVersion should generate same version regardless of array order (QUA-020 fix)" time="0">
    </testcase>
    <testcase classname="Extension Notification Deduplication getNotificationsVersion should generate same version regardless of JSON key order (QUA-020 fix)" name="Extension Notification Deduplication getNotificationsVersion should generate same version regardless of JSON key order (QUA-020 fix)" time="0">
    </testcase>
    <testcase classname="Extension Notification Deduplication getNotificationsVersion should detect change when notification added" name="Extension Notification Deduplication getNotificationsVersion should detect change when notification added" time="0">
    </testcase>
    <testcase classname="Extension Notification Deduplication getNotificationsVersion should detect change when notification removed" name="Extension Notification Deduplication getNotificationsVersion should detect change when notification removed" time="0">
    </testcase>
    <testcase classname="Extension Notification Deduplication getNotificationsVersion should detect change when notification updated (new timestamp)" name="Extension Notification Deduplication getNotificationsVersion should detect change when notification updated (new timestamp)" time="0">
    </testcase>
    <testcase classname="Extension Notification Deduplication getNotificationsVersion should filter out notifications without folder" name="Extension Notification Deduplication getNotificationsVersion should filter out notifications without folder" time="0">
    </testcase>
    <testcase classname="Extension Notification Deduplication getNotificationsVersion should handle complex notification set with multiple projects" name="Extension Notification Deduplication getNotificationsVersion should handle complex notification set with multiple projects" time="0">
    </testcase>
    <testcase classname="Extension Notification Deduplication Integration: Change Detection should not trigger false change when server returns notifications in different order" name="Extension Notification Deduplication Integration: Change Detection should not trigger false change when server returns notifications in different order" time="0">
    </testcase>
    <testcase classname="Extension Notification Deduplication Integration: Change Detection should not trigger false change when JSON key order differs" name="Extension Notification Deduplication Integration: Change Detection should not trigger false change when JSON key order differs" time="0">
    </testcase>
    <testcase classname="Extension Notification Deduplication Integration: Change Detection should detect real changes when notification content updates" name="Extension Notification Deduplication Integration: Change Detection should detect real changes when notification content updates" time="0">
    </testcase>
  </testsuite>
  <testsuite name="IP Validation - Native net module (QUA-003, QUA-002)" errors="0" failures="0" skipped="0" timestamp="2025-12-20T07:16:37" time="0.121" tests="15">
    <testcase classname="IP Validation - Native net module (QUA-003, QUA-002) IPv4 Validation (QUA-003) should accept valid IPv4 localhost using net.isIPv4()" name="IP Validation - Native net module (QUA-003, QUA-002) IPv4 Validation (QUA-003) should accept valid IPv4 localhost using net.isIPv4()" time="0">
    </testcase>
    <testcase classname="IP Validation - Native net module (QUA-003, QUA-002) IPv4 Validation (QUA-003) should accept valid IPv4 addresses" name="IP Validation - Native net module (QUA-003, QUA-002) IPv4 Validation (QUA-003) should accept valid IPv4 addresses" time="0">
    </testcase>
    <testcase classname="IP Validation - Native net module (QUA-003, QUA-002) IPv4 Validation (QUA-003) should reject invalid IPv4 addresses" name="IP Validation - Native net module (QUA-003, QUA-002) IPv4 Validation (QUA-003) should reject invalid IPv4 addresses" time="0">
    </testcase>
    <testcase classname="IP Validation - Native net module (QUA-003, QUA-002) IPv4 Validation (QUA-003) should handle IPv4 with leading/trailing spaces after trim" name="IP Validation - Native net module (QUA-003, QUA-002) IPv4 Validation (QUA-003) should handle IPv4 with leading/trailing spaces after trim" time="0">
    </testcase>
    <testcase classname="IP Validation - Native net module (QUA-003, QUA-002) IPv6 Validation (QUA-002) should accept valid IPv6 localhost using net.isIPv6()" name="IP Validation - Native net module (QUA-003, QUA-002) IPv6 Validation (QUA-002) should accept valid IPv6 localhost using net.isIPv6()" time="0">
    </testcase>
    <testcase classname="IP Validation - Native net module (QUA-003, QUA-002) IPv6 Validation (QUA-002) should accept valid IPv6 addresses" name="IP Validation - Native net module (QUA-003, QUA-002) IPv6 Validation (QUA-002) should accept valid IPv6 addresses" time="0">
    </testcase>
    <testcase classname="IP Validation - Native net module (QUA-003, QUA-002) IPv6 Validation (QUA-002) should reject invalid IPv6 addresses" name="IP Validation - Native net module (QUA-003, QUA-002) IPv6 Validation (QUA-002) should reject invalid IPv6 addresses" time="0">
    </testcase>
    <testcase classname="IP Validation - Native net module (QUA-003, QUA-002) IPv6 Validation (QUA-002) should handle IPv6 with leading/trailing spaces after trim" name="IP Validation - Native net module (QUA-003, QUA-002) IPv6 Validation (QUA-002) should handle IPv6 with leading/trailing spaces after trim" time="0">
    </testcase>
    <testcase classname="IP Validation - Native net module (QUA-003, QUA-002) Security: No Regex ReDoS Vulnerability (QUA-002, QUA-003) should not timeout on complex invalid IP patterns" name="IP Validation - Native net module (QUA-003, QUA-002) Security: No Regex ReDoS Vulnerability (QUA-002, QUA-003) should not timeout on complex invalid IP patterns" time="0.001">
    </testcase>
    <testcase classname="IP Validation - Native net module (QUA-003, QUA-002) Security: No Regex ReDoS Vulnerability (QUA-002, QUA-003) should handle extremely long strings efficiently" name="IP Validation - Native net module (QUA-003, QUA-002) Security: No Regex ReDoS Vulnerability (QUA-002, QUA-003) should handle extremely long strings efficiently" time="0">
    </testcase>
    <testcase classname="IP Validation - Native net module (QUA-003, QUA-002) Edge Cases should handle null and undefined" name="IP Validation - Native net module (QUA-003, QUA-002) Edge Cases should handle null and undefined" time="0">
    </testcase>
    <testcase classname="IP Validation - Native net module (QUA-003, QUA-002) Edge Cases should handle non-string types" name="IP Validation - Native net module (QUA-003, QUA-002) Edge Cases should handle non-string types" time="0">
    </testcase>
    <testcase classname="IP Validation - Native net module (QUA-003, QUA-002) Edge Cases should differentiate between IPv4 and IPv6" name="IP Validation - Native net module (QUA-003, QUA-002) Edge Cases should differentiate between IPv4 and IPv6" time="0">
    </testcase>
    <testcase classname="IP Validation - Native net module (QUA-003, QUA-002) Integration: isValidIP function behavior net.isIPv4() and net.isIPv6() return boolean values" name="IP Validation - Native net module (QUA-003, QUA-002) Integration: isValidIP function behavior net.isIPv4() and net.isIPv6() return boolean values" time="0.001">
    </testcase>
    <testcase classname="IP Validation - Native net module (QUA-003, QUA-002) Integration: isValidIP function behavior boolean OR logic works correctly for isValidIP pattern" name="IP Validation - Native net module (QUA-003, QUA-002) Integration: isValidIP function behavior boolean OR logic works correctly for isValidIP pattern" time="0">
    </testcase>
  </testsuite>
  <testsuite name="Compression Middleware" errors="0" failures="0" skipped="0" timestamp="2025-12-20T07:16:37" time="0.12" tests="6">
    <testcase classname="Compression Middleware setupCompression should create compression middleware" name="Compression Middleware setupCompression should create compression middleware" time="0">
    </testcase>
    <testcase classname="Compression Middleware setupCompression should return a function with arity 3 (req, res, next)" name="Compression Middleware setupCompression should return a function with arity 3 (req, res, next)" time="0">
    </testcase>
    <testcase classname="Compression Middleware setupCompression should create middleware that can be called" name="Compression Middleware setupCompression should create middleware that can be called" time="0">
    </testcase>
    <testcase classname="Compression Middleware setupCompression should bypass compression when x-no-compression header is present" name="Compression Middleware setupCompression should bypass compression when x-no-compression header is present" time="0.001">
    </testcase>
    <testcase classname="Compression Middleware setupCompression should handle requests without x-no-compression header" name="Compression Middleware setupCompression should handle requests without x-no-compression header" time="0">
    </testcase>
    <testcase classname="Compression Middleware setupCompression should handle multiple invocations" name="Compression Middleware setupCompression should handle multiple invocations" time="0">
    </testcase>
  </testsuite>
  <testsuite name="terminal-selectors" errors="0" failures="0" skipped="0" timestamp="2025-12-20T07:16:38" time="0.125" tests="46">
    <testcase classname="terminal-selectors TERMINAL_INPUT_SELECTORS should include primary xterm-helper-textarea selector" name="terminal-selectors TERMINAL_INPUT_SELECTORS should include primary xterm-helper-textarea selector" time="0.001">
    </testcase>
    <testcase classname="terminal-selectors TERMINAL_INPUT_SELECTORS should include fallback selectors" name="terminal-selectors TERMINAL_INPUT_SELECTORS should include fallback selectors" time="0">
    </testcase>
    <testcase classname="terminal-selectors TERMINAL_INPUT_SELECTORS should have selectors in priority order" name="terminal-selectors TERMINAL_INPUT_SELECTORS should have selectors in priority order" time="0">
    </testcase>
    <testcase classname="terminal-selectors TERMINAL_CONTAINER_SELECTORS should include xterm container selectors" name="terminal-selectors TERMINAL_CONTAINER_SELECTORS should include xterm container selectors" time="0">
    </testcase>
    <testcase classname="terminal-selectors TERMINAL_CONTAINER_SELECTORS should include multiple container variants" name="terminal-selectors TERMINAL_CONTAINER_SELECTORS should include multiple container variants" time="0.001">
    </testcase>
    <testcase classname="terminal-selectors findTerminalInput should return first matching textarea element" name="terminal-selectors findTerminalInput should return first matching textarea element" time="0">
    </testcase>
    <testcase classname="terminal-selectors findTerminalInput should try fallback selectors in order" name="terminal-selectors findTerminalInput should try fallback selectors in order" time="0">
    </testcase>
    <testcase classname="terminal-selectors findTerminalInput should return null if no textarea found" name="terminal-selectors findTerminalInput should return null if no textarea found" time="0">
    </testcase>
    <testcase classname="terminal-selectors findTerminalInput should skip non-textarea elements" name="terminal-selectors findTerminalInput should skip non-textarea elements" time="0">
    </testcase>
    <testcase classname="terminal-selectors findTerminalInput should handle invalid selectors gracefully" name="terminal-selectors findTerminalInput should handle invalid selectors gracefully" time="0">
    </testcase>
    <testcase classname="terminal-selectors findTerminalInput should use document as default context" name="terminal-selectors findTerminalInput should use document as default context" time="0">
    </testcase>
    <testcase classname="terminal-selectors findAllTerminalInputs should return all matching textarea elements" name="terminal-selectors findAllTerminalInputs should return all matching textarea elements" time="0">
    </testcase>
    <testcase classname="terminal-selectors findAllTerminalInputs should deduplicate elements found by multiple selectors" name="terminal-selectors findAllTerminalInputs should deduplicate elements found by multiple selectors" time="0">
    </testcase>
    <testcase classname="terminal-selectors findAllTerminalInputs should filter out non-textarea elements" name="terminal-selectors findAllTerminalInputs should filter out non-textarea elements" time="0">
    </testcase>
    <testcase classname="terminal-selectors findAllTerminalInputs should handle invalid selectors gracefully" name="terminal-selectors findAllTerminalInputs should handle invalid selectors gracefully" time="0">
    </testcase>
    <testcase classname="terminal-selectors findAllTerminalInputs should return empty array when no inputs found" name="terminal-selectors findAllTerminalInputs should return empty array when no inputs found" time="0">
    </testcase>
    <testcase classname="terminal-selectors findAllTerminalContainers should return all matching container elements" name="terminal-selectors findAllTerminalContainers should return all matching container elements" time="0">
    </testcase>
    <testcase classname="terminal-selectors findAllTerminalContainers should deduplicate elements found by multiple selectors" name="terminal-selectors findAllTerminalContainers should deduplicate elements found by multiple selectors" time="0.001">
    </testcase>
    <testcase classname="terminal-selectors findAllTerminalContainers should handle invalid selectors gracefully" name="terminal-selectors findAllTerminalContainers should handle invalid selectors gracefully" time="0">
    </testcase>
    <testcase classname="terminal-selectors findAllTerminalContainers should return empty array when no containers found" name="terminal-selectors findAllTerminalContainers should return empty array when no containers found" time="0">
    </testcase>
    <testcase classname="terminal-selectors findAllTerminalContainers should query multiple selectors" name="terminal-selectors findAllTerminalContainers should query multiple selectors" time="0">
    </testcase>
    <testcase classname="terminal-selectors isTerminalInput should return true for element matching input selector" name="terminal-selectors isTerminalInput should return true for element matching input selector" time="0">
    </testcase>
    <testcase classname="terminal-selectors isTerminalInput should return false for element not matching any selector" name="terminal-selectors isTerminalInput should return false for element not matching any selector" time="0">
    </testcase>
    <testcase classname="terminal-selectors isTerminalInput should return false for null element" name="terminal-selectors isTerminalInput should return false for null element" time="0">
    </testcase>
    <testcase classname="terminal-selectors isTerminalInput should return false for undefined element" name="terminal-selectors isTerminalInput should return false for undefined element" time="0">
    </testcase>
    <testcase classname="terminal-selectors isTerminalInput should handle invalid selector errors" name="terminal-selectors isTerminalInput should handle invalid selector errors" time="0">
    </testcase>
    <testcase classname="terminal-selectors isTerminalInput should try all selectors until match found" name="terminal-selectors isTerminalInput should try all selectors until match found" time="0.001">
    </testcase>
    <testcase classname="terminal-selectors isTerminalContainer should return true for element matching container selector" name="terminal-selectors isTerminalContainer should return true for element matching container selector" time="0">
    </testcase>
    <testcase classname="terminal-selectors isTerminalContainer should return false for element not matching any selector" name="terminal-selectors isTerminalContainer should return false for element not matching any selector" time="0">
    </testcase>
    <testcase classname="terminal-selectors isTerminalContainer should return false for null element" name="terminal-selectors isTerminalContainer should return false for null element" time="0">
    </testcase>
    <testcase classname="terminal-selectors isTerminalContainer should return false for undefined element" name="terminal-selectors isTerminalContainer should return false for undefined element" time="0">
    </testcase>
    <testcase classname="terminal-selectors isTerminalContainer should handle invalid selector errors" name="terminal-selectors isTerminalContainer should handle invalid selector errors" time="0">
    </testcase>
    <testcase classname="terminal-selectors isTerminalContainer should try multiple selectors" name="terminal-selectors isTerminalContainer should try multiple selectors" time="0">
    </testcase>
    <testcase classname="terminal-selectors getCombinedSelectors should return combined selector string" name="terminal-selectors getCombinedSelectors should return combined selector string" time="0">
    </testcase>
    <testcase classname="terminal-selectors getCombinedSelectors should include input and container selectors" name="terminal-selectors getCombinedSelectors should include input and container selectors" time="0">
    </testcase>
    <testcase classname="terminal-selectors getCombinedSelectors should be comma-separated" name="terminal-selectors getCombinedSelectors should be comma-separated" time="0">
    </testcase>
    <testcase classname="terminal-selectors getCombinedSelectors should include all selectors" name="terminal-selectors getCombinedSelectors should include all selectors" time="0.001">
    </testcase>
    <testcase classname="terminal-selectors Selector fallback chain should have primary selector as first option" name="terminal-selectors Selector fallback chain should have primary selector as first option" time="0">
    </testcase>
    <testcase classname="terminal-selectors Selector fallback chain should have multiple fallback options" name="terminal-selectors Selector fallback chain should have multiple fallback options" time="0">
    </testcase>
    <testcase classname="terminal-selectors Selector fallback chain should handle DOM changes gracefully via fallback" name="terminal-selectors Selector fallback chain should handle DOM changes gracefully via fallback" time="0">
    </testcase>
    <testcase classname="terminal-selectors Module exports should export all required functions" name="terminal-selectors Module exports should export all required functions" time="0">
    </testcase>
    <testcase classname="terminal-selectors Module exports should export selector arrays" name="terminal-selectors Module exports should export selector arrays" time="0">
    </testcase>
    <testcase classname="terminal-selectors Module exports should export immutable selectors" name="terminal-selectors Module exports should export immutable selectors" time="0">
    </testcase>
    <testcase classname="terminal-selectors Version compatibility should handle xterm.js 4.x selector format" name="terminal-selectors Version compatibility should handle xterm.js 4.x selector format" time="0">
    </testcase>
    <testcase classname="terminal-selectors Version compatibility should have fallback for potential future xterm versions" name="terminal-selectors Version compatibility should have fallback for potential future xterm versions" time="0">
    </testcase>
    <testcase classname="terminal-selectors Version compatibility should support multiple VS Code container patterns" name="terminal-selectors Version compatibility should support multiple VS Code container patterns" time="0">
    </testcase>
  </testsuite>
  <testsuite name="notification-panel" errors="0" failures="0" skipped="0" timestamp="2025-12-20T07:16:38" time="0.121" tests="10">
    <testcase classname="notification-panel showUploadToast creates toast with info type by default" name="notification-panel showUploadToast creates toast with info type by default" time="0.001">
    </testcase>
    <testcase classname="notification-panel showUploadToast creates toast with success type" name="notification-panel showUploadToast creates toast with success type" time="0">
    </testcase>
    <testcase classname="notification-panel showUploadToast creates toast with error type" name="notification-panel showUploadToast creates toast with error type" time="0">
    </testcase>
    <testcase classname="notification-panel showUploadToast creates toast with warning type" name="notification-panel showUploadToast creates toast with warning type" time="0.001">
    </testcase>
    <testcase classname="notification-panel showUploadToast removes existing toast before creating new one" name="notification-panel showUploadToast removes existing toast before creating new one" time="0">
    </testcase>
    <testcase classname="notification-panel showUploadToast sets up click listener to dismiss toast" name="notification-panel showUploadToast sets up click listener to dismiss toast" time="0">
    </testcase>
    <testcase classname="notification-panel showUploadToast toast displays various error messages correctly" name="notification-panel showUploadToast toast displays various error messages correctly" time="0.001">
    </testcase>
    <testcase classname="notification-panel Toast Auto-dismiss toast auto-dismisses after 3 seconds" name="notification-panel Toast Auto-dismiss toast auto-dismisses after 3 seconds" time="0">
    </testcase>
    <testcase classname="notification-panel updateNotifications handles empty notifications array" name="notification-panel updateNotifications handles empty notifications array" time="0">
    </testcase>
    <testcase classname="notification-panel updateNotifications handles notifications array with items" name="notification-panel updateNotifications handles notifications array with items" time="0.001">
    </testcase>
  </testsuite>
  <testsuite name="clipboard-handler" errors="0" failures="0" skipped="0" timestamp="2025-12-20T07:16:38" time="0.122" tests="11">
    <testcase classname="clipboard-handler Error Handling shows appropriate message for HTTP 530 error" name="clipboard-handler Error Handling shows appropriate message for HTTP 530 error" time="0.001">
    </testcase>
    <testcase classname="clipboard-handler Error Handling shows appropriate message for HTTP 502 error" name="clipboard-handler Error Handling shows appropriate message for HTTP 502 error" time="0">
    </testcase>
    <testcase classname="clipboard-handler Error Handling shows appropriate message for HTTP 503 error" name="clipboard-handler Error Handling shows appropriate message for HTTP 503 error" time="0">
    </testcase>
    <testcase classname="clipboard-handler Error Handling shows appropriate message for HTTP 413 error" name="clipboard-handler Error Handling shows appropriate message for HTTP 413 error" time="0.001">
    </testcase>
    <testcase classname="clipboard-handler Error Handling shows appropriate message for HTTP 429 error" name="clipboard-handler Error Handling shows appropriate message for HTTP 429 error" time="0">
    </testcase>
    <testcase classname="clipboard-handler Error Handling shows appropriate message for network error" name="clipboard-handler Error Handling shows appropriate message for network error" time="0">
    </testcase>
    <testcase classname="clipboard-handler Clipboard Fallback copies path to clipboard when terminal not found" name="clipboard-handler Clipboard Fallback copies path to clipboard when terminal not found" time="0">
    </testcase>
    <testcase classname="clipboard-handler Clipboard Fallback shows error when clipboard copy fails and terminal not found" name="clipboard-handler Clipboard Fallback shows error when clipboard copy fails and terminal not found" time="0">
    </testcase>
    <testcase classname="clipboard-handler Clipboard Fallback copies path to clipboard when terminal insertion fails" name="clipboard-handler Clipboard Fallback copies path to clipboard when terminal insertion fails" time="0.001">
    </testcase>
    <testcase classname="clipboard-handler Clipboard Fallback shows success message when terminal insertion succeeds" name="clipboard-handler Clipboard Fallback shows success message when terminal insertion succeeds" time="0">
    </testcase>
    <testcase classname="clipboard-handler Upload Success shows success toast and inserts path on successful upload" name="clipboard-handler Upload Success shows success toast and inserts path on successful upload" time="0">
    </testcase>
  </testsuite>
  <testsuite name="CORS Configuration Security" errors="0" failures="0" skipped="0" timestamp="2025-12-20T07:16:38" time="0.122" tests="30">
    <testcase classname="CORS Configuration Security Origin Whitelist should have expected production origins" name="CORS Configuration Security Origin Whitelist should have expected production origins" time="0">
    </testcase>
    <testcase classname="CORS Configuration Security Origin Whitelist should have expected development origins" name="CORS Configuration Security Origin Whitelist should have expected development origins" time="0.001">
    </testcase>
    <testcase classname="CORS Configuration Security Origin Whitelist should not be empty" name="CORS Configuration Security Origin Whitelist should not be empty" time="0">
    </testcase>
    <testcase classname="CORS Configuration Security Origin Whitelist should not contain wildcard" name="CORS Configuration Security Origin Whitelist should not contain wildcard" time="0">
    </testcase>
    <testcase classname="CORS Configuration Security isOriginAllowed should allow whitelisted production origin" name="CORS Configuration Security isOriginAllowed should allow whitelisted production origin" time="0">
    </testcase>
    <testcase classname="CORS Configuration Security isOriginAllowed should allow whitelisted API subdomain" name="CORS Configuration Security isOriginAllowed should allow whitelisted API subdomain" time="0">
    </testcase>
    <testcase classname="CORS Configuration Security isOriginAllowed should allow whitelisted development origin" name="CORS Configuration Security isOriginAllowed should allow whitelisted development origin" time="0">
    </testcase>
    <testcase classname="CORS Configuration Security isOriginAllowed should block unknown origin" name="CORS Configuration Security isOriginAllowed should block unknown origin" time="0">
    </testcase>
    <testcase classname="CORS Configuration Security isOriginAllowed should allow chrome extension origin" name="CORS Configuration Security isOriginAllowed should allow chrome extension origin" time="0">
    </testcase>
    <testcase classname="CORS Configuration Security isOriginAllowed should allow firefox extension origin" name="CORS Configuration Security isOriginAllowed should allow firefox extension origin" time="0">
    </testcase>
    <testcase classname="CORS Configuration Security isOriginAllowed should block undefined origin" name="CORS Configuration Security isOriginAllowed should block undefined origin" time="0">
    </testcase>
    <testcase classname="CORS Configuration Security isOriginAllowed should block null origin" name="CORS Configuration Security isOriginAllowed should block null origin" time="0">
    </testcase>
    <testcase classname="CORS Configuration Security isOriginAllowed should block empty string origin" name="CORS Configuration Security isOriginAllowed should block empty string origin" time="0">
    </testcase>
    <testcase classname="CORS Configuration Security corsMiddleware - Allowed Origins should set CORS headers for whitelisted origin" name="CORS Configuration Security corsMiddleware - Allowed Origins should set CORS headers for whitelisted origin" time="0.001">
    </testcase>
    <testcase classname="CORS Configuration Security corsMiddleware - Allowed Origins should set correct methods header" name="CORS Configuration Security corsMiddleware - Allowed Origins should set correct methods header" time="0">
    </testcase>
    <testcase classname="CORS Configuration Security corsMiddleware - Allowed Origins should set correct headers header" name="CORS Configuration Security corsMiddleware - Allowed Origins should set correct headers header" time="0">
    </testcase>
    <testcase classname="CORS Configuration Security corsMiddleware - Blocked Origins should NOT set CORS headers for unknown origin" name="CORS Configuration Security corsMiddleware - Blocked Origins should NOT set CORS headers for unknown origin" time="0">
    </testcase>
    <testcase classname="CORS Configuration Security corsMiddleware - Blocked Origins should NOT set CORS headers for missing origin" name="CORS Configuration Security corsMiddleware - Blocked Origins should NOT set CORS headers for missing origin" time="0">
    </testcase>
    <testcase classname="CORS Configuration Security corsMiddleware - Blocked Origins should NOT set CORS headers for null origin" name="CORS Configuration Security corsMiddleware - Blocked Origins should NOT set CORS headers for null origin" time="0">
    </testcase>
    <testcase classname="CORS Configuration Security corsMiddleware - Preflight Requests should handle OPTIONS preflight with 204 status" name="CORS Configuration Security corsMiddleware - Preflight Requests should handle OPTIONS preflight with 204 status" time="0">
    </testcase>
    <testcase classname="CORS Configuration Security corsMiddleware - Preflight Requests should handle OPTIONS preflight for unknown origin without CORS headers" name="CORS Configuration Security corsMiddleware - Preflight Requests should handle OPTIONS preflight for unknown origin without CORS headers" time="0">
    </testcase>
    <testcase classname="CORS Configuration Security Security: Cache Poisoning Protection should always set Vary: Origin header for whitelisted origins" name="CORS Configuration Security Security: Cache Poisoning Protection should always set Vary: Origin header for whitelisted origins" time="0.001">
    </testcase>
    <testcase classname="CORS Configuration Security Security: Cache Poisoning Protection should NOT set Vary header for unknown origins" name="CORS Configuration Security Security: Cache Poisoning Protection should NOT set Vary header for unknown origins" time="0">
    </testcase>
    <testcase classname="CORS Configuration Security Security: Origin Validation Bypass Attempts should block origin with path traversal attempt" name="CORS Configuration Security Security: Origin Validation Bypass Attempts should block origin with path traversal attempt" time="0">
    </testcase>
    <testcase classname="CORS Configuration Security Security: Origin Validation Bypass Attempts should block origin with encoded characters" name="CORS Configuration Security Security: Origin Validation Bypass Attempts should block origin with encoded characters" time="0">
    </testcase>
    <testcase classname="CORS Configuration Security Security: Origin Validation Bypass Attempts should block origin with subdomain variation" name="CORS Configuration Security Security: Origin Validation Bypass Attempts should block origin with subdomain variation" time="0">
    </testcase>
    <testcase classname="CORS Configuration Security Security: Origin Validation Bypass Attempts should block origin with different protocol" name="CORS Configuration Security Security: Origin Validation Bypass Attempts should block origin with different protocol" time="0">
    </testcase>
    <testcase classname="CORS Configuration Security Security: Origin Validation Bypass Attempts should block origin with port variation" name="CORS Configuration Security Security: Origin Validation Bypass Attempts should block origin with port variation" time="0">
    </testcase>
    <testcase classname="CORS Configuration Security Regression Tests should not accept wildcard origin" name="CORS Configuration Security Regression Tests should not accept wildcard origin" time="0">
    </testcase>
    <testcase classname="CORS Configuration Security Regression Tests should not leak CORS headers via preflight for blocked origins" name="CORS Configuration Security Regression Tests should not leak CORS headers via preflight for blocked origins" time="0">
    </testcase>
  </testsuite>
  <testsuite name="API URL Validation" errors="0" failures="0" skipped="0" timestamp="2025-12-20T07:16:38" time="0.12" tests="24">
    <testcase classname="API URL Validation HTTPS URLs should accept valid HTTPS URLs" name="API URL Validation HTTPS URLs should accept valid HTTPS URLs" time="0">
    </testcase>
    <testcase classname="API URL Validation HTTPS URLs should accept HTTPS URLs with port" name="API URL Validation HTTPS URLs should accept HTTPS URLs with port" time="0">
    </testcase>
    <testcase classname="API URL Validation HTTPS URLs should accept HTTPS URLs with path" name="API URL Validation HTTPS URLs should accept HTTPS URLs with path" time="0">
    </testcase>
    <testcase classname="API URL Validation HTTP localhost URLs should accept http://localhost" name="API URL Validation HTTP localhost URLs should accept http://localhost" time="0">
    </testcase>
    <testcase classname="API URL Validation HTTP localhost URLs should accept http://localhost with port" name="API URL Validation HTTP localhost URLs should accept http://localhost with port" time="0">
    </testcase>
    <testcase classname="API URL Validation HTTP localhost URLs should accept http://127.0.0.1" name="API URL Validation HTTP localhost URLs should accept http://127.0.0.1" time="0">
    </testcase>
    <testcase classname="API URL Validation HTTP localhost URLs should accept http://127.0.0.1 with port" name="API URL Validation HTTP localhost URLs should accept http://127.0.0.1 with port" time="0">
    </testcase>
    <testcase classname="API URL Validation HTTP localhost URLs should accept http://[::1] (IPv6 localhost)" name="API URL Validation HTTP localhost URLs should accept http://[::1] (IPv6 localhost)" time="0.001">
    </testcase>
    <testcase classname="API URL Validation HTTP localhost URLs should accept http://[::1] with port" name="API URL Validation HTTP localhost URLs should accept http://[::1] with port" time="0">
    </testcase>
    <testcase classname="API URL Validation HTTP non-localhost URLs (should reject) should reject HTTP URLs for remote hosts" name="API URL Validation HTTP non-localhost URLs (should reject) should reject HTTP URLs for remote hosts" time="0">
    </testcase>
    <testcase classname="API URL Validation HTTP non-localhost URLs (should reject) should reject HTTP URLs with IP addresses (not localhost)" name="API URL Validation HTTP non-localhost URLs (should reject) should reject HTTP URLs with IP addresses (not localhost)" time="0">
    </testcase>
    <testcase classname="API URL Validation HTTP non-localhost URLs (should reject) should reject HTTP URLs for public IPs" name="API URL Validation HTTP non-localhost URLs (should reject) should reject HTTP URLs for public IPs" time="0">
    </testcase>
    <testcase classname="API URL Validation Invalid URLs should reject null" name="API URL Validation Invalid URLs should reject null" time="0">
    </testcase>
    <testcase classname="API URL Validation Invalid URLs should reject undefined" name="API URL Validation Invalid URLs should reject undefined" time="0">
    </testcase>
    <testcase classname="API URL Validation Invalid URLs should reject empty string" name="API URL Validation Invalid URLs should reject empty string" time="0">
    </testcase>
    <testcase classname="API URL Validation Invalid URLs should reject non-string values" name="API URL Validation Invalid URLs should reject non-string values" time="0">
    </testcase>
    <testcase classname="API URL Validation Invalid URLs should reject malformed URLs" name="API URL Validation Invalid URLs should reject malformed URLs" time="0">
    </testcase>
    <testcase classname="API URL Validation Invalid URLs should reject URLs with unsupported protocols" name="API URL Validation Invalid URLs should reject URLs with unsupported protocols" time="0">
    </testcase>
    <testcase classname="API URL Validation Invalid URLs should reject file:// URLs" name="API URL Validation Invalid URLs should reject file:// URLs" time="0">
    </testcase>
    <testcase classname="API URL Validation Invalid URLs should reject javascript: URLs" name="API URL Validation Invalid URLs should reject javascript: URLs" time="0">
    </testcase>
    <testcase classname="API URL Validation Edge cases should handle URLs with query parameters" name="API URL Validation Edge cases should handle URLs with query parameters" time="0">
    </testcase>
    <testcase classname="API URL Validation Edge cases should handle URLs with fragments" name="API URL Validation Edge cases should handle URLs with fragments" time="0">
    </testcase>
    <testcase classname="API URL Validation Edge cases should handle URLs with authentication" name="API URL Validation Edge cases should handle URLs with authentication" time="0">
    </testcase>
    <testcase classname="API URL Validation Edge cases should be case-insensitive for localhost" name="API URL Validation Edge cases should be case-insensitive for localhost" time="0">
    </testcase>
  </testsuite>
  <testsuite name="Response Helpers" errors="0" failures="0" skipped="0" timestamp="2025-12-20T07:16:38" time="0.121" tests="14">
    <testcase classname="Response Helpers sendSVG should send SVG with default cache control" name="Response Helpers sendSVG should send SVG with default cache control" time="0.001">
    </testcase>
    <testcase classname="Response Helpers sendSVG should send SVG with custom cache control" name="Response Helpers sendSVG should send SVG with custom cache control" time="0">
    </testcase>
    <testcase classname="Response Helpers sendSVG should send SVG Buffer content" name="Response Helpers sendSVG should send SVG Buffer content" time="0">
    </testcase>
    <testcase classname="Response Helpers sendSVG should handle empty options object" name="Response Helpers sendSVG should handle empty options object" time="0">
    </testcase>
    <testcase classname="Response Helpers sendSVG should set all required security headers" name="Response Helpers sendSVG should set all required security headers" time="0">
    </testcase>
    <testcase classname="Response Helpers sendSVG should handle long-lived cache control" name="Response Helpers sendSVG should handle long-lived cache control" time="0">
    </testcase>
    <testcase classname="Response Helpers sendErrorResponse should send error response with default details" name="Response Helpers sendErrorResponse should send error response with default details" time="0.001">
    </testcase>
    <testcase classname="Response Helpers sendErrorResponse should send error response with custom details" name="Response Helpers sendErrorResponse should send error response with custom details" time="0">
    </testcase>
    <testcase classname="Response Helpers sendErrorResponse should include timestamp in ISO format" name="Response Helpers sendErrorResponse should include timestamp in ISO format" time="0">
    </testcase>
    <testcase classname="Response Helpers sendErrorResponse should handle various status codes" name="Response Helpers sendErrorResponse should handle various status codes" time="0.001">
    </testcase>
    <testcase classname="Response Helpers sendError should send standardized error with code" name="Response Helpers sendError should send standardized error with code" time="0">
    </testcase>
    <testcase classname="Response Helpers sendError should handle all error codes" name="Response Helpers sendError should handle all error codes" time="0.001">
    </testcase>
    <testcase classname="Response Helpers ErrorCodes should export all error codes" name="Response Helpers ErrorCodes should export all error codes" time="0">
    </testcase>
    <testcase classname="Response Helpers ErrorCodes should have consistent naming convention" name="Response Helpers ErrorCodes should have consistent naming convention" time="0.001">
    </testcase>
  </testsuite>
  <testsuite name="Config - Favicon Cache Warming" errors="0" failures="0" skipped="0" timestamp="2025-12-20T07:16:38" time="0.119" tests="8">
    <testcase classname="Config - Favicon Cache Warming FAVICON_WARM_ON_STARTUP configuration should have faviconWarmOnStartup property" name="Config - Favicon Cache Warming FAVICON_WARM_ON_STARTUP configuration should have faviconWarmOnStartup property" time="0">
    </testcase>
    <testcase classname="Config - Favicon Cache Warming FAVICON_WARM_ON_STARTUP configuration should be false by default in test environment" name="Config - Favicon Cache Warming FAVICON_WARM_ON_STARTUP configuration should be false by default in test environment" time="0.001">
    </testcase>
    <testcase classname="Config - Favicon Cache Warming FAVICON_WARM_PROJECT_LIMIT configuration should have faviconWarmProjectLimit property" name="Config - Favicon Cache Warming FAVICON_WARM_PROJECT_LIMIT configuration should have faviconWarmProjectLimit property" time="0">
    </testcase>
    <testcase classname="Config - Favicon Cache Warming FAVICON_WARM_PROJECT_LIMIT configuration should default to 10" name="Config - Favicon Cache Warming FAVICON_WARM_PROJECT_LIMIT configuration should default to 10" time="0">
    </testcase>
    <testcase classname="Config - Favicon Cache Warming FAVICON_WARM_PROJECT_LIMIT configuration should be greater than or equal to 1" name="Config - Favicon Cache Warming FAVICON_WARM_PROJECT_LIMIT configuration should be greater than or equal to 1" time="0">
    </testcase>
    <testcase classname="Config - Favicon Cache Warming FAVICON_WARM_TIMEOUT configuration should have faviconWarmTimeout property" name="Config - Favicon Cache Warming FAVICON_WARM_TIMEOUT configuration should have faviconWarmTimeout property" time="0">
    </testcase>
    <testcase classname="Config - Favicon Cache Warming FAVICON_WARM_TIMEOUT configuration should default to 5000ms" name="Config - Favicon Cache Warming FAVICON_WARM_TIMEOUT configuration should default to 5000ms" time="0">
    </testcase>
    <testcase classname="Config - Favicon Cache Warming FAVICON_WARM_TIMEOUT configuration should be greater than or equal to 1000ms" name="Config - Favicon Cache Warming FAVICON_WARM_TIMEOUT configuration should be greater than or equal to 1000ms" time="0">
    </testcase>
  </testsuite>
  <testsuite name="TimeUtils" errors="0" failures="0" skipped="0" timestamp="2025-12-20T07:16:38" time="0.123" tests="9">
    <testcase classname="TimeUtils formatTimeAgo should return &quot;just now&quot; for timestamps less than 60 seconds ago" name="TimeUtils formatTimeAgo should return &quot;just now&quot; for timestamps less than 60 seconds ago" time="0.001">
    </testcase>
    <testcase classname="TimeUtils formatTimeAgo should return minutes for timestamps between 1-59 minutes ago" name="TimeUtils formatTimeAgo should return minutes for timestamps between 1-59 minutes ago" time="0">
    </testcase>
    <testcase classname="TimeUtils formatTimeAgo should return hours for timestamps between 1-23 hours ago" name="TimeUtils formatTimeAgo should return hours for timestamps between 1-23 hours ago" time="0.001">
    </testcase>
    <testcase classname="TimeUtils formatTimeAgo should return days for timestamps 24 hours or more ago" name="TimeUtils formatTimeAgo should return days for timestamps 24 hours or more ago" time="0">
    </testcase>
    <testcase classname="TimeUtils formatTimeAgo should handle edge cases at time boundaries" name="TimeUtils formatTimeAgo should handle edge cases at time boundaries" time="0.001">
    </testcase>
    <testcase classname="TimeUtils formatTimeAgo should handle current timestamp" name="TimeUtils formatTimeAgo should handle current timestamp" time="0">
    </testcase>
    <testcase classname="TimeUtils formatTimeAgo should floor decimal values correctly" name="TimeUtils formatTimeAgo should floor decimal values correctly" time="0">
    </testcase>
    <testcase classname="TimeUtils module exports should export formatTimeAgo function" name="TimeUtils module exports should export formatTimeAgo function" time="0">
    </testcase>
    <testcase classname="TimeUtils module exports should be attached to window object" name="TimeUtils module exports should be attached to window object" time="0">
    </testcase>
  </testsuite>
</testsuites>